> jest
  console.error
    AlertService.createAlert error: VercelPostgresError - 'missing_connection_string': You did not supply a 'connectionString' and no 'POSTGRES_URL' env var was found.
      45 |       return result.rows[0];
      46 |     } catch (error) {
    > 47 |       console.error('AlertService.createAlert error:', error.message);
         |               ^
      48 |       throw error;
      49 |     }
      50 |   }
      at AlertService.error [as createAlert] (lib/services/alert-service.js:47:15)
      at NotificationService.createAlert [as notify] (lib/services/notification-service.js:71:38)
      at notify (lib/services/review-upload.js:476:29)
      at writeReviewFiles (lib/services/review-upload.js:146:9)
      at Object.<anonymous> (tests/unit/review-upload.test.js:450:15)
  console.error
    [review-upload] detection alert failed for aaaaaaaa-aaaa-aaaa-aaaa-aaaaaaaaaaaa: VercelPostgresError - 'missing_connection_string': You did not supply a 'connectionString' and no 'POSTGRES_URL' env var was found.
      152 |         }).catch(err => {
      153 |           // Never let alert failure block the client rejection.
    > 154 |           console.error(`[review-upload] detection alert failed for ${suggestionId}: ${err.message}`);
          |                   ^
      155 |         });
      156 |       }
      157 |       return scanFailure;
      at error (lib/services/review-upload.js:154:19)
      at writeReviewFiles (lib/services/review-upload.js:146:9)
      at Object.<anonymous> (tests/unit/review-upload.test.js:450:15)
  console.error
    AlertService.createAlert error: VercelPostgresError - 'missing_connection_string': You did not supply a 'connectionString' and no 'POSTGRES_URL' env var was found.
      45 |       return result.rows[0];
      46 |     } catch (error) {
    > 47 |       console.error('AlertService.createAlert error:', error.message);
         |               ^
      48 |       throw error;
      49 |     }
      50 |   }
      at AlertService.error [as createAlert] (lib/services/alert-service.js:47:15)
      at NotificationService.createAlert [as notify] (lib/services/notification-service.js:71:38)
      at notify (lib/services/review-upload.js:476:29)
      at writeReviewFiles (lib/services/review-upload.js:146:9)
      at Object.<anonymous> (tests/unit/review-upload.test.js:473:15)
  console.error
    [review-upload] detection alert failed for aaaaaaaa-aaaa-aaaa-aaaa-aaaaaaaaaaaa: VercelPostgresError - 'missing_connection_string': You did not supply a 'connectionString' and no 'POSTGRES_URL' env var was found.
      152 |         }).catch(err => {
      153 |           // Never let alert failure block the client rejection.
    > 154 |           console.error(`[review-upload] detection alert failed for ${suggestionId}: ${err.message}`);
          |                   ^
      155 |         });
      156 |       }
      157 |       return scanFailure;
      at error (lib/services/review-upload.js:154:19)
      at writeReviewFiles (lib/services/review-upload.js:146:9)
      at Object.<anonymous> (tests/unit/review-upload.test.js:473:15)
  console.error
    AlertService.createAlert error: VercelPostgresError - 'missing_connection_string': You did not supply a 'connectionString' and no 'POSTGRES_URL' env var was found.
      45 |       return result.rows[0];
      46 |     } catch (error) {
    > 47 |       console.error('AlertService.createAlert error:', error.message);
         |               ^
      48 |       throw error;
      49 |     }
      50 |   }
      at AlertService.error [as createAlert] (lib/services/alert-service.js:47:15)
      at NotificationService.createAlert [as notify] (lib/services/notification-service.js:71:38)
      at notify (lib/services/review-upload.js:476:29)
      at writeReviewFiles (lib/services/review-upload.js:146:9)
      at Object.<anonymous> (tests/unit/review-upload.test.js:493:15)
  console.error
    [review-upload] detection alert failed for aaaaaaaa-aaaa-aaaa-aaaa-aaaaaaaaaaaa: VercelPostgresError - 'missing_connection_string': You did not supply a 'connectionString' and no 'POSTGRES_URL' env var was found.
      152 |         }).catch(err => {
      153 |           // Never let alert failure block the client rejection.
    > 154 |           console.error(`[review-upload] detection alert failed for ${suggestionId}: ${err.message}`);
          |                   ^
      155 |         });
      156 |       }
      157 |       return scanFailure;
      at error (lib/services/review-upload.js:154:19)
      at writeReviewFiles (lib/services/review-upload.js:146:9)
      at Object.<anonymous> (tests/unit/review-upload.test.js:493:15)
  console.error
    OpenAlex metrics error: 503 Service Unavailable
      1009 |       // (Codex S251 LOW), and so the persistence/UI fallbacks fail closed on it.
      1010 |       if (signal?.aborted) throw err;
    > 1011 |       console.error('OpenAlex metrics error:', err.message);
           |               ^
      1012 |       ce.scholarPersistAllowed = false;
      1013 |       ce.tierResults.openalex_author = { skipped: 'openalex_error', error: err.message };
      1014 |     }
      at ContactEnrichmentService.error [as _attachOpenAlexMetrics] (lib/services/contact-enrichment-service.js:1011:15)
      at ContactEnrichmentService._finalize (lib/services/contact-enrichment-service.js:1243:5)
  console.log
    Checking for legacy settings to migrate for profile 1...
      at log (shared/context/ProfileContext.js:138:13)
  console.error
    Failed to commit migration to profile: Error: Failed to persist migrated preferences
        at /Users/gallivan/Code/WMKF_Apps/shared/context/ProfileContext.js:198:33
        at /Users/gallivan/Code/WMKF_Apps/shared/context/ProfileContext.js:270:15
        at init (/Users/gallivan/Code/WMKF_Apps/shared/context/ProfileContext.js:464:9)
      203 |         return { ...migratedPrefs, ...settingsToSave };
      204 |       } catch (err) {
    > 205 |         console.error('Failed to commit migration to profile:', err);
          |                 ^
      206 |         return currentPrefs;
      207 |       }
      208 |     }
      at error (shared/context/ProfileContext.js:205:17)
      at shared/context/ProfileContext.js:270:15
      at init (shared/context/ProfileContext.js:464:9)
  console.error
    Encryption error: Error: Crypto error
        at Object.<anonymous> (/Users/gallivan/Code/WMKF_Apps/tests/unit/utils/apiKeyManager.test.js:66:15)
        at /Users/gallivan/Code/WMKF_Apps/node_modules/jest-mock/build/index.js:305:39
        at Object.<anonymous> (/Users/gallivan/Code/WMKF_Apps/node_modules/jest-mock/build/index.js:312:13)
        at Object.mockConstructor [as scryptSync] (/Users/gallivan/Code/WMKF_Apps/node_modules/jest-mock/build/index.js:102:19)
        at ApiKeyManager.scryptSync [as encryptForClient] (/Users/gallivan/Code/WMKF_Apps/shared/utils/apiKeyManager.js:32:26)
        at encryptForClient (/Users/gallivan/Code/WMKF_Apps/tests/unit/utils/apiKeyManager.test.js:70:42)
        at Object.<anonymous> (/Users/gallivan/Code/WMKF_Apps/node_modules/expect/build/index.js:1824:9)
        at Object.throwingMatcher [as toThrow] (/Users/gallivan/Code/WMKF_Apps/node_modules/expect/build/index.js:2235:93)
        at Object.toThrow (/Users/gallivan/Code/WMKF_Apps/tests/unit/utils/apiKeyManager.test.js:70:68)
        at Promise.finally.completed (/Users/gallivan/Code/WMKF_Apps/node_modules/jest-circus/build/jestAdapterInit.js:1561:28)
        at new Promise (<anonymous>)
        at callAsyncCircusFn (/Users/gallivan/Code/WMKF_Apps/node_modules/jest-circus/build/jestAdapterInit.js:1501:10)
        at _callCircusTest (/Users/gallivan/Code/WMKF_Apps/node_modules/jest-circus/build/jestAdapterInit.js:1011:40)
        at processTicksAndRejections (node:internal/process/task_queues:104:5)
        at _runTest (/Users/gallivan/Code/WMKF_Apps/node_modules/jest-circus/build/jestAdapterInit.js:951:3)
        at /Users/gallivan/Code/WMKF_Apps/node_modules/jest-circus/build/jestAdapterInit.js:853:7
        at _runTestsForDescribeBlock (/Users/gallivan/Code/WMKF_Apps/node_modules/jest-circus/build/jestAdapterInit.js:866:11)
        at _runTestsForDescribeBlock (/Users/gallivan/Code/WMKF_Apps/node_modules/jest-circus/build/jestAdapterInit.js:861:11)
        at _runTestsForDescribeBlock (/Users/gallivan/Code/WMKF_Apps/node_modules/jest-circus/build/jestAdapterInit.js:861:11)
        at run (/Users/gallivan/Code/WMKF_Apps/node_modules/jest-circus/build/jestAdapterInit.js:765:3)
        at runAndTransformResultsToJestFormat (/Users/gallivan/Code/WMKF_Apps/node_modules/jest-circus/build/jestAdapterInit.js:1993:21)
        at jestAdapter (/Users/gallivan/Code/WMKF_Apps/node_modules/jest-circus/build/runner.js:111:19)
        at runTestInternal (/Users/gallivan/Code/WMKF_Apps/node_modules/jest-runner/build/testWorker.js:276:16)
        at runTest (/Users/gallivan/Code/WMKF_Apps/node_modules/jest-runner/build/testWorker.js:344:7)
        at Object.worker (/Users/gallivan/Code/WMKF_Apps/node_modules/jest-runner/build/testWorker.js:498:12)
      46 |       };
      47 |     } catch (error) {
    > 48 |       console.error('Encryption error:', error);
         |               ^
      49 |       throw new Error('Failed to encrypt API key');
      50 |     }
      51 |   }
      at ApiKeyManager.error [as encryptForClient] (shared/utils/apiKeyManager.js:48:15)
      at encryptForClient (tests/unit/utils/apiKeyManager.test.js:70:42)
      at Object.<anonymous> (node_modules/expect/build/index.js:1824:9)
      at Object.throwingMatcher [as toThrow] (node_modules/expect/build/index.js:2235:93)
      at Object.toThrow (tests/unit/utils/apiKeyManager.test.js:70:68)
  console.log
    Checking for legacy settings to migrate for profile 1...
      at log (shared/context/ProfileContext.js:138:13)
  console.log
    Successfully migrated and purged legacy settings for profile 1
      at log (shared/context/ProfileContext.js:202:17)
  console.error
    Decryption error: Error: Invalid auth tag length: expected 16 bytes, got 0
        at ApiKeyManager.decryptFromClient (/Users/gallivan/Code/WMKF_Apps/shared/utils/apiKeyManager.js:67:15)
        at decryptFromClient (/Users/gallivan/Code/WMKF_Apps/tests/unit/utils/apiKeyManager.test.js:93:34)
        at Object.<anonymous> (/Users/gallivan/Code/WMKF_Apps/node_modules/expect/build/index.js:1824:9)
        at Object.throwingMatcher [as toThrow] (/Users/gallivan/Code/WMKF_Apps/node_modules/expect/build/index.js:2235:93)
        at Object.toThrow (/Users/gallivan/Code/WMKF_Apps/tests/unit/utils/apiKeyManager.test.js:93:71)
        at Promise.finally.completed (/Users/gallivan/Code/WMKF_Apps/node_modules/jest-circus/build/jestAdapterInit.js:1561:28)
        at new Promise (<anonymous>)
        at callAsyncCircusFn (/Users/gallivan/Code/WMKF_Apps/node_modules/jest-circus/build/jestAdapterInit.js:1501:10)
        at _callCircusTest (/Users/gallivan/Code/WMKF_Apps/node_modules/jest-circus/build/jestAdapterInit.js:1011:40)
        at processTicksAndRejections (node:internal/process/task_queues:104:5)
        at _runTest (/Users/gallivan/Code/WMKF_Apps/node_modules/jest-circus/build/jestAdapterInit.js:951:3)
        at /Users/gallivan/Code/WMKF_Apps/node_modules/jest-circus/build/jestAdapterInit.js:853:7
        at _runTestsForDescribeBlock (/Users/gallivan/Code/WMKF_Apps/node_modules/jest-circus/build/jestAdapterInit.js:866:11)
        at _runTestsForDescribeBlock (/Users/gallivan/Code/WMKF_Apps/node_modules/jest-circus/build/jestAdapterInit.js:861:11)
        at _runTestsForDescribeBlock (/Users/gallivan/Code/WMKF_Apps/node_modules/jest-circus/build/jestAdapterInit.js:861:11)
        at run (/Users/gallivan/Code/WMKF_Apps/node_modules/jest-circus/build/jestAdapterInit.js:765:3)
        at runAndTransformResultsToJestFormat (/Users/gallivan/Code/WMKF_Apps/node_modules/jest-circus/build/jestAdapterInit.js:1993:21)
        at jestAdapter (/Users/gallivan/Code/WMKF_Apps/node_modules/jest-circus/build/runner.js:111:19)
        at runTestInternal (/Users/gallivan/Code/WMKF_Apps/node_modules/jest-runner/build/testWorker.js:276:16)
        at runTest (/Users/gallivan/Code/WMKF_Apps/node_modules/jest-runner/build/testWorker.js:344:7)
        at Object.worker (/Users/gallivan/Code/WMKF_Apps/node_modules/jest-runner/build/testWorker.js:498:12)
      83 |       return decrypted;
      84 |     } catch (error) {
    > 85 |       console.error('Decryption error:', error);
         |               ^
      86 |       throw new Error('Failed to decrypt API key');
      87 |     }
      88 |   }
      at ApiKeyManager.error [as decryptFromClient] (shared/utils/apiKeyManager.js:85:15)
      at decryptFromClient (tests/unit/utils/apiKeyManager.test.js:93:34)
      at Object.<anonymous> (node_modules/expect/build/index.js:1824:9)
      at Object.throwingMatcher [as toThrow] (node_modules/expect/build/index.js:2235:93)
      at Object.toThrow (tests/unit/utils/apiKeyManager.test.js:93:71)
  console.error
    Failed to save preference: Error: Failed to save preference
        at /Users/gallivan/Code/WMKF_Apps/shared/context/ProfileContext.js:385:31
      386 |       return true;
      387 |     } catch (err) {
    > 388 |       console.error('Failed to save preference:', err);
          |               ^
      389 |       // Roll back ONLY this key (don't restore a whole snapshot — that would clobber
      390 |       // a concurrent save of a different key). Restore the prior value, or remove the
      391 |       // key entirely if it was absent before this save.
      at error (shared/context/ProfileContext.js:388:15)
  console.error
    Failed to save preference: Error: Failed to save preference
        at /Users/gallivan/Code/WMKF_Apps/shared/context/ProfileContext.js:385:31
      386 |       return true;
      387 |     } catch (err) {
    > 388 |       console.error('Failed to save preference:', err);
          |               ^
      389 |       // Roll back ONLY this key (don't restore a whole snapshot — that would clobber
      390 |       // a concurrent save of a different key). Restore the prior value, or remove the
      391 |       // key entirely if it was absent before this save.
      at error (shared/context/ProfileContext.js:388:15)
  console.error
    Decryption error: Error: Invalid auth tag length: expected 16 bytes, got 12
        at ApiKeyManager.decryptFromClient (/Users/gallivan/Code/WMKF_Apps/shared/utils/apiKeyManager.js:67:15)
        at decryptFromClient (/Users/gallivan/Code/WMKF_Apps/tests/unit/utils/apiKeyManager.test.js:103:34)
        at Object.<anonymous> (/Users/gallivan/Code/WMKF_Apps/node_modules/expect/build/index.js:1824:9)
        at Object.throwingMatcher [as toThrow] (/Users/gallivan/Code/WMKF_Apps/node_modules/expect/build/index.js:2235:93)
        at Object.toThrow (/Users/gallivan/Code/WMKF_Apps/tests/unit/utils/apiKeyManager.test.js:103:64)
        at Promise.finally.completed (/Users/gallivan/Code/WMKF_Apps/node_modules/jest-circus/build/jestAdapterInit.js:1561:28)
        at new Promise (<anonymous>)
        at callAsyncCircusFn (/Users/gallivan/Code/WMKF_Apps/node_modules/jest-circus/build/jestAdapterInit.js:1501:10)
        at _callCircusTest (/Users/gallivan/Code/WMKF_Apps/node_modules/jest-circus/build/jestAdapterInit.js:1011:40)
        at processTicksAndRejections (node:internal/process/task_queues:104:5)
        at _runTest (/Users/gallivan/Code/WMKF_Apps/node_modules/jest-circus/build/jestAdapterInit.js:951:3)
        at /Users/gallivan/Code/WMKF_Apps/node_modules/jest-circus/build/jestAdapterInit.js:853:7
        at _runTestsForDescribeBlock (/Users/gallivan/Code/WMKF_Apps/node_modules/jest-circus/build/jestAdapterInit.js:866:11)
        at _runTestsForDescribeBlock (/Users/gallivan/Code/WMKF_Apps/node_modules/jest-circus/build/jestAdapterInit.js:861:11)
        at _runTestsForDescribeBlock (/Users/gallivan/Code/WMKF_Apps/node_modules/jest-circus/build/jestAdapterInit.js:861:11)
        at run (/Users/gallivan/Code/WMKF_Apps/node_modules/jest-circus/build/jestAdapterInit.js:765:3)
        at runAndTransformResultsToJestFormat (/Users/gallivan/Code/WMKF_Apps/node_modules/jest-circus/build/jestAdapterInit.js:1993:21)
        at jestAdapter (/Users/gallivan/Code/WMKF_Apps/node_modules/jest-circus/build/runner.js:111:19)
        at runTestInternal (/Users/gallivan/Code/WMKF_Apps/node_modules/jest-runner/build/testWorker.js:276:16)
        at runTest (/Users/gallivan/Code/WMKF_Apps/node_modules/jest-runner/build/testWorker.js:344:7)
        at Object.worker (/Users/gallivan/Code/WMKF_Apps/node_modules/jest-runner/build/testWorker.js:498:12)
      83 |       return decrypted;
      84 |     } catch (error) {
    > 85 |       console.error('Decryption error:', error);
         |               ^
      86 |       throw new Error('Failed to decrypt API key');
      87 |     }
      88 |   }
      at ApiKeyManager.error [as decryptFromClient] (shared/utils/apiKeyManager.js:85:15)
      at decryptFromClient (tests/unit/utils/apiKeyManager.test.js:103:34)
      at Object.<anonymous> (node_modules/expect/build/index.js:1824:9)
      at Object.throwingMatcher [as toThrow] (node_modules/expect/build/index.js:2235:93)
      at Object.toThrow (tests/unit/utils/apiKeyManager.test.js:103:64)
  console.error
    Decryption error: Error: Invalid auth tag length: expected 16 bytes, got 17
        at ApiKeyManager.decryptFromClient (/Users/gallivan/Code/WMKF_Apps/shared/utils/apiKeyManager.js:67:15)
        at decryptFromClient (/Users/gallivan/Code/WMKF_Apps/tests/unit/utils/apiKeyManager.test.js:111:34)
        at Object.<anonymous> (/Users/gallivan/Code/WMKF_Apps/node_modules/expect/build/index.js:1824:9)
        at Object.throwingMatcher [as toThrow] (/Users/gallivan/Code/WMKF_Apps/node_modules/expect/build/index.js:2235:93)
        at Object.toThrow (/Users/gallivan/Code/WMKF_Apps/tests/unit/utils/apiKeyManager.test.js:111:64)
        at Promise.finally.completed (/Users/gallivan/Code/WMKF_Apps/node_modules/jest-circus/build/jestAdapterInit.js:1561:28)
        at new Promise (<anonymous>)
        at callAsyncCircusFn (/Users/gallivan/Code/WMKF_Apps/node_modules/jest-circus/build/jestAdapterInit.js:1501:10)
        at _callCircusTest (/Users/gallivan/Code/WMKF_Apps/node_modules/jest-circus/build/jestAdapterInit.js:1011:40)
        at processTicksAndRejections (node:internal/process/task_queues:104:5)
        at _runTest (/Users/gallivan/Code/WMKF_Apps/node_modules/jest-circus/build/jestAdapterInit.js:951:3)
        at /Users/gallivan/Code/WMKF_Apps/node_modules/jest-circus/build/jestAdapterInit.js:853:7
        at _runTestsForDescribeBlock (/Users/gallivan/Code/WMKF_Apps/node_modules/jest-circus/build/jestAdapterInit.js:866:11)
        at _runTestsForDescribeBlock (/Users/gallivan/Code/WMKF_Apps/node_modules/jest-circus/build/jestAdapterInit.js:861:11)
        at _runTestsForDescribeBlock (/Users/gallivan/Code/WMKF_Apps/node_modules/jest-circus/build/jestAdapterInit.js:861:11)
        at run (/Users/gallivan/Code/WMKF_Apps/node_modules/jest-circus/build/jestAdapterInit.js:765:3)
        at runAndTransformResultsToJestFormat (/Users/gallivan/Code/WMKF_Apps/node_modules/jest-circus/build/jestAdapterInit.js:1993:21)
        at jestAdapter (/Users/gallivan/Code/WMKF_Apps/node_modules/jest-circus/build/runner.js:111:19)
        at runTestInternal (/Users/gallivan/Code/WMKF_Apps/node_modules/jest-runner/build/testWorker.js:276:16)
        at runTest (/Users/gallivan/Code/WMKF_Apps/node_modules/jest-runner/build/testWorker.js:344:7)
        at Object.worker (/Users/gallivan/Code/WMKF_Apps/node_modules/jest-runner/build/testWorker.js:498:12)
      83 |       return decrypted;
      84 |     } catch (error) {
    > 85 |       console.error('Decryption error:', error);
         |               ^
      86 |       throw new Error('Failed to decrypt API key');
      87 |     }
      88 |   }
      at ApiKeyManager.error [as decryptFromClient] (shared/utils/apiKeyManager.js:85:15)
      at decryptFromClient (tests/unit/utils/apiKeyManager.test.js:111:34)
      at Object.<anonymous> (node_modules/expect/build/index.js:1824:9)
      at Object.throwingMatcher [as toThrow] (node_modules/expect/build/index.js:2235:93)
      at Object.toThrow (tests/unit/utils/apiKeyManager.test.js:111:64)
  console.warn
    No server-side API key configured
      73 |       return
      74 |     }
    > 75 |     originalWarn.call(console, ...args)
         |                  ^
      76 |   }
      77 | })
      78 |
      at console.call (jest.setup.js:75:18)
      at ApiKeyManager.warn [as getServerApiKey] (shared/utils/apiKeyManager.js:173:15)
      at Object.getServerApiKey (tests/unit/utils/apiKeyManager.test.js:270:39)
  console.error
    Invalid server-side API key format
      176 |
      177 |     if (!this.validateApiKeyFormat(apiKey)) {
    > 178 |       console.error('Invalid server-side API key format');
          |               ^
      179 |       return null;
      180 |     }
      181 |
      at ApiKeyManager.error [as getServerApiKey] (shared/utils/apiKeyManager.js:178:15)
      at Object.getServerApiKey (tests/unit/utils/apiKeyManager.test.js:278:39)
  console.warn
    No server-side API key configured
      73 |       return
      74 |     }
    > 75 |     originalWarn.call(console, ...args)
         |                  ^
      76 |   }
      77 | })
      78 |
      at console.call (jest.setup.js:75:18)
      at ApiKeyManager.warn [as getServerApiKey] (shared/utils/apiKeyManager.js:173:15)
      at ApiKeyManager.getServerApiKey [as selectApiKey] (shared/utils/apiKeyManager.js:192:28)
      at Object.selectApiKey (tests/unit/utils/apiKeyManager.test.js:298:38)
  console.warn
    No server-side API key configured
      73 |       return
      74 |     }
    > 75 |     originalWarn.call(console, ...args)
         |                  ^
      76 |   }
      77 | })
      78 |
      at console.call (jest.setup.js:75:18)
      at ApiKeyManager.warn [as getServerApiKey] (shared/utils/apiKeyManager.js:173:15)
      at ApiKeyManager.getServerApiKey [as selectApiKey] (shared/utils/apiKeyManager.js:192:28)
      at selectApiKey (tests/unit/utils/apiKeyManager.test.js:306:34)
      at Object.<anonymous> (node_modules/expect/build/index.js:1824:9)
      at Object.throwingMatcher [as toThrow] (node_modules/expect/build/index.js:2235:93)
      at Object.toThrow (tests/unit/utils/apiKeyManager.test.js:306:52)
  console.warn
    No server-side API key configured
      73 |       return
      74 |     }
    > 75 |     originalWarn.call(console, ...args)
         |                  ^
      76 |   }
      77 | })
      78 |
      at console.call (jest.setup.js:75:18)
      at ApiKeyManager.warn [as getServerApiKey] (shared/utils/apiKeyManager.js:173:15)
      at ApiKeyManager.getServerApiKey [as selectApiKey] (shared/utils/apiKeyManager.js:192:28)
      at selectApiKey (tests/unit/utils/apiKeyManager.test.js:307:34)
      at Object.<anonymous> (node_modules/expect/build/index.js:1824:9)
      at Object.throwingMatcher [as toThrow] (node_modules/expect/build/index.js:2235:93)
      at Object.toThrow (tests/unit/utils/apiKeyManager.test.js:307:59)
  console.warn
    No server-side API key configured
      73 |       return
      74 |     }
    > 75 |     originalWarn.call(console, ...args)
         |                  ^
      76 |   }
      77 | })
      78 |
      at console.call (jest.setup.js:75:18)
      at ApiKeyManager.warn [as getServerApiKey] (shared/utils/apiKeyManager.js:173:15)
      at ApiKeyManager.getServerApiKey [as selectApiKey] (shared/utils/apiKeyManager.js:192:28)
      at selectApiKey (tests/unit/utils/apiKeyManager.test.js:308:34)
      at Object.<anonymous> (node_modules/expect/build/index.js:1824:9)
      at Object.throwingMatcher [as toThrow] (node_modules/expect/build/index.js:2235:93)
      at Object.toThrow (tests/unit/utils/apiKeyManager.test.js:308:54)
  console.error
    Invalid server-side API key format
      176 |
      177 |     if (!this.validateApiKeyFormat(apiKey)) {
    > 178 |       console.error('Invalid server-side API key format');
          |               ^
      179 |       return null;
      180 |     }
      181 |
      at ApiKeyManager.error [as getServerApiKey] (shared/utils/apiKeyManager.js:178:15)
      at ApiKeyManager.getServerApiKey [as selectApiKey] (shared/utils/apiKeyManager.js:192:28)
      at Object.selectApiKey (tests/unit/utils/apiKeyManager.test.js:315:38)
  console.error
    Review Manager GET error: TypeError: _dynamicsservice.DynamicsService.queryRecords is not a function
        at Object.queryRecords (/Users/gallivan/Code/WMKF_Apps/lib/dataverse/adapters/system-user.js:67:26)
        at queryUsers (/Users/gallivan/Code/WMKF_Apps/lib/services/program-director-resolver.js:46:47)
        at getReviewers (/Users/gallivan/Code/WMKF_Apps/lib/services/review-manager/reviewers-service.js:174:31)
        at handleGet (/Users/gallivan/Code/WMKF_Apps/pages/api/review-manager/reviewers.js:63:38)
        at handleGet (/Users/gallivan/Code/WMKF_Apps/pages/api/review-manager/reviewers.js:47:38)
        at AsyncLocalStorage.run (node:internal/async_local_storage/async_context_frame:66:14)
        at run (/Users/gallivan/Code/WMKF_Apps/lib/services/dynamics-context.js:55:22)
        at withDynamicsContext (/Users/gallivan/Code/WMKF_Apps/lib/services/dynamics-context.js:75:10)
        at withDalContext (/Users/gallivan/Code/WMKF_Apps/lib/dataverse/core/context.js:53:36)
        at handler (/Users/gallivan/Code/WMKF_Apps/pages/api/review-manager/reviewers.js:46:24)
        at processTicksAndRejections (node:internal/process/task_queues:104:5)
        at Object.<anonymous> (/Users/gallivan/Code/WMKF_Apps/tests/integration/auth-routes.test.js:223:5)
      73 |       return res.status(error.httpStatus).json(error.body ?? { error: error.message });
      74 |     }
    > 75 |     console.error('Review Manager GET error:', error);
         |             ^
      76 |     return res.status(500).json({
      77 |       error: 'Failed to fetch reviewers',
      78 |       details: process.env.NODE_ENV === 'development' ? error.message : undefined,
      at error (pages/api/review-manager/reviewers.js:75:13)
      at Object.<anonymous> (tests/integration/auth-routes.test.js:223:5)
  console.error
    Error saving candidate Failing Candidate: Dataverse write failed
      486 |         savedNames.push(candidate.name);
      487 |       } catch (candidateError) {
    > 488 |         console.error(`Error saving candidate ${rawCandidate?.name}:`, candidateError.message);
          |                 ^
      489 |         errors.push({ name: rawCandidate?.name, error: candidateError.message });
      490 |       }
      491 |     }
      at error (pages/api/reviewer-finder/save-candidates.js:488:17)
      at Object.<anonymous> (tests/unit/reviewer-route-identity-gate.test.js:452:5)
  console.error
    Error saving candidate Range Bug: Dataverse range validation failed
      486 |         savedNames.push(candidate.name);
      487 |       } catch (candidateError) {
    > 488 |         console.error(`Error saving candidate ${rawCandidate?.name}:`, candidateError.message);
          |                 ^
      489 |         errors.push({ name: rawCandidate?.name, error: candidateError.message });
      490 |       }
      491 |     }
      at error (pages/api/reviewer-finder/save-candidates.js:488:17)
      at Object.<anonymous> (tests/unit/reviewer-route-identity-gate.test.js:717:5)
  console.error
    Error saving candidate Failing Candidate: Dataverse write failed
      486 |         savedNames.push(candidate.name);
      487 |       } catch (candidateError) {
    > 488 |         console.error(`Error saving candidate ${rawCandidate?.name}:`, candidateError.message);
          |                 ^
      489 |         errors.push({ name: rawCandidate?.name, error: candidateError.message });
      490 |       }
      491 |     }
      at error (pages/api/reviewer-finder/save-candidates.js:488:17)
      at Object.<anonymous> (tests/unit/reviewer-route-identity-gate.test.js:747:5)
  console.error
    Dynamics Explorer chat error: TypeError: Cannot read properties of undefined (reading 'getReader')
        at getReader (/Users/gallivan/Code/WMKF_Apps/lib/services/llm-client.js:459:32)
        at LLMClient.parseClaudeStream [as stream] (/Users/gallivan/Code/WMKF_Apps/lib/services/llm-client.js:192:28)
        at processTicksAndRejections (node:internal/process/task_queues:104:5)
        at callClaude (/Users/gallivan/Code/WMKF_Apps/pages/api/dynamics-explorer/chat.js:436:13)
        at /Users/gallivan/Code/WMKF_Apps/pages/api/dynamics-explorer/chat.js:148:30
        at handler (/Users/gallivan/Code/WMKF_Apps/pages/api/dynamics-explorer/chat.js:124:12)
        at Object.<anonymous> (/Users/gallivan/Code/WMKF_Apps/tests/integration/auth-routes.test.js:223:5)
      280 |     });
      281 |   } catch (error) {
    > 282 |     console.error('Dynamics Explorer chat error:', error);
          |             ^
      283 |     sendEvent('error', {
      284 |       message: BASE_CONFIG.ERROR_MESSAGES.QUERY_FAILED,
      285 |       details: process.env.NODE_ENV === 'development' ? error.message : undefined,
      at error (pages/api/dynamics-explorer/chat.js:282:13)
      at Object.<anonymous> (tests/integration/auth-routes.test.js:223:5)
  console.error
    my-proposals error: TypeError: _dynamicsservice.DynamicsService.queryRecords is not a function
        at Object.queryRecords (/Users/gallivan/Code/WMKF_Apps/lib/dataverse/adapters/system-user.js:67:26)
        at queryUsers (/Users/gallivan/Code/WMKF_Apps/lib/services/program-director-resolver.js:46:47)
        at /Users/gallivan/Code/WMKF_Apps/pages/api/reviewer-finder/my-proposals.js:51:36
        at AsyncLocalStorage.run (node:internal/async_local_storage/async_context_frame:66:14)
        at run (/Users/gallivan/Code/WMKF_Apps/lib/services/dynamics-context.js:55:22)
        at withDynamicsContext (/Users/gallivan/Code/WMKF_Apps/lib/services/dynamics-context.js:75:10)
        at withDalContext (/Users/gallivan/Code/WMKF_Apps/lib/dataverse/core/context.js:53:36)
        at handler (/Users/gallivan/Code/WMKF_Apps/pages/api/reviewer-finder/my-proposals.js:49:24)
        at processTicksAndRejections (node:internal/process/task_queues:104:5)
        at Object.<anonymous> (/Users/gallivan/Code/WMKF_Apps/tests/integration/auth-routes.test.js:256:5)
      64 |     return await listProposalsInCycle(res, pd, String(cycleCode), status);
      65 |   } catch (err) {
    > 66 |     console.error('my-proposals error:', err);
         |             ^
      67 |     return res.status(500).json({
      68 |       error: 'Failed to load proposals',
      69 |       details: process.env.NODE_ENV === 'development' ? err.message : undefined,
      at error (pages/api/reviewer-finder/my-proposals.js:66:13)
      at Object.<anonymous> (tests/integration/auth-routes.test.js:256:5)
  console.error
    Review Manager GET error: TypeError: _dynamicsservice.DynamicsService.queryRecords is not a function
        at Object.queryRecords (/Users/gallivan/Code/WMKF_Apps/lib/dataverse/adapters/system-user.js:67:26)
        at queryUsers (/Users/gallivan/Code/WMKF_Apps/lib/services/program-director-resolver.js:46:47)
        at getReviewers (/Users/gallivan/Code/WMKF_Apps/lib/services/review-manager/reviewers-service.js:174:31)
        at handleGet (/Users/gallivan/Code/WMKF_Apps/pages/api/review-manager/reviewers.js:63:38)
        at handleGet (/Users/gallivan/Code/WMKF_Apps/pages/api/review-manager/reviewers.js:47:38)
        at AsyncLocalStorage.run (node:internal/async_local_storage/async_context_frame:66:14)
        at run (/Users/gallivan/Code/WMKF_Apps/lib/services/dynamics-context.js:55:22)
        at withDynamicsContext (/Users/gallivan/Code/WMKF_Apps/lib/services/dynamics-context.js:75:10)
        at withDalContext (/Users/gallivan/Code/WMKF_Apps/lib/dataverse/core/context.js:53:36)
        at handler (/Users/gallivan/Code/WMKF_Apps/pages/api/review-manager/reviewers.js:46:24)
        at processTicksAndRejections (node:internal/process/task_queues:104:5)
        at Object.<anonymous> (/Users/gallivan/Code/WMKF_Apps/tests/integration/auth-routes.test.js:256:5)
      73 |       return res.status(error.httpStatus).json(error.body ?? { error: error.message });
      74 |     }
    > 75 |     console.error('Review Manager GET error:', error);
         |             ^
      76 |     return res.status(500).json({
      77 |       error: 'Failed to fetch reviewers',
      78 |       details: process.env.NODE_ENV === 'development' ? error.message : undefined,
      at error (pages/api/review-manager/reviewers.js:75:13)
      at Object.<anonymous> (tests/integration/auth-routes.test.js:256:5)
  console.error
    [intake/submit] draft lookup failed: Error: stop here
        at Object.<anonymous> (/Users/gallivan/Code/WMKF_Apps/tests/unit/intake-routes-dynamics-context.test.js:120:51)
        at processTicksAndRejections (node:internal/process/task_queues:104:5)
      206 |     });
      207 |   } catch (err) {
    > 208 |     console.error('[intake/submit] draft lookup failed:', err);
          |             ^
      209 |     return jsonError(res, 500, 'Draft lookup failed');
      210 |   }
      211 |   if (!draft) {
      at error (pages/api/intake/submit.js:208:13)
      at Object.<anonymous> (tests/unit/intake-routes-dynamics-context.test.js:126:5)
  console.error
    [dataverse-settings] getSetting error: DYNAMICS_SANDBOX_URL / DYNAMICS_URL not set
      45 |     return row ? row.wmkf_settingvalue : null;
      46 |   } catch (error) {
    > 47 |     console.error('[dataverse-settings] getSetting error:', error.message);
         |             ^
      48 |     return null;
      49 |   }
      50 | }
      at Object.error [as getSetting] (lib/services/dataverse-settings-service.js:47:13)
  console.error
    [dataverse-settings] getSetting error: DYNAMICS_SANDBOX_URL / DYNAMICS_URL not set
      45 |     return row ? row.wmkf_settingvalue : null;
      46 |   } catch (error) {
    > 47 |     console.error('[dataverse-settings] getSetting error:', error.message);
         |             ^
      48 |     return null;
      49 |   }
      50 | }
      at Object.error [as getSetting] (lib/services/dataverse-settings-service.js:47:13)
  console.error
    [dataverse-settings] getSetting error: DYNAMICS_SANDBOX_URL / DYNAMICS_URL not set
      45 |     return row ? row.wmkf_settingvalue : null;
      46 |   } catch (error) {
    > 47 |     console.error('[dataverse-settings] getSetting error:', error.message);
         |             ^
      48 |     return null;
      49 |   }
      50 | }
      at Object.error [as getSetting] (lib/services/dataverse-settings-service.js:47:13)
  console.error
    [dataverse-settings] getSetting error: DYNAMICS_SANDBOX_URL / DYNAMICS_URL not set
      45 |     return row ? row.wmkf_settingvalue : null;
      46 |   } catch (error) {
    > 47 |     console.error('[dataverse-settings] getSetting error:', error.message);
         |             ^
      48 |     return null;
      49 |   }
      50 | }
      at Object.error [as getSetting] (lib/services/dataverse-settings-service.js:47:13)
  console.error
    Claude web search error: network blip
      771 |         // instead of returning normal results after the budget expired.
      772 |         if (signal?.aborted) throw error;
    > 773 |         console.error('Claude web search error:', error.message);
          |                 ^
      774 |         onProgress({ tier: 3, status: 'error', message: `Search error: ${error.message}` });
      775 |         result.contactEnrichment.tierResults.claude_search = { error: error.message };
      776 |       }
      at ContactEnrichmentService.error [as enrichCandidate] (lib/services/contact-enrichment-service.js:773:17)
      at Object.<anonymous> (tests/unit/contact-enrichment-abort.test.js:197:17)
  console.error
    [intake rate-limit] checkIntakeRateLimit error: VercelPostgresError - 'missing_connection_string': You did not supply a 'connectionString' and no 'POSTGRES_URL' env var was found.
      83 | async function noteLimiterDbFailure(context, err) {
      84 |   consecutiveDbFailures += 1;
    > 85 |   console.error(`[intake rate-limit] ${context} error:`, err.message);
         |           ^
      86 |   if (consecutiveDbFailures < DB_FAILURE_ALERT_THRESHOLD) return;
      87 |
      88 |   const failureCount = consecutiveDbFailures;
      at error (lib/intake/rate-limit.js:85:11)
      at noteLimiterDbFailure (lib/intake/rate-limit.js:252:11)
      at handler (pages/api/intake/draft/attach.js:96:40)
      at Object.<anonymous> (tests/unit/intake-attach-endpoint.test.js:226:5)
  console.error
    [intake rate-limit] checkIntakeRateLimit error: VercelPostgresError - 'missing_connection_string': You did not supply a 'connectionString' and no 'POSTGRES_URL' env var was found.
      83 | async function noteLimiterDbFailure(context, err) {
      84 |   consecutiveDbFailures += 1;
    > 85 |   console.error(`[intake rate-limit] ${context} error:`, err.message);
         |           ^
      86 |   if (consecutiveDbFailures < DB_FAILURE_ALERT_THRESHOLD) return;
      87 |
      88 |   const failureCount = consecutiveDbFailures;
      at error (lib/intake/rate-limit.js:85:11)
      at noteLimiterDbFailure (lib/intake/rate-limit.js:252:11)
      at handler (pages/api/intake/draft/attach.js:96:40)
      at Object.<anonymous> (tests/unit/intake-attach-endpoint.test.js:232:5)
  console.error
    [intake rate-limit] checkIntakeRateLimit error: VercelPostgresError - 'missing_connection_string': You did not supply a 'connectionString' and no 'POSTGRES_URL' env var was found.
      83 | async function noteLimiterDbFailure(context, err) {
      84 |   consecutiveDbFailures += 1;
    > 85 |   console.error(`[intake rate-limit] ${context} error:`, err.message);
         |           ^
      86 |   if (consecutiveDbFailures < DB_FAILURE_ALERT_THRESHOLD) return;
      87 |
      88 |   const failureCount = consecutiveDbFailures;
      at error (lib/intake/rate-limit.js:85:11)
      at noteLimiterDbFailure (lib/intake/rate-limit.js:252:11)
      at handler (pages/api/intake/draft/attach.js:96:40)
      at Object.<anonymous> (tests/unit/intake-attach-endpoint.test.js:238:5)
  console.error
    [intake rate-limit] checkIntakeRateLimit error: VercelPostgresError - 'missing_connection_string': You did not supply a 'connectionString' and no 'POSTGRES_URL' env var was found.
      83 | async function noteLimiterDbFailure(context, err) {
      84 |   consecutiveDbFailures += 1;
    > 85 |   console.error(`[intake rate-limit] ${context} error:`, err.message);
         |           ^
      86 |   if (consecutiveDbFailures < DB_FAILURE_ALERT_THRESHOLD) return;
      87 |
      88 |   const failureCount = consecutiveDbFailures;
      at error (lib/intake/rate-limit.js:85:11)
      at noteLimiterDbFailure (lib/intake/rate-limit.js:252:11)
      at handler (pages/api/intake/draft/attach.js:96:40)
      at Object.<anonymous> (tests/unit/intake-attach-endpoint.test.js:244:5)
  console.error
    [intake rate-limit] checkIntakeRateLimit error: VercelPostgresError - 'missing_connection_string': You did not supply a 'connectionString' and no 'POSTGRES_URL' env var was found.
      83 | async function noteLimiterDbFailure(context, err) {
      84 |   consecutiveDbFailures += 1;
    > 85 |   console.error(`[intake rate-limit] ${context} error:`, err.message);
         |           ^
      86 |   if (consecutiveDbFailures < DB_FAILURE_ALERT_THRESHOLD) return;
      87 |
      88 |   const failureCount = consecutiveDbFailures;
      at error (lib/intake/rate-limit.js:85:11)
      at noteLimiterDbFailure (lib/intake/rate-limit.js:252:11)
      at handler (pages/api/intake/draft/attach.js:96:40)
      at Object.<anonymous> (tests/unit/intake-attach-endpoint.test.js:250:5)
  console.error
    {"level":"error","event":"intake_rate_limit.db_degraded","consecutiveFailures":5,"lastError":"VercelPostgresError - 'missing_connection_string': You did not supply a 'connectionString' and no 'POSTGRES_URL' env var was found."}
      89 |   consecutiveDbFailures = 0;
      90 |   try {
    > 91 |     console.error(JSON.stringify({
         |             ^
      92 |       level: 'error',
      93 |       event: 'intake_rate_limit.db_degraded',
      94 |       consecutiveFailures: failureCount,
      at error (lib/intake/rate-limit.js:91:13)
      at noteLimiterDbFailure (lib/intake/rate-limit.js:252:11)
      at handler (pages/api/intake/draft/attach.js:96:40)
      at Object.<anonymous> (tests/unit/intake-attach-endpoint.test.js:250:5)
  console.error
    AlertService.createAlert error: VercelPostgresError - 'missing_connection_string': You did not supply a 'connectionString' and no 'POSTGRES_URL' env var was found.
      45 |       return result.rows[0];
      46 |     } catch (error) {
    > 47 |       console.error('AlertService.createAlert error:', error.message);
         |               ^
      48 |       throw error;
      49 |     }
      50 |   }
      at AlertService.error [as createAlert] (lib/services/alert-service.js:47:15)
      at createAlert (lib/intake/rate-limit.js:97:24)
      at noteLimiterDbFailure (lib/intake/rate-limit.js:252:11)
      at handler (pages/api/intake/draft/attach.js:96:40)
      at Object.<anonymous> (tests/unit/intake-attach-endpoint.test.js:250:5)
  console.error
    [intake rate-limit] degraded-limiter alert raise failed: VercelPostgresError - 'missing_connection_string': You did not supply a 'connectionString' and no 'POSTGRES_URL' env var was found.
      108 |     });
      109 |   } catch (alertErr) {
    > 110 |     console.error('[intake rate-limit] degraded-limiter alert raise failed:', alertErr.message);
          |             ^
      111 |   }
      112 | }
      113 |
      at error (lib/intake/rate-limit.js:110:13)
      at checkIntakeRateLimit (lib/intake/rate-limit.js:252:5)
      at handler (pages/api/intake/draft/attach.js:96:14)
      at Object.<anonymous> (tests/unit/intake-attach-endpoint.test.js:250:5)
  console.error
    [intake rate-limit] checkIntakeRateLimit error: VercelPostgresError - 'missing_connection_string': You did not supply a 'connectionString' and no 'POSTGRES_URL' env var was found.
      83 | async function noteLimiterDbFailure(context, err) {
      84 |   consecutiveDbFailures += 1;
    > 85 |   console.error(`[intake rate-limit] ${context} error:`, err.message);
         |           ^
      86 |   if (consecutiveDbFailures < DB_FAILURE_ALERT_THRESHOLD) return;
      87 |
      88 |   const failureCount = consecutiveDbFailures;
      at error (lib/intake/rate-limit.js:85:11)
      at noteLimiterDbFailure (lib/intake/rate-limit.js:252:11)
      at handler (pages/api/intake/draft/attach.js:96:40)
      at Object.<anonymous> (tests/unit/intake-attach-endpoint.test.js:256:5)
  console.error
    [intake rate-limit] checkIntakeRateLimit error: VercelPostgresError - 'missing_connection_string': You did not supply a 'connectionString' and no 'POSTGRES_URL' env var was found.
      83 | async function noteLimiterDbFailure(context, err) {
      84 |   consecutiveDbFailures += 1;
    > 85 |   console.error(`[intake rate-limit] ${context} error:`, err.message);
         |           ^
      86 |   if (consecutiveDbFailures < DB_FAILURE_ALERT_THRESHOLD) return;
      87 |
      88 |   const failureCount = consecutiveDbFailures;
      at error (lib/intake/rate-limit.js:85:11)
      at noteLimiterDbFailure (lib/intake/rate-limit.js:252:11)
      at handler (pages/api/intake/draft/attach.js:96:40)
      at tests/unit/intake-attach-endpoint.test.js:265:5
  console.error
    [intake rate-limit] checkIntakeRateLimit error: VercelPostgresError - 'missing_connection_string': You did not supply a 'connectionString' and no 'POSTGRES_URL' env var was found.
      83 | async function noteLimiterDbFailure(context, err) {
      84 |   consecutiveDbFailures += 1;
    > 85 |   console.error(`[intake rate-limit] ${context} error:`, err.message);
         |           ^
      86 |   if (consecutiveDbFailures < DB_FAILURE_ALERT_THRESHOLD) return;
      87 |
      88 |   const failureCount = consecutiveDbFailures;
      at error (lib/intake/rate-limit.js:85:11)
      at noteLimiterDbFailure (lib/intake/rate-limit.js:252:11)
      at handler (pages/api/intake/draft/attach.js:96:40)
      at tests/unit/intake-attach-endpoint.test.js:265:5
  console.error
    [intake rate-limit] checkIntakeRateLimit error: VercelPostgresError - 'missing_connection_string': You did not supply a 'connectionString' and no 'POSTGRES_URL' env var was found.
      83 | async function noteLimiterDbFailure(context, err) {
      84 |   consecutiveDbFailures += 1;
    > 85 |   console.error(`[intake rate-limit] ${context} error:`, err.message);
         |           ^
      86 |   if (consecutiveDbFailures < DB_FAILURE_ALERT_THRESHOLD) return;
      87 |
      88 |   const failureCount = consecutiveDbFailures;
      at error (lib/intake/rate-limit.js:85:11)
      at noteLimiterDbFailure (lib/intake/rate-limit.js:252:11)
      at handler (pages/api/intake/draft/attach.js:96:40)
      at tests/unit/intake-attach-endpoint.test.js:265:5
  console.error
    [intake rate-limit] checkIntakeRateLimit error: VercelPostgresError - 'missing_connection_string': You did not supply a 'connectionString' and no 'POSTGRES_URL' env var was found.
      83 | async function noteLimiterDbFailure(context, err) {
      84 |   consecutiveDbFailures += 1;
    > 85 |   console.error(`[intake rate-limit] ${context} error:`, err.message);
         |           ^
      86 |   if (consecutiveDbFailures < DB_FAILURE_ALERT_THRESHOLD) return;
      87 |
      88 |   const failureCount = consecutiveDbFailures;
      at error (lib/intake/rate-limit.js:85:11)
      at noteLimiterDbFailure (lib/intake/rate-limit.js:252:11)
      at handler (pages/api/intake/draft/attach.js:96:40)
      at tests/unit/intake-attach-endpoint.test.js:265:5
  console.error
    {"level":"error","event":"intake_rate_limit.db_degraded","consecutiveFailures":5,"lastError":"VercelPostgresError - 'missing_connection_string': You did not supply a 'connectionString' and no 'POSTGRES_URL' env var was found."}
      89 |   consecutiveDbFailures = 0;
      90 |   try {
    > 91 |     console.error(JSON.stringify({
         |             ^
      92 |       level: 'error',
      93 |       event: 'intake_rate_limit.db_degraded',
      94 |       consecutiveFailures: failureCount,
      at error (lib/intake/rate-limit.js:91:13)
      at noteLimiterDbFailure (lib/intake/rate-limit.js:252:11)
      at handler (pages/api/intake/draft/attach.js:96:40)
      at tests/unit/intake-attach-endpoint.test.js:265:5
  console.error
    AlertService.createAlert error: VercelPostgresError - 'missing_connection_string': You did not supply a 'connectionString' and no 'POSTGRES_URL' env var was found.
      45 |       return result.rows[0];
      46 |     } catch (error) {
    > 47 |       console.error('AlertService.createAlert error:', error.message);
         |               ^
      48 |       throw error;
      49 |     }
      50 |   }
      at AlertService.error [as createAlert] (lib/services/alert-service.js:47:15)
      at createAlert (lib/intake/rate-limit.js:97:24)
      at noteLimiterDbFailure (lib/intake/rate-limit.js:252:11)
      at handler (pages/api/intake/draft/attach.js:96:40)
      at tests/unit/intake-attach-endpoint.test.js:265:5
  console.error
    [intake rate-limit] degraded-limiter alert raise failed: VercelPostgresError - 'missing_connection_string': You did not supply a 'connectionString' and no 'POSTGRES_URL' env var was found.
      108 |     });
      109 |   } catch (alertErr) {
    > 110 |     console.error('[intake rate-limit] degraded-limiter alert raise failed:', alertErr.message);
          |             ^
      111 |   }
      112 | }
      113 |
      at error (lib/intake/rate-limit.js:110:13)
      at checkIntakeRateLimit (lib/intake/rate-limit.js:252:5)
      at handler (pages/api/intake/draft/attach.js:96:14)
      at tests/unit/intake-attach-endpoint.test.js:265:5
  console.error
    [intake rate-limit] checkIntakeRateLimit error: VercelPostgresError - 'missing_connection_string': You did not supply a 'connectionString' and no 'POSTGRES_URL' env var was found.
      83 | async function noteLimiterDbFailure(context, err) {
      84 |   consecutiveDbFailures += 1;
    > 85 |   console.error(`[intake rate-limit] ${context} error:`, err.message);
         |           ^
      86 |   if (consecutiveDbFailures < DB_FAILURE_ALERT_THRESHOLD) return;
      87 |
      88 |   const failureCount = consecutiveDbFailures;
      at error (lib/intake/rate-limit.js:85:11)
      at noteLimiterDbFailure (lib/intake/rate-limit.js:252:11)
      at handler (pages/api/intake/draft/attach.js:96:40)
      at tests/unit/intake-attach-endpoint.test.js:265:5
  console.error
    [intake rate-limit] checkIntakeRateLimit error: VercelPostgresError - 'missing_connection_string': You did not supply a 'connectionString' and no 'POSTGRES_URL' env var was found.
      83 | async function noteLimiterDbFailure(context, err) {
      84 |   consecutiveDbFailures += 1;
    > 85 |   console.error(`[intake rate-limit] ${context} error:`, err.message);
         |           ^
      86 |   if (consecutiveDbFailures < DB_FAILURE_ALERT_THRESHOLD) return;
      87 |
      88 |   const failureCount = consecutiveDbFailures;
      at error (lib/intake/rate-limit.js:85:11)
      at noteLimiterDbFailure (lib/intake/rate-limit.js:252:11)
      at handler (pages/api/intake/draft/attach.js:96:40)
      at tests/unit/intake-attach-endpoint.test.js:265:5
  console.error
    [intake rate-limit] checkIntakeRateLimit error: VercelPostgresError - 'missing_connection_string': You did not supply a 'connectionString' and no 'POSTGRES_URL' env var was found.
      83 | async function noteLimiterDbFailure(context, err) {
      84 |   consecutiveDbFailures += 1;
    > 85 |   console.error(`[intake rate-limit] ${context} error:`, err.message);
         |           ^
      86 |   if (consecutiveDbFailures < DB_FAILURE_ALERT_THRESHOLD) return;
      87 |
      88 |   const failureCount = consecutiveDbFailures;
      at error (lib/intake/rate-limit.js:85:11)
      at noteLimiterDbFailure (lib/intake/rate-limit.js:252:11)
      at handler (pages/api/intake/draft/attach.js:96:40)
      at tests/unit/intake-attach-endpoint.test.js:265:5
  console.error
    [intake rate-limit] checkIntakeRateLimit error: VercelPostgresError - 'missing_connection_string': You did not supply a 'connectionString' and no 'POSTGRES_URL' env var was found.
      83 | async function noteLimiterDbFailure(context, err) {
      84 |   consecutiveDbFailures += 1;
    > 85 |   console.error(`[intake rate-limit] ${context} error:`, err.message);
         |           ^
      86 |   if (consecutiveDbFailures < DB_FAILURE_ALERT_THRESHOLD) return;
      87 |
      88 |   const failureCount = consecutiveDbFailures;
      at error (lib/intake/rate-limit.js:85:11)
      at noteLimiterDbFailure (lib/intake/rate-limit.js:252:11)
      at handler (pages/api/intake/draft/attach.js:96:40)
      at tests/unit/intake-attach-endpoint.test.js:265:5
  console.error
    [intake rate-limit] checkIntakeRateLimit error: VercelPostgresError - 'missing_connection_string': You did not supply a 'connectionString' and no 'POSTGRES_URL' env var was found.
      83 | async function noteLimiterDbFailure(context, err) {
      84 |   consecutiveDbFailures += 1;
    > 85 |   console.error(`[intake rate-limit] ${context} error:`, err.message);
         |           ^
      86 |   if (consecutiveDbFailures < DB_FAILURE_ALERT_THRESHOLD) return;
      87 |
      88 |   const failureCount = consecutiveDbFailures;
      at error (lib/intake/rate-limit.js:85:11)
      at noteLimiterDbFailure (lib/intake/rate-limit.js:252:11)
      at handler (pages/api/intake/draft/attach.js:96:40)
      at tests/unit/intake-attach-endpoint.test.js:265:5
  console.error
    {"level":"error","event":"intake_rate_limit.db_degraded","consecutiveFailures":5,"lastError":"VercelPostgresError - 'missing_connection_string': You did not supply a 'connectionString' and no 'POSTGRES_URL' env var was found."}
      89 |   consecutiveDbFailures = 0;
      90 |   try {
    > 91 |     console.error(JSON.stringify({
         |             ^
      92 |       level: 'error',
      93 |       event: 'intake_rate_limit.db_degraded',
      94 |       consecutiveFailures: failureCount,
      at error (lib/intake/rate-limit.js:91:13)
      at noteLimiterDbFailure (lib/intake/rate-limit.js:252:11)
      at handler (pages/api/intake/draft/attach.js:96:40)
      at tests/unit/intake-attach-endpoint.test.js:265:5
  console.error
    AlertService.createAlert error: VercelPostgresError - 'missing_connection_string': You did not supply a 'connectionString' and no 'POSTGRES_URL' env var was found.
      45 |       return result.rows[0];
      46 |     } catch (error) {
    > 47 |       console.error('AlertService.createAlert error:', error.message);
         |               ^
      48 |       throw error;
      49 |     }
      50 |   }
      at AlertService.error [as createAlert] (lib/services/alert-service.js:47:15)
      at createAlert (lib/intake/rate-limit.js:97:24)
      at noteLimiterDbFailure (lib/intake/rate-limit.js:252:11)
      at handler (pages/api/intake/draft/attach.js:96:40)
      at tests/unit/intake-attach-endpoint.test.js:265:5
  console.error
    [intake rate-limit] degraded-limiter alert raise failed: VercelPostgresError - 'missing_connection_string': You did not supply a 'connectionString' and no 'POSTGRES_URL' env var was found.
      108 |     });
      109 |   } catch (alertErr) {
    > 110 |     console.error('[intake rate-limit] degraded-limiter alert raise failed:', alertErr.message);
          |             ^
      111 |   }
      112 | }
      113 |
      at error (lib/intake/rate-limit.js:110:13)
      at checkIntakeRateLimit (lib/intake/rate-limit.js:252:5)
      at handler (pages/api/intake/draft/attach.js:96:14)
      at tests/unit/intake-attach-endpoint.test.js:265:5
  console.error
    [intake rate-limit] checkIntakeRateLimit error: VercelPostgresError - 'missing_connection_string': You did not supply a 'connectionString' and no 'POSTGRES_URL' env var was found.
      83 | async function noteLimiterDbFailure(context, err) {
      84 |   consecutiveDbFailures += 1;
    > 85 |   console.error(`[intake rate-limit] ${context} error:`, err.message);
         |           ^
      86 |   if (consecutiveDbFailures < DB_FAILURE_ALERT_THRESHOLD) return;
      87 |
      88 |   const failureCount = consecutiveDbFailures;
      at error (lib/intake/rate-limit.js:85:11)
      at noteLimiterDbFailure (lib/intake/rate-limit.js:252:11)
      at handler (pages/api/intake/draft/attach.js:96:40)
      at Object.<anonymous> (tests/unit/intake-attach-endpoint.test.js:277:5)
  console.error
    [intake rate-limit] checkIntakeRateLimit error: VercelPostgresError - 'missing_connection_string': You did not supply a 'connectionString' and no 'POSTGRES_URL' env var was found.
      83 | async function noteLimiterDbFailure(context, err) {
      84 |   consecutiveDbFailures += 1;
    > 85 |   console.error(`[intake rate-limit] ${context} error:`, err.message);
         |           ^
      86 |   if (consecutiveDbFailures < DB_FAILURE_ALERT_THRESHOLD) return;
      87 |
      88 |   const failureCount = consecutiveDbFailures;
      at error (lib/intake/rate-limit.js:85:11)
      at noteLimiterDbFailure (lib/intake/rate-limit.js:252:11)
      at handler (pages/api/intake/draft/attach.js:96:40)
      at Object.<anonymous> (tests/unit/intake-attach-endpoint.test.js:285:5)
  console.error
    [attach] getById failed: Error: pg down
        at Object.<anonymous> (/Users/gallivan/Code/WMKF_Apps/tests/unit/intake-attach-endpoint.test.js:283:50)
        at Promise.finally.completed (/Users/gallivan/Code/WMKF_Apps/node_modules/jest-circus/build/jestAdapterInit.js:1561:28)
        at new Promise (<anonymous>)
        at callAsyncCircusFn (/Users/gallivan/Code/WMKF_Apps/node_modules/jest-circus/build/jestAdapterInit.js:1501:10)
        at _callCircusTest (/Users/gallivan/Code/WMKF_Apps/node_modules/jest-circus/build/jestAdapterInit.js:1011:40)
        at processTicksAndRejections (node:internal/process/task_queues:104:5)
        at _runTest (/Users/gallivan/Code/WMKF_Apps/node_modules/jest-circus/build/jestAdapterInit.js:951:3)
        at /Users/gallivan/Code/WMKF_Apps/node_modules/jest-circus/build/jestAdapterInit.js:853:7
        at _runTestsForDescribeBlock (/Users/gallivan/Code/WMKF_Apps/node_modules/jest-circus/build/jestAdapterInit.js:866:11)
        at _runTestsForDescribeBlock (/Users/gallivan/Code/WMKF_Apps/node_modules/jest-circus/build/jestAdapterInit.js:861:11)
        at run (/Users/gallivan/Code/WMKF_Apps/node_modules/jest-circus/build/jestAdapterInit.js:765:3)
        at runAndTransformResultsToJestFormat (/Users/gallivan/Code/WMKF_Apps/node_modules/jest-circus/build/jestAdapterInit.js:1993:21)
        at jestAdapter (/Users/gallivan/Code/WMKF_Apps/node_modules/jest-circus/build/runner.js:111:19)
        at runTestInternal (/Users/gallivan/Code/WMKF_Apps/node_modules/jest-runner/build/testWorker.js:276:16)
        at runTest (/Users/gallivan/Code/WMKF_Apps/node_modules/jest-runner/build/testWorker.js:344:7)
        at Object.worker (/Users/gallivan/Code/WMKF_Apps/node_modules/jest-runner/build/testWorker.js:498:12)
      125 |     draft = await IntakeDraftService.getById(draftId);
      126 |   } catch (err) {
    > 127 |     console.error('[attach] getById failed:', err);
          |             ^
      128 |     return jsonError(res, 500, 'Draft lookup failed');
      129 |   }
      130 |   if (!draft) {
      at error (pages/api/intake/draft/attach.js:127:13)
      at Object.<anonymous> (tests/unit/intake-attach-endpoint.test.js:285:5)
  console.error
    [intake rate-limit] checkIntakeRateLimit error: VercelPostgresError - 'missing_connection_string': You did not supply a 'connectionString' and no 'POSTGRES_URL' env var was found.
      83 | async function noteLimiterDbFailure(context, err) {
      84 |   consecutiveDbFailures += 1;
    > 85 |   console.error(`[intake rate-limit] ${context} error:`, err.message);
         |           ^
      86 |   if (consecutiveDbFailures < DB_FAILURE_ALERT_THRESHOLD) return;
      87 |
      88 |   const failureCount = consecutiveDbFailures;
      at error (lib/intake/rate-limit.js:85:11)
      at noteLimiterDbFailure (lib/intake/rate-limit.js:252:11)
      at handler (pages/api/intake/draft/attach.js:96:40)
      at Object.<anonymous> (tests/unit/intake-attach-endpoint.test.js:291:5)
  console.error
    [intake rate-limit] checkIntakeRateLimit error: VercelPostgresError - 'missing_connection_string': You did not supply a 'connectionString' and no 'POSTGRES_URL' env var was found.
      83 | async function noteLimiterDbFailure(context, err) {
      84 |   consecutiveDbFailures += 1;
    > 85 |   console.error(`[intake rate-limit] ${context} error:`, err.message);
         |           ^
      86 |   if (consecutiveDbFailures < DB_FAILURE_ALERT_THRESHOLD) return;
      87 |
      88 |   const failureCount = consecutiveDbFailures;
      at error (lib/intake/rate-limit.js:85:11)
      at noteLimiterDbFailure (lib/intake/rate-limit.js:252:11)
      at handler (pages/api/intake/draft/attach.js:96:40)
      at Object.<anonymous> (tests/unit/intake-attach-endpoint.test.js:300:5)
  console.error
    [intake rate-limit] checkIntakeRateLimit error: VercelPostgresError - 'missing_connection_string': You did not supply a 'connectionString' and no 'POSTGRES_URL' env var was found.
      83 | async function noteLimiterDbFailure(context, err) {
      84 |   consecutiveDbFailures += 1;
    > 85 |   console.error(`[intake rate-limit] ${context} error:`, err.message);
         |           ^
      86 |   if (consecutiveDbFailures < DB_FAILURE_ALERT_THRESHOLD) return;
      87 |
      88 |   const failureCount = consecutiveDbFailures;
      at error (lib/intake/rate-limit.js:85:11)
      at noteLimiterDbFailure (lib/intake/rate-limit.js:252:11)
      at handler (pages/api/intake/draft/attach.js:96:40)
      at Object.<anonymous> (tests/unit/intake-attach-endpoint.test.js:308:5)
  console.error
    {"level":"error","event":"intake_rate_limit.db_degraded","consecutiveFailures":5,"lastError":"VercelPostgresError - 'missing_connection_string': You did not supply a 'connectionString' and no 'POSTGRES_URL' env var was found."}
      89 |   consecutiveDbFailures = 0;
      90 |   try {
    > 91 |     console.error(JSON.stringify({
         |             ^
      92 |       level: 'error',
      93 |       event: 'intake_rate_limit.db_degraded',
      94 |       consecutiveFailures: failureCount,
      at error (lib/intake/rate-limit.js:91:13)
      at noteLimiterDbFailure (lib/intake/rate-limit.js:252:11)
      at handler (pages/api/intake/draft/attach.js:96:40)
      at Object.<anonymous> (tests/unit/intake-attach-endpoint.test.js:308:5)
  console.error
    AlertService.createAlert error: VercelPostgresError - 'missing_connection_string': You did not supply a 'connectionString' and no 'POSTGRES_URL' env var was found.
      45 |       return result.rows[0];
      46 |     } catch (error) {
    > 47 |       console.error('AlertService.createAlert error:', error.message);
         |               ^
      48 |       throw error;
      49 |     }
      50 |   }
      at AlertService.error [as createAlert] (lib/services/alert-service.js:47:15)
      at createAlert (lib/intake/rate-limit.js:97:24)
      at noteLimiterDbFailure (lib/intake/rate-limit.js:252:11)
      at handler (pages/api/intake/draft/attach.js:96:40)
      at Object.<anonymous> (tests/unit/intake-attach-endpoint.test.js:308:5)
  console.error
    [intake rate-limit] degraded-limiter alert raise failed: VercelPostgresError - 'missing_connection_string': You did not supply a 'connectionString' and no 'POSTGRES_URL' env var was found.
      108 |     });
      109 |   } catch (alertErr) {
    > 110 |     console.error('[intake rate-limit] degraded-limiter alert raise failed:', alertErr.message);
          |             ^
      111 |   }
      112 | }
      113 |
      at error (lib/intake/rate-limit.js:110:13)
      at checkIntakeRateLimit (lib/intake/rate-limit.js:252:5)
      at handler (pages/api/intake/draft/attach.js:96:14)
      at Object.<anonymous> (tests/unit/intake-attach-endpoint.test.js:308:5)
  console.error
    [intake rate-limit] checkIntakeRateLimit error: VercelPostgresError - 'missing_connection_string': You did not supply a 'connectionString' and no 'POSTGRES_URL' env var was found.
      83 | async function noteLimiterDbFailure(context, err) {
      84 |   consecutiveDbFailures += 1;
    > 85 |   console.error(`[intake rate-limit] ${context} error:`, err.message);
         |           ^
      86 |   if (consecutiveDbFailures < DB_FAILURE_ALERT_THRESHOLD) return;
      87 |
      88 |   const failureCount = consecutiveDbFailures;
      at error (lib/intake/rate-limit.js:85:11)
      at noteLimiterDbFailure (lib/intake/rate-limit.js:252:11)
      at handler (pages/api/intake/draft/attach.js:96:40)
      at Object.<anonymous> (tests/unit/intake-attach-endpoint.test.js:321:5)
  console.warn
    [attach] bridge altKeyNotActive: alt-key not active
      73 |       return
      74 |     }
    > 75 |     originalWarn.call(console, ...args)
         |                  ^
      76 |   }
      77 | })
      78 |
      at console.call (jest.setup.js:75:18)
      at warn (pages/api/intake/draft/attach.js:149:17)
      at Object.<anonymous> (tests/unit/intake-attach-endpoint.test.js:321:5)
  console.error
    [intake rate-limit] checkIntakeRateLimit error: VercelPostgresError - 'missing_connection_string': You did not supply a 'connectionString' and no 'POSTGRES_URL' env var was found.
      83 | async function noteLimiterDbFailure(context, err) {
      84 |   consecutiveDbFailures += 1;
    > 85 |   console.error(`[intake rate-limit] ${context} error:`, err.message);
         |           ^
      86 |   if (consecutiveDbFailures < DB_FAILURE_ALERT_THRESHOLD) return;
      87 |
      88 |   const failureCount = consecutiveDbFailures;
      at error (lib/intake/rate-limit.js:85:11)
      at noteLimiterDbFailure (lib/intake/rate-limit.js:252:11)
      at handler (pages/api/intake/draft/attach.js:96:40)
      at Object.<anonymous> (tests/unit/intake-attach-endpoint.test.js:330:5)
  console.error
    [intake rate-limit] checkIntakeRateLimit error: VercelPostgresError - 'missing_connection_string': You did not supply a 'connectionString' and no 'POSTGRES_URL' env var was found.
      83 | async function noteLimiterDbFailure(context, err) {
      84 |   consecutiveDbFailures += 1;
    > 85 |   console.error(`[intake rate-limit] ${context} error:`, err.message);
         |           ^
      86 |   if (consecutiveDbFailures < DB_FAILURE_ALERT_THRESHOLD) return;
      87 |
      88 |   const failureCount = consecutiveDbFailures;
      at error (lib/intake/rate-limit.js:85:11)
      at noteLimiterDbFailure (lib/intake/rate-limit.js:252:11)
      at handler (pages/api/intake/draft/attach.js:96:40)
      at Object.<anonymous> (tests/unit/intake-attach-endpoint.test.js:338:5)
  console.error
    [intake rate-limit] checkIntakeRateLimit error: VercelPostgresError - 'missing_connection_string': You did not supply a 'connectionString' and no 'POSTGRES_URL' env var was found.
      83 | async function noteLimiterDbFailure(context, err) {
      84 |   consecutiveDbFailures += 1;
    > 85 |   console.error(`[intake rate-limit] ${context} error:`, err.message);
         |           ^
      86 |   if (consecutiveDbFailures < DB_FAILURE_ALERT_THRESHOLD) return;
      87 |
      88 |   const failureCount = consecutiveDbFailures;
      at error (lib/intake/rate-limit.js:85:11)
      at noteLimiterDbFailure (lib/intake/rate-limit.js:252:11)
      at handler (pages/api/intake/draft/attach.js:96:40)
      at Object.<anonymous> (tests/unit/intake-attach-endpoint.test.js:354:5)
  console.error
    [intake rate-limit] checkIntakeRateLimit error: VercelPostgresError - 'missing_connection_string': You did not supply a 'connectionString' and no 'POSTGRES_URL' env var was found.
      83 | async function noteLimiterDbFailure(context, err) {
      84 |   consecutiveDbFailures += 1;
    > 85 |   console.error(`[intake rate-limit] ${context} error:`, err.message);
         |           ^
      86 |   if (consecutiveDbFailures < DB_FAILURE_ALERT_THRESHOLD) return;
      87 |
      88 |   const failureCount = consecutiveDbFailures;
      at error (lib/intake/rate-limit.js:85:11)
      at noteLimiterDbFailure (lib/intake/rate-limit.js:252:11)
      at handler (pages/api/intake/draft/attach.js:96:40)
      at Object.<anonymous> (tests/unit/intake-attach-endpoint.test.js:368:5)
  console.error
    {"level":"error","event":"intake_rate_limit.db_degraded","consecutiveFailures":5,"lastError":"VercelPostgresError - 'missing_connection_string': You did not supply a 'connectionString' and no 'POSTGRES_URL' env var was found."}
      89 |   consecutiveDbFailures = 0;
      90 |   try {
    > 91 |     console.error(JSON.stringify({
         |             ^
      92 |       level: 'error',
      93 |       event: 'intake_rate_limit.db_degraded',
      94 |       consecutiveFailures: failureCount,
      at error (lib/intake/rate-limit.js:91:13)
      at noteLimiterDbFailure (lib/intake/rate-limit.js:252:11)
      at handler (pages/api/intake/draft/attach.js:96:40)
      at Object.<anonymous> (tests/unit/intake-attach-endpoint.test.js:368:5)
  console.error
    AlertService.createAlert error: VercelPostgresError - 'missing_connection_string': You did not supply a 'connectionString' and no 'POSTGRES_URL' env var was found.
      45 |       return result.rows[0];
      46 |     } catch (error) {
    > 47 |       console.error('AlertService.createAlert error:', error.message);
         |               ^
      48 |       throw error;
      49 |     }
      50 |   }
      at AlertService.error [as createAlert] (lib/services/alert-service.js:47:15)
      at createAlert (lib/intake/rate-limit.js:97:24)
      at noteLimiterDbFailure (lib/intake/rate-limit.js:252:11)
      at handler (pages/api/intake/draft/attach.js:96:40)
      at Object.<anonymous> (tests/unit/intake-attach-endpoint.test.js:368:5)
  console.error
    [intake rate-limit] degraded-limiter alert raise failed: VercelPostgresError - 'missing_connection_string': You did not supply a 'connectionString' and no 'POSTGRES_URL' env var was found.
      108 |     });
      109 |   } catch (alertErr) {
    > 110 |     console.error('[intake rate-limit] degraded-limiter alert raise failed:', alertErr.message);
          |             ^
      111 |   }
      112 | }
      113 |
      at error (lib/intake/rate-limit.js:110:13)
      at checkIntakeRateLimit (lib/intake/rate-limit.js:252:5)
      at handler (pages/api/intake/draft/attach.js:96:14)
      at Object.<anonymous> (tests/unit/intake-attach-endpoint.test.js:368:5)
  console.error
    [intake rate-limit] checkIntakeRateLimit error: VercelPostgresError - 'missing_connection_string': You did not supply a 'connectionString' and no 'POSTGRES_URL' env var was found.
      83 | async function noteLimiterDbFailure(context, err) {
      84 |   consecutiveDbFailures += 1;
    > 85 |   console.error(`[intake rate-limit] ${context} error:`, err.message);
         |           ^
      86 |   if (consecutiveDbFailures < DB_FAILURE_ALERT_THRESHOLD) return;
      87 |
      88 |   const failureCount = consecutiveDbFailures;
      at error (lib/intake/rate-limit.js:85:11)
      at noteLimiterDbFailure (lib/intake/rate-limit.js:252:11)
      at handler (pages/api/intake/draft/attach.js:96:40)
      at Object.<anonymous> (tests/unit/intake-attach-endpoint.test.js:375:5)
  console.error
    [intake rate-limit] checkIntakeRateLimit error: VercelPostgresError - 'missing_connection_string': You did not supply a 'connectionString' and no 'POSTGRES_URL' env var was found.
      83 | async function noteLimiterDbFailure(context, err) {
      84 |   consecutiveDbFailures += 1;
    > 85 |   console.error(`[intake rate-limit] ${context} error:`, err.message);
         |           ^
      86 |   if (consecutiveDbFailures < DB_FAILURE_ALERT_THRESHOLD) return;
      87 |
      88 |   const failureCount = consecutiveDbFailures;
      at error (lib/intake/rate-limit.js:85:11)
      at noteLimiterDbFailure (lib/intake/rate-limit.js:252:11)
      at handler (pages/api/intake/draft/attach.js:96:40)
      at Object.<anonymous> (tests/unit/intake-attach-endpoint.test.js:388:5)
  console.error
    [intake rate-limit] checkIntakeRateLimit error: VercelPostgresError - 'missing_connection_string': You did not supply a 'connectionString' and no 'POSTGRES_URL' env var was found.
      83 | async function noteLimiterDbFailure(context, err) {
      84 |   consecutiveDbFailures += 1;
    > 85 |   console.error(`[intake rate-limit] ${context} error:`, err.message);
         |           ^
      86 |   if (consecutiveDbFailures < DB_FAILURE_ALERT_THRESHOLD) return;
      87 |
      88 |   const failureCount = consecutiveDbFailures;
      at error (lib/intake/rate-limit.js:85:11)
      at noteLimiterDbFailure (lib/intake/rate-limit.js:252:11)
      at handler (pages/api/intake/draft/attach.js:96:40)
      at Object.<anonymous> (tests/unit/intake-attach-endpoint.test.js:396:5)
  console.error
    [intake rate-limit] checkIntakeRateLimit error: VercelPostgresError - 'missing_connection_string': You did not supply a 'connectionString' and no 'POSTGRES_URL' env var was found.
      83 | async function noteLimiterDbFailure(context, err) {
      84 |   consecutiveDbFailures += 1;
    > 85 |   console.error(`[intake rate-limit] ${context} error:`, err.message);
         |           ^
      86 |   if (consecutiveDbFailures < DB_FAILURE_ALERT_THRESHOLD) return;
      87 |
      88 |   const failureCount = consecutiveDbFailures;
      at error (lib/intake/rate-limit.js:85:11)
      at noteLimiterDbFailure (lib/intake/rate-limit.js:252:11)
      at handler (pages/api/intake/draft/attach.js:96:40)
      at Object.<anonymous> (tests/unit/intake-attach-endpoint.test.js:408:5)
  console.error
    [intake rate-limit] checkIntakeRateLimit error: VercelPostgresError - 'missing_connection_string': You did not supply a 'connectionString' and no 'POSTGRES_URL' env var was found.
      83 | async function noteLimiterDbFailure(context, err) {
      84 |   consecutiveDbFailures += 1;
    > 85 |   console.error(`[intake rate-limit] ${context} error:`, err.message);
         |           ^
      86 |   if (consecutiveDbFailures < DB_FAILURE_ALERT_THRESHOLD) return;
      87 |
      88 |   const failureCount = consecutiveDbFailures;
      at error (lib/intake/rate-limit.js:85:11)
      at noteLimiterDbFailure (lib/intake/rate-limit.js:252:11)
      at handler (pages/api/intake/draft/attach.js:96:40)
      at Object.<anonymous> (tests/unit/intake-attach-endpoint.test.js:417:5)
  console.error
    {"level":"error","event":"intake_rate_limit.db_degraded","consecutiveFailures":5,"lastError":"VercelPostgresError - 'missing_connection_string': You did not supply a 'connectionString' and no 'POSTGRES_URL' env var was found."}
      89 |   consecutiveDbFailures = 0;
      90 |   try {
    > 91 |     console.error(JSON.stringify({
         |             ^
      92 |       level: 'error',
      93 |       event: 'intake_rate_limit.db_degraded',
      94 |       consecutiveFailures: failureCount,
      at error (lib/intake/rate-limit.js:91:13)
      at noteLimiterDbFailure (lib/intake/rate-limit.js:252:11)
      at handler (pages/api/intake/draft/attach.js:96:40)
      at Object.<anonymous> (tests/unit/intake-attach-endpoint.test.js:417:5)
  console.error
    AlertService.createAlert error: VercelPostgresError - 'missing_connection_string': You did not supply a 'connectionString' and no 'POSTGRES_URL' env var was found.
      45 |       return result.rows[0];
      46 |     } catch (error) {
    > 47 |       console.error('AlertService.createAlert error:', error.message);
         |               ^
      48 |       throw error;
      49 |     }
      50 |   }
      at AlertService.error [as createAlert] (lib/services/alert-service.js:47:15)
      at createAlert (lib/intake/rate-limit.js:97:24)
      at noteLimiterDbFailure (lib/intake/rate-limit.js:252:11)
      at handler (pages/api/intake/draft/attach.js:96:40)
      at Object.<anonymous> (tests/unit/intake-attach-endpoint.test.js:417:5)
  console.error
    [intake rate-limit] degraded-limiter alert raise failed: VercelPostgresError - 'missing_connection_string': You did not supply a 'connectionString' and no 'POSTGRES_URL' env var was found.
      108 |     });
      109 |   } catch (alertErr) {
    > 110 |     console.error('[intake rate-limit] degraded-limiter alert raise failed:', alertErr.message);
          |             ^
      111 |   }
      112 | }
      113 |
      at error (lib/intake/rate-limit.js:110:13)
      at checkIntakeRateLimit (lib/intake/rate-limit.js:252:5)
      at handler (pages/api/intake/draft/attach.js:96:14)
      at Object.<anonymous> (tests/unit/intake-attach-endpoint.test.js:417:5)
  console.warn
    [attach] blobGet transient: blob no-response: timeout
      73 |       return
      74 |     }
    > 75 |     originalWarn.call(console, ...args)
         |                  ^
      76 |   }
      77 | })
      78 |
      at console.call (jest.setup.js:75:18)
      at warn (pages/api/intake/draft/attach.js:248:15)
      at Object.<anonymous> (tests/unit/intake-attach-endpoint.test.js:417:5)
  console.error
    [intake rate-limit] checkIntakeRateLimit error: VercelPostgresError - 'missing_connection_string': You did not supply a 'connectionString' and no 'POSTGRES_URL' env var was found.
      83 | async function noteLimiterDbFailure(context, err) {
      84 |   consecutiveDbFailures += 1;
    > 85 |   console.error(`[intake rate-limit] ${context} error:`, err.message);
         |           ^
      86 |   if (consecutiveDbFailures < DB_FAILURE_ALERT_THRESHOLD) return;
      87 |
      88 |   const failureCount = consecutiveDbFailures;
      at error (lib/intake/rate-limit.js:85:11)
      at noteLimiterDbFailure (lib/intake/rate-limit.js:252:11)
      at handler (pages/api/intake/draft/attach.js:96:40)
      at Object.<anonymous> (tests/unit/intake-attach-endpoint.test.js:430:5)
  console.error
    [attach] blobGet non-transient: Error: auth
        at Object.<anonymous> (/Users/gallivan/Code/WMKF_Apps/tests/unit/intake-attach-endpoint.test.js:423:31)
        at Promise.finally.completed (/Users/gallivan/Code/WMKF_Apps/node_modules/jest-circus/build/jestAdapterInit.js:1561:28)
        at new Promise (<anonymous>)
        at callAsyncCircusFn (/Users/gallivan/Code/WMKF_Apps/node_modules/jest-circus/build/jestAdapterInit.js:1501:10)
        at _callCircusTest (/Users/gallivan/Code/WMKF_Apps/node_modules/jest-circus/build/jestAdapterInit.js:1011:40)
        at processTicksAndRejections (node:internal/process/task_queues:104:5)
        at _runTest (/Users/gallivan/Code/WMKF_Apps/node_modules/jest-circus/build/jestAdapterInit.js:951:3)
        at /Users/gallivan/Code/WMKF_Apps/node_modules/jest-circus/build/jestAdapterInit.js:853:7
        at _runTestsForDescribeBlock (/Users/gallivan/Code/WMKF_Apps/node_modules/jest-circus/build/jestAdapterInit.js:866:11)
        at _runTestsForDescribeBlock (/Users/gallivan/Code/WMKF_Apps/node_modules/jest-circus/build/jestAdapterInit.js:861:11)
        at run (/Users/gallivan/Code/WMKF_Apps/node_modules/jest-circus/build/jestAdapterInit.js:765:3)
        at runAndTransformResultsToJestFormat (/Users/gallivan/Code/WMKF_Apps/node_modules/jest-circus/build/jestAdapterInit.js:1993:21)
        at jestAdapter (/Users/gallivan/Code/WMKF_Apps/node_modules/jest-circus/build/runner.js:111:19)
        at runTestInternal (/Users/gallivan/Code/WMKF_Apps/node_modules/jest-runner/build/testWorker.js:276:16)
        at runTest (/Users/gallivan/Code/WMKF_Apps/node_modules/jest-runner/build/testWorker.js:344:7)
        at Object.worker (/Users/gallivan/Code/WMKF_Apps/node_modules/jest-runner/build/testWorker.js:498:12) {
      serviceName: 'blob',
      status: 403,
      isTransient: false
    }
      249 |       return jsonError(res, 503, 'blob_unavailable');
      250 |     }
    > 251 |     console.error('[attach] blobGet non-transient:', wrapped);
          |             ^
      252 |     auditFireAndForget({
      253 |       actorOid: contactOid,
      254 |       actorType: 'applicant',
      at error (pages/api/intake/draft/attach.js:251:13)
      at Object.<anonymous> (tests/unit/intake-attach-endpoint.test.js:430:5)
  console.error
    [intake rate-limit] checkIntakeRateLimit error: VercelPostgresError - 'missing_connection_string': You did not supply a 'connectionString' and no 'POSTGRES_URL' env var was found.
      83 | async function noteLimiterDbFailure(context, err) {
      84 |   consecutiveDbFailures += 1;
    > 85 |   console.error(`[intake rate-limit] ${context} error:`, err.message);
         |           ^
      86 |   if (consecutiveDbFailures < DB_FAILURE_ALERT_THRESHOLD) return;
      87 |
      88 |   const failureCount = consecutiveDbFailures;
      at error (lib/intake/rate-limit.js:85:11)
      at noteLimiterDbFailure (lib/intake/rate-limit.js:252:11)
      at handler (pages/api/intake/draft/attach.js:96:40)
      at Object.<anonymous> (tests/unit/intake-attach-endpoint.test.js:440:5)
  console.error
    [attach] INTAKE_BLOB_RW_TOKEN unset: not set
      228 |       return getIntakeBlobToken();
      229 |     } catch (err) {
    > 230 |       console.error('[attach] INTAKE_BLOB_RW_TOKEN unset:', err.message);
          |               ^
      231 |       return null;
      232 |     }
      233 |   })();
      at error (pages/api/intake/draft/attach.js:230:15)
      at handler (pages/api/intake/draft/attach.js:233:3)
      at Object.<anonymous> (tests/unit/intake-attach-endpoint.test.js:440:5)
  console.error
    [intake rate-limit] checkIntakeRateLimit error: VercelPostgresError - 'missing_connection_string': You did not supply a 'connectionString' and no 'POSTGRES_URL' env var was found.
      83 | async function noteLimiterDbFailure(context, err) {
      84 |   consecutiveDbFailures += 1;
    > 85 |   console.error(`[intake rate-limit] ${context} error:`, err.message);
         |           ^
      86 |   if (consecutiveDbFailures < DB_FAILURE_ALERT_THRESHOLD) return;
      87 |
      88 |   const failureCount = consecutiveDbFailures;
      at error (lib/intake/rate-limit.js:85:11)
      at noteLimiterDbFailure (lib/intake/rate-limit.js:252:11)
      at handler (pages/api/intake/draft/attach.js:96:40)
      at Object.<anonymous> (tests/unit/intake-attach-endpoint.test.js:452:5)
  console.error
    [intake rate-limit] checkIntakeRateLimit error: VercelPostgresError - 'missing_connection_string': You did not supply a 'connectionString' and no 'POSTGRES_URL' env var was found.
      83 | async function noteLimiterDbFailure(context, err) {
      84 |   consecutiveDbFailures += 1;
    > 85 |   console.error(`[intake rate-limit] ${context} error:`, err.message);
         |           ^
      86 |   if (consecutiveDbFailures < DB_FAILURE_ALERT_THRESHOLD) return;
      87 |
      88 |   const failureCount = consecutiveDbFailures;
      at error (lib/intake/rate-limit.js:85:11)
      at noteLimiterDbFailure (lib/intake/rate-limit.js:252:11)
      at handler (pages/api/intake/draft/attach.js:96:40)
      at Object.<anonymous> (tests/unit/intake-attach-endpoint.test.js:465:5)
  console.error
    [intake rate-limit] checkIntakeRateLimit error: VercelPostgresError - 'missing_connection_string': You did not supply a 'connectionString' and no 'POSTGRES_URL' env var was found.
      83 | async function noteLimiterDbFailure(context, err) {
      84 |   consecutiveDbFailures += 1;
    > 85 |   console.error(`[intake rate-limit] ${context} error:`, err.message);
         |           ^
      86 |   if (consecutiveDbFailures < DB_FAILURE_ALERT_THRESHOLD) return;
      87 |
      88 |   const failureCount = consecutiveDbFailures;
      at error (lib/intake/rate-limit.js:85:11)
      at noteLimiterDbFailure (lib/intake/rate-limit.js:252:11)
      at handler (pages/api/intake/draft/attach.js:96:40)
      at Object.<anonymous> (tests/unit/intake-attach-endpoint.test.js:476:5)
  console.error
    {"level":"error","event":"intake_rate_limit.db_degraded","consecutiveFailures":5,"lastError":"VercelPostgresError - 'missing_connection_string': You did not supply a 'connectionString' and no 'POSTGRES_URL' env var was found."}
      89 |   consecutiveDbFailures = 0;
      90 |   try {
    > 91 |     console.error(JSON.stringify({
         |             ^
      92 |       level: 'error',
      93 |       event: 'intake_rate_limit.db_degraded',
      94 |       consecutiveFailures: failureCount,
      at error (lib/intake/rate-limit.js:91:13)
      at noteLimiterDbFailure (lib/intake/rate-limit.js:252:11)
      at handler (pages/api/intake/draft/attach.js:96:40)
      at Object.<anonymous> (tests/unit/intake-attach-endpoint.test.js:476:5)
  console.error
    AlertService.createAlert error: VercelPostgresError - 'missing_connection_string': You did not supply a 'connectionString' and no 'POSTGRES_URL' env var was found.
      45 |       return result.rows[0];
      46 |     } catch (error) {
    > 47 |       console.error('AlertService.createAlert error:', error.message);
         |               ^
      48 |       throw error;
      49 |     }
      50 |   }
      at AlertService.error [as createAlert] (lib/services/alert-service.js:47:15)
      at createAlert (lib/intake/rate-limit.js:97:24)
      at noteLimiterDbFailure (lib/intake/rate-limit.js:252:11)
      at handler (pages/api/intake/draft/attach.js:96:40)
      at Object.<anonymous> (tests/unit/intake-attach-endpoint.test.js:476:5)
  console.error
    [intake rate-limit] degraded-limiter alert raise failed: VercelPostgresError - 'missing_connection_string': You did not supply a 'connectionString' and no 'POSTGRES_URL' env var was found.
      108 |     });
      109 |   } catch (alertErr) {
    > 110 |     console.error('[intake rate-limit] degraded-limiter alert raise failed:', alertErr.message);
          |             ^
      111 |   }
      112 | }
      113 |
      at error (lib/intake/rate-limit.js:110:13)
      at checkIntakeRateLimit (lib/intake/rate-limit.js:252:5)
      at handler (pages/api/intake/draft/attach.js:96:14)
      at Object.<anonymous> (tests/unit/intake-attach-endpoint.test.js:476:5)
  console.error
    [intake rate-limit] checkIntakeRateLimit error: VercelPostgresError - 'missing_connection_string': You did not supply a 'connectionString' and no 'POSTGRES_URL' env var was found.
      83 | async function noteLimiterDbFailure(context, err) {
      84 |   consecutiveDbFailures += 1;
    > 85 |   console.error(`[intake rate-limit] ${context} error:`, err.message);
         |           ^
      86 |   if (consecutiveDbFailures < DB_FAILURE_ALERT_THRESHOLD) return;
      87 |
      88 |   const failureCount = consecutiveDbFailures;
      at error (lib/intake/rate-limit.js:85:11)
      at noteLimiterDbFailure (lib/intake/rate-limit.js:252:11)
      at handler (pages/api/intake/draft/attach.js:96:40)
      at Object.<anonymous> (tests/unit/intake-attach-endpoint.test.js:487:5)
  console.error
    [intake rate-limit] checkIntakeRateLimit error: VercelPostgresError - 'missing_connection_string': You did not supply a 'connectionString' and no 'POSTGRES_URL' env var was found.
      83 | async function noteLimiterDbFailure(context, err) {
      84 |   consecutiveDbFailures += 1;
    > 85 |   console.error(`[intake rate-limit] ${context} error:`, err.message);
         |           ^
      86 |   if (consecutiveDbFailures < DB_FAILURE_ALERT_THRESHOLD) return;
      87 |
      88 |   const failureCount = consecutiveDbFailures;
      at error (lib/intake/rate-limit.js:85:11)
      at noteLimiterDbFailure (lib/intake/rate-limit.js:252:11)
      at handler (pages/api/intake/draft/attach.js:96:40)
      at Object.<anonymous> (tests/unit/intake-attach-endpoint.test.js:504:5)
  console.error
    [intake rate-limit] checkIntakeRateLimit error: VercelPostgresError - 'missing_connection_string': You did not supply a 'connectionString' and no 'POSTGRES_URL' env var was found.
      83 | async function noteLimiterDbFailure(context, err) {
      84 |   consecutiveDbFailures += 1;
    > 85 |   console.error(`[intake rate-limit] ${context} error:`, err.message);
         |           ^
      86 |   if (consecutiveDbFailures < DB_FAILURE_ALERT_THRESHOLD) return;
      87 |
      88 |   const failureCount = consecutiveDbFailures;
      at error (lib/intake/rate-limit.js:85:11)
      at noteLimiterDbFailure (lib/intake/rate-limit.js:252:11)
      at handler (pages/api/intake/draft/attach.js:96:40)
      at Object.<anonymous> (tests/unit/intake-attach-endpoint.test.js:518:5)
  console.error
    [intake rate-limit] checkIntakeRateLimit error: VercelPostgresError - 'missing_connection_string': You did not supply a 'connectionString' and no 'POSTGRES_URL' env var was found.
      83 | async function noteLimiterDbFailure(context, err) {
      84 |   consecutiveDbFailures += 1;
    > 85 |   console.error(`[intake rate-limit] ${context} error:`, err.message);
         |           ^
      86 |   if (consecutiveDbFailures < DB_FAILURE_ALERT_THRESHOLD) return;
      87 |
      88 |   const failureCount = consecutiveDbFailures;
      at error (lib/intake/rate-limit.js:85:11)
      at noteLimiterDbFailure (lib/intake/rate-limit.js:252:11)
      at handler (pages/api/intake/draft/attach.js:96:40)
      at Object.<anonymous> (tests/unit/intake-attach-endpoint.test.js:531:5)
  console.error
    [intake rate-limit] checkIntakeRateLimit error: VercelPostgresError - 'missing_connection_string': You did not supply a 'connectionString' and no 'POSTGRES_URL' env var was found.
      83 | async function noteLimiterDbFailure(context, err) {
      84 |   consecutiveDbFailures += 1;
    > 85 |   console.error(`[intake rate-limit] ${context} error:`, err.message);
         |           ^
      86 |   if (consecutiveDbFailures < DB_FAILURE_ALERT_THRESHOLD) return;
      87 |
      88 |   const failureCount = consecutiveDbFailures;
      at error (lib/intake/rate-limit.js:85:11)
      at noteLimiterDbFailure (lib/intake/rate-limit.js:252:11)
      at handler (pages/api/intake/draft/attach.js:96:40)
      at Object.<anonymous> (tests/unit/intake-attach-endpoint.test.js:576:5)
  console.error
    {"level":"error","event":"intake_rate_limit.db_degraded","consecutiveFailures":5,"lastError":"VercelPostgresError - 'missing_connection_string': You did not supply a 'connectionString' and no 'POSTGRES_URL' env var was found."}
      89 |   consecutiveDbFailures = 0;
      90 |   try {
    > 91 |     console.error(JSON.stringify({
         |             ^
      92 |       level: 'error',
      93 |       event: 'intake_rate_limit.db_degraded',
      94 |       consecutiveFailures: failureCount,
      at error (lib/intake/rate-limit.js:91:13)
      at noteLimiterDbFailure (lib/intake/rate-limit.js:252:11)
      at handler (pages/api/intake/draft/attach.js:96:40)
      at Object.<anonymous> (tests/unit/intake-attach-endpoint.test.js:576:5)
  console.error
    AlertService.createAlert error: VercelPostgresError - 'missing_connection_string': You did not supply a 'connectionString' and no 'POSTGRES_URL' env var was found.
      45 |       return result.rows[0];
      46 |     } catch (error) {
    > 47 |       console.error('AlertService.createAlert error:', error.message);
         |               ^
      48 |       throw error;
      49 |     }
      50 |   }
      at AlertService.error [as createAlert] (lib/services/alert-service.js:47:15)
      at createAlert (lib/intake/rate-limit.js:97:24)
      at noteLimiterDbFailure (lib/intake/rate-limit.js:252:11)
      at handler (pages/api/intake/draft/attach.js:96:40)
      at Object.<anonymous> (tests/unit/intake-attach-endpoint.test.js:576:5)
  console.error
    [intake rate-limit] degraded-limiter alert raise failed: VercelPostgresError - 'missing_connection_string': You did not supply a 'connectionString' and no 'POSTGRES_URL' env var was found.
      108 |     });
      109 |   } catch (alertErr) {
    > 110 |     console.error('[intake rate-limit] degraded-limiter alert raise failed:', alertErr.message);
          |             ^
      111 |   }
      112 | }
      113 |
      at error (lib/intake/rate-limit.js:110:13)
      at checkIntakeRateLimit (lib/intake/rate-limit.js:252:5)
      at handler (pages/api/intake/draft/attach.js:96:14)
      at Object.<anonymous> (tests/unit/intake-attach-endpoint.test.js:576:5)
  console.warn
    [attach] del failed for drafts/42/550e8400-e29b-41d4-a716-446655440000 blob 5xx
      73 |       return
      74 |     }
    > 75 |     originalWarn.call(console, ...args)
         |                  ^
      76 |   }
      77 | })
      78 |
      at console.call (jest.setup.js:75:18)
      at warn (pages/api/intake/draft/attach.js:296:15)
      at handler (pages/api/intake/draft/attach.js:432:20)
      at Object.<anonymous> (tests/unit/intake-attach-endpoint.test.js:576:5)
  console.error
    [intake rate-limit] checkIntakeRateLimit error: VercelPostgresError - 'missing_connection_string': You did not supply a 'connectionString' and no 'POSTGRES_URL' env var was found.
      83 | async function noteLimiterDbFailure(context, err) {
      84 |   consecutiveDbFailures += 1;
    > 85 |   console.error(`[intake rate-limit] ${context} error:`, err.message);
         |           ^
      86 |   if (consecutiveDbFailures < DB_FAILURE_ALERT_THRESHOLD) return;
      87 |
      88 |   const failureCount = consecutiveDbFailures;
      at error (lib/intake/rate-limit.js:85:11)
      at noteLimiterDbFailure (lib/intake/rate-limit.js:252:11)
      at handler (pages/api/intake/draft/attach.js:96:40)
      at Object.<anonymous> (tests/unit/intake-attach-endpoint.test.js:592:5)
  console.error
    [intake rate-limit] checkIntakeRateLimit error: VercelPostgresError - 'missing_connection_string': You did not supply a 'connectionString' and no 'POSTGRES_URL' env var was found.
      83 | async function noteLimiterDbFailure(context, err) {
      84 |   consecutiveDbFailures += 1;
    > 85 |   console.error(`[intake rate-limit] ${context} error:`, err.message);
         |           ^
      86 |   if (consecutiveDbFailures < DB_FAILURE_ALERT_THRESHOLD) return;
      87 |
      88 |   const failureCount = consecutiveDbFailures;
      at error (lib/intake/rate-limit.js:85:11)
      at noteLimiterDbFailure (lib/intake/rate-limit.js:252:11)
      at handler (pages/api/intake/draft/attach.js:96:40)
      at Object.<anonymous> (tests/unit/intake-attach-endpoint.test.js:606:5)
  console.error
    [intake rate-limit] checkIntakeRateLimit error: VercelPostgresError - 'missing_connection_string': You did not supply a 'connectionString' and no 'POSTGRES_URL' env var was found.
      83 | async function noteLimiterDbFailure(context, err) {
      84 |   consecutiveDbFailures += 1;
    > 85 |   console.error(`[intake rate-limit] ${context} error:`, err.message);
         |           ^
      86 |   if (consecutiveDbFailures < DB_FAILURE_ALERT_THRESHOLD) return;
      87 |
      88 |   const failureCount = consecutiveDbFailures;
      at error (lib/intake/rate-limit.js:85:11)
      at noteLimiterDbFailure (lib/intake/rate-limit.js:252:11)
      at handler (pages/api/intake/draft/attach.js:96:40)
      at Object.<anonymous> (tests/unit/intake-attach-endpoint.test.js:622:5)
  console.error
    [intake rate-limit] checkIntakeRateLimit error: VercelPostgresError - 'missing_connection_string': You did not supply a 'connectionString' and no 'POSTGRES_URL' env var was found.
      83 | async function noteLimiterDbFailure(context, err) {
      84 |   consecutiveDbFailures += 1;
    > 85 |   console.error(`[intake rate-limit] ${context} error:`, err.message);
         |           ^
      86 |   if (consecutiveDbFailures < DB_FAILURE_ALERT_THRESHOLD) return;
      87 |
      88 |   const failureCount = consecutiveDbFailures;
      at error (lib/intake/rate-limit.js:85:11)
      at noteLimiterDbFailure (lib/intake/rate-limit.js:252:11)
      at handler (pages/api/intake/draft/attach.js:96:40)
      at Object.<anonymous> (tests/unit/intake-attach-endpoint.test.js:642:5)
  console.error
    [intake rate-limit] checkIntakeRateLimit error: VercelPostgresError - 'missing_connection_string': You did not supply a 'connectionString' and no 'POSTGRES_URL' env var was found.
      83 | async function noteLimiterDbFailure(context, err) {
      84 |   consecutiveDbFailures += 1;
    > 85 |   console.error(`[intake rate-limit] ${context} error:`, err.message);
         |           ^
      86 |   if (consecutiveDbFailures < DB_FAILURE_ALERT_THRESHOLD) return;
      87 |
      88 |   const failureCount = consecutiveDbFailures;
      at error (lib/intake/rate-limit.js:85:11)
      at noteLimiterDbFailure (lib/intake/rate-limit.js:252:11)
      at handler (pages/api/intake/draft/attach.js:96:40)
      at Object.<anonymous> (tests/unit/intake-attach-endpoint.test.js:659:5)
  console.error
    {"level":"error","event":"intake_rate_limit.db_degraded","consecutiveFailures":5,"lastError":"VercelPostgresError - 'missing_connection_string': You did not supply a 'connectionString' and no 'POSTGRES_URL' env var was found."}
      89 |   consecutiveDbFailures = 0;
      90 |   try {
    > 91 |     console.error(JSON.stringify({
         |             ^
      92 |       level: 'error',
      93 |       event: 'intake_rate_limit.db_degraded',
      94 |       consecutiveFailures: failureCount,
      at error (lib/intake/rate-limit.js:91:13)
      at noteLimiterDbFailure (lib/intake/rate-limit.js:252:11)
      at handler (pages/api/intake/draft/attach.js:96:40)
      at Object.<anonymous> (tests/unit/intake-attach-endpoint.test.js:659:5)
  console.error
    AlertService.createAlert error: VercelPostgresError - 'missing_connection_string': You did not supply a 'connectionString' and no 'POSTGRES_URL' env var was found.
      45 |       return result.rows[0];
      46 |     } catch (error) {
    > 47 |       console.error('AlertService.createAlert error:', error.message);
         |               ^
      48 |       throw error;
      49 |     }
      50 |   }
      at AlertService.error [as createAlert] (lib/services/alert-service.js:47:15)
      at createAlert (lib/intake/rate-limit.js:97:24)
      at noteLimiterDbFailure (lib/intake/rate-limit.js:252:11)
      at handler (pages/api/intake/draft/attach.js:96:40)
      at Object.<anonymous> (tests/unit/intake-attach-endpoint.test.js:659:5)
  console.error
    [intake rate-limit] degraded-limiter alert raise failed: VercelPostgresError - 'missing_connection_string': You did not supply a 'connectionString' and no 'POSTGRES_URL' env var was found.
      108 |     });
      109 |   } catch (alertErr) {
    > 110 |     console.error('[intake rate-limit] degraded-limiter alert raise failed:', alertErr.message);
          |             ^
      111 |   }
      112 | }
      113 |
      at error (lib/intake/rate-limit.js:110:13)
      at checkIntakeRateLimit (lib/intake/rate-limit.js:252:5)
      at handler (pages/api/intake/draft/attach.js:96:14)
      at Object.<anonymous> (tests/unit/intake-attach-endpoint.test.js:659:5)
  console.warn
    [attach] del failed for drafts/42/550e8400-e29b-41d4-a716-446655440000 blob 5xx
      73 |       return
      74 |     }
    > 75 |     originalWarn.call(console, ...args)
         |                  ^
      76 |   }
      77 | })
      78 |
      at console.call (jest.setup.js:75:18)
      at warn (pages/api/intake/draft/attach.js:296:15)
      at handler (pages/api/intake/draft/attach.js:616:22)
      at Object.<anonymous> (tests/unit/intake-attach-endpoint.test.js:659:5)
  console.error
    [intake rate-limit] checkIntakeRateLimit error: VercelPostgresError - 'missing_connection_string': You did not supply a 'connectionString' and no 'POSTGRES_URL' env var was found.
      83 | async function noteLimiterDbFailure(context, err) {
      84 |   consecutiveDbFailures += 1;
    > 85 |   console.error(`[intake rate-limit] ${context} error:`, err.message);
         |           ^
      86 |   if (consecutiveDbFailures < DB_FAILURE_ALERT_THRESHOLD) return;
      87 |
      88 |   const failureCount = consecutiveDbFailures;
      at error (lib/intake/rate-limit.js:85:11)
      at noteLimiterDbFailure (lib/intake/rate-limit.js:252:11)
      at handler (pages/api/intake/draft/attach.js:96:40)
      at Object.<anonymous> (tests/unit/intake-attach-endpoint.test.js:674:5)
  console.error
    [intake rate-limit] checkIntakeRateLimit error: VercelPostgresError - 'missing_connection_string': You did not supply a 'connectionString' and no 'POSTGRES_URL' env var was found.
      83 | async function noteLimiterDbFailure(context, err) {
      84 |   consecutiveDbFailures += 1;
    > 85 |   console.error(`[intake rate-limit] ${context} error:`, err.message);
         |           ^
      86 |   if (consecutiveDbFailures < DB_FAILURE_ALERT_THRESHOLD) return;
      87 |
      88 |   const failureCount = consecutiveDbFailures;
      at error (lib/intake/rate-limit.js:85:11)
      at noteLimiterDbFailure (lib/intake/rate-limit.js:252:11)
      at handler (pages/api/intake/draft/attach.js:96:40)
      at Object.<anonymous> (tests/unit/intake-attach-endpoint.test.js:694:5)
  console.warn
    [attach] del failed for drafts/42/550e8400-e29b-41d4-a716-446655440000 blob 5xx
      73 |       return
      74 |     }
    > 75 |     originalWarn.call(console, ...args)
         |                  ^
      76 |   }
      77 | })
      78 |
      at console.call (jest.setup.js:75:18)
      at warn (pages/api/intake/draft/attach.js:296:15)
      at handler (pages/api/intake/draft/attach.js:658:22)
      at Object.<anonymous> (tests/unit/intake-attach-endpoint.test.js:694:5)
  console.error
    [intake rate-limit] checkIntakeRateLimit error: VercelPostgresError - 'missing_connection_string': You did not supply a 'connectionString' and no 'POSTGRES_URL' env var was found.
      83 | async function noteLimiterDbFailure(context, err) {
      84 |   consecutiveDbFailures += 1;
    > 85 |   console.error(`[intake rate-limit] ${context} error:`, err.message);
         |           ^
      86 |   if (consecutiveDbFailures < DB_FAILURE_ALERT_THRESHOLD) return;
      87 |
      88 |   const failureCount = consecutiveDbFailures;
      at error (lib/intake/rate-limit.js:85:11)
      at noteLimiterDbFailure (lib/intake/rate-limit.js:252:11)
      at handler (pages/api/intake/draft/attach.js:96:40)
      at Object.<anonymous> (tests/unit/intake-attach-endpoint.test.js:715:5)
  console.error
    [intake rate-limit] checkIntakeRateLimit error: VercelPostgresError - 'missing_connection_string': You did not supply a 'connectionString' and no 'POSTGRES_URL' env var was found.
      83 | async function noteLimiterDbFailure(context, err) {
      84 |   consecutiveDbFailures += 1;
    > 85 |   console.error(`[intake rate-limit] ${context} error:`, err.message);
         |           ^
      86 |   if (consecutiveDbFailures < DB_FAILURE_ALERT_THRESHOLD) return;
      87 |
      88 |   const failureCount = consecutiveDbFailures;
      at error (lib/intake/rate-limit.js:85:11)
      at noteLimiterDbFailure (lib/intake/rate-limit.js:252:11)
      at handler (pages/api/intake/draft/attach.js:96:40)
      at Object.<anonymous> (tests/unit/intake-attach-endpoint.test.js:731:5)
  console.error
    [intake rate-limit] checkIntakeRateLimit error: VercelPostgresError - 'missing_connection_string': You did not supply a 'connectionString' and no 'POSTGRES_URL' env var was found.
      83 | async function noteLimiterDbFailure(context, err) {
      84 |   consecutiveDbFailures += 1;
    > 85 |   console.error(`[intake rate-limit] ${context} error:`, err.message);
         |           ^
      86 |   if (consecutiveDbFailures < DB_FAILURE_ALERT_THRESHOLD) return;
      87 |
      88 |   const failureCount = consecutiveDbFailures;
      at error (lib/intake/rate-limit.js:85:11)
      at noteLimiterDbFailure (lib/intake/rate-limit.js:252:11)
      at handler (pages/api/intake/draft/attach.js:96:40)
      at Object.<anonymous> (tests/unit/intake-attach-endpoint.test.js:746:5)
  console.error
    {"level":"error","event":"intake_rate_limit.db_degraded","consecutiveFailures":5,"lastError":"VercelPostgresError - 'missing_connection_string': You did not supply a 'connectionString' and no 'POSTGRES_URL' env var was found."}
      89 |   consecutiveDbFailures = 0;
      90 |   try {
    > 91 |     console.error(JSON.stringify({
         |             ^
      92 |       level: 'error',
      93 |       event: 'intake_rate_limit.db_degraded',
      94 |       consecutiveFailures: failureCount,
      at error (lib/intake/rate-limit.js:91:13)
      at noteLimiterDbFailure (lib/intake/rate-limit.js:252:11)
      at handler (pages/api/intake/draft/attach.js:96:40)
      at Object.<anonymous> (tests/unit/intake-attach-endpoint.test.js:746:5)
  console.error
    AlertService.createAlert error: VercelPostgresError - 'missing_connection_string': You did not supply a 'connectionString' and no 'POSTGRES_URL' env var was found.
      45 |       return result.rows[0];
      46 |     } catch (error) {
    > 47 |       console.error('AlertService.createAlert error:', error.message);
         |               ^
      48 |       throw error;
      49 |     }
      50 |   }
      at AlertService.error [as createAlert] (lib/services/alert-service.js:47:15)
      at createAlert (lib/intake/rate-limit.js:97:24)
      at noteLimiterDbFailure (lib/intake/rate-limit.js:252:11)
      at handler (pages/api/intake/draft/attach.js:96:40)
      at Object.<anonymous> (tests/unit/intake-attach-endpoint.test.js:746:5)
  console.error
    [intake rate-limit] degraded-limiter alert raise failed: VercelPostgresError - 'missing_connection_string': You did not supply a 'connectionString' and no 'POSTGRES_URL' env var was found.
      108 |     });
      109 |   } catch (alertErr) {
    > 110 |     console.error('[intake rate-limit] degraded-limiter alert raise failed:', alertErr.message);
          |             ^
      111 |   }
      112 | }
      113 |
      at error (lib/intake/rate-limit.js:110:13)
      at checkIntakeRateLimit (lib/intake/rate-limit.js:252:5)
      at handler (pages/api/intake/draft/attach.js:96:14)
      at Object.<anonymous> (tests/unit/intake-attach-endpoint.test.js:746:5)
  console.error
    [attach] promoteToClean failed: Error: pg down
        at Object.<anonymous> (/Users/gallivan/Code/WMKF_Apps/tests/unit/intake-attach-endpoint.test.js:744:57)
        at Promise.finally.completed (/Users/gallivan/Code/WMKF_Apps/node_modules/jest-circus/build/jestAdapterInit.js:1561:28)
        at new Promise (<anonymous>)
        at callAsyncCircusFn (/Users/gallivan/Code/WMKF_Apps/node_modules/jest-circus/build/jestAdapterInit.js:1501:10)
        at _callCircusTest (/Users/gallivan/Code/WMKF_Apps/node_modules/jest-circus/build/jestAdapterInit.js:1011:40)
        at processTicksAndRejections (node:internal/process/task_queues:104:5)
        at _runTest (/Users/gallivan/Code/WMKF_Apps/node_modules/jest-circus/build/jestAdapterInit.js:951:3)
        at /Users/gallivan/Code/WMKF_Apps/node_modules/jest-circus/build/jestAdapterInit.js:853:7
        at _runTestsForDescribeBlock (/Users/gallivan/Code/WMKF_Apps/node_modules/jest-circus/build/jestAdapterInit.js:866:11)
        at _runTestsForDescribeBlock (/Users/gallivan/Code/WMKF_Apps/node_modules/jest-circus/build/jestAdapterInit.js:861:11)
        at run (/Users/gallivan/Code/WMKF_Apps/node_modules/jest-circus/build/jestAdapterInit.js:765:3)
        at runAndTransformResultsToJestFormat (/Users/gallivan/Code/WMKF_Apps/node_modules/jest-circus/build/jestAdapterInit.js:1993:21)
        at jestAdapter (/Users/gallivan/Code/WMKF_Apps/node_modules/jest-circus/build/runner.js:111:19)
        at runTestInternal (/Users/gallivan/Code/WMKF_Apps/node_modules/jest-runner/build/testWorker.js:276:16)
        at runTest (/Users/gallivan/Code/WMKF_Apps/node_modules/jest-runner/build/testWorker.js:344:7)
        at Object.worker (/Users/gallivan/Code/WMKF_Apps/node_modules/jest-runner/build/testWorker.js:498:12)
      578 |     );
      579 |   } catch (err) {
    > 580 |     console.error('[attach] promoteToClean failed:', err);
          |             ^
      581 |     return jsonError(res, 500, 'promote_failed');
      582 |   }
      583 |
      at error (pages/api/intake/draft/attach.js:580:13)
      at Object.<anonymous> (tests/unit/intake-attach-endpoint.test.js:746:5)
  console.error
    [intake rate-limit] checkIntakeRateLimit error: VercelPostgresError - 'missing_connection_string': You did not supply a 'connectionString' and no 'POSTGRES_URL' env var was found.
      83 | async function noteLimiterDbFailure(context, err) {
      84 |   consecutiveDbFailures += 1;
    > 85 |   console.error(`[intake rate-limit] ${context} error:`, err.message);
         |           ^
      86 |   if (consecutiveDbFailures < DB_FAILURE_ALERT_THRESHOLD) return;
      87 |
      88 |   const failureCount = consecutiveDbFailures;
      at error (lib/intake/rate-limit.js:85:11)
      at noteLimiterDbFailure (lib/intake/rate-limit.js:252:11)
      at handler (pages/api/intake/draft/attach.js:96:40)
      at Object.<anonymous> (tests/unit/intake-attach-endpoint.test.js:756:5)
  console.error
    [intake rate-limit] checkIntakeRateLimit error: VercelPostgresError - 'missing_connection_string': You did not supply a 'connectionString' and no 'POSTGRES_URL' env var was found.
      83 | async function noteLimiterDbFailure(context, err) {
      84 |   consecutiveDbFailures += 1;
    > 85 |   console.error(`[intake rate-limit] ${context} error:`, err.message);
         |           ^
      86 |   if (consecutiveDbFailures < DB_FAILURE_ALERT_THRESHOLD) return;
      87 |
      88 |   const failureCount = consecutiveDbFailures;
      at error (lib/intake/rate-limit.js:85:11)
      at noteLimiterDbFailure (lib/intake/rate-limit.js:252:11)
      at handler (pages/api/intake/draft/attach.js:96:40)
      at Object.<anonymous> (tests/unit/intake-attach-endpoint.test.js:771:5)
  console.error
    [intake rate-limit] checkIntakeRateLimit error: VercelPostgresError - 'missing_connection_string': You did not supply a 'connectionString' and no 'POSTGRES_URL' env var was found.
      83 | async function noteLimiterDbFailure(context, err) {
      84 |   consecutiveDbFailures += 1;
    > 85 |   console.error(`[intake rate-limit] ${context} error:`, err.message);
         |           ^
      86 |   if (consecutiveDbFailures < DB_FAILURE_ALERT_THRESHOLD) return;
      87 |
      88 |   const failureCount = consecutiveDbFailures;
      at error (lib/intake/rate-limit.js:85:11)
      at noteLimiterDbFailure (lib/intake/rate-limit.js:252:11)
      at handler (pages/api/intake/draft/attach.js:96:40)
      at Object.<anonymous> (tests/unit/intake-attach-endpoint.test.js:781:5)
  console.error
    [intake rate-limit] checkIntakeRateLimit error: VercelPostgresError - 'missing_connection_string': You did not supply a 'connectionString' and no 'POSTGRES_URL' env var was found.
      83 | async function noteLimiterDbFailure(context, err) {
      84 |   consecutiveDbFailures += 1;
    > 85 |   console.error(`[intake rate-limit] ${context} error:`, err.message);
         |           ^
      86 |   if (consecutiveDbFailures < DB_FAILURE_ALERT_THRESHOLD) return;
      87 |
      88 |   const failureCount = consecutiveDbFailures;
      at error (lib/intake/rate-limit.js:85:11)
      at noteLimiterDbFailure (lib/intake/rate-limit.js:252:11)
      at handler (pages/api/intake/draft/attach.js:96:40)
      at Object.<anonymous> (tests/unit/intake-attach-endpoint.test.js:792:5)
  console.error
    [intake rate-limit] checkIntakeRateLimit error: VercelPostgresError - 'missing_connection_string': You did not supply a 'connectionString' and no 'POSTGRES_URL' env var was found.
      83 | async function noteLimiterDbFailure(context, err) {
      84 |   consecutiveDbFailures += 1;
    > 85 |   console.error(`[intake rate-limit] ${context} error:`, err.message);
         |           ^
      86 |   if (consecutiveDbFailures < DB_FAILURE_ALERT_THRESHOLD) return;
      87 |
      88 |   const failureCount = consecutiveDbFailures;
      at error (lib/intake/rate-limit.js:85:11)
      at noteLimiterDbFailure (lib/intake/rate-limit.js:252:11)
      at handler (pages/api/intake/draft/attach.js:96:40)
      at Object.<anonymous> (tests/unit/intake-attach-endpoint.test.js:817:5)
  console.error
    {"level":"error","event":"intake_rate_limit.db_degraded","consecutiveFailures":5,"lastError":"VercelPostgresError - 'missing_connection_string': You did not supply a 'connectionString' and no 'POSTGRES_URL' env var was found."}
      89 |   consecutiveDbFailures = 0;
      90 |   try {
    > 91 |     console.error(JSON.stringify({
         |             ^
      92 |       level: 'error',
      93 |       event: 'intake_rate_limit.db_degraded',
      94 |       consecutiveFailures: failureCount,
      at error (lib/intake/rate-limit.js:91:13)
      at noteLimiterDbFailure (lib/intake/rate-limit.js:252:11)
      at handler (pages/api/intake/draft/attach.js:96:40)
      at Object.<anonymous> (tests/unit/intake-attach-endpoint.test.js:817:5)
  console.error
    AlertService.createAlert error: VercelPostgresError - 'missing_connection_string': You did not supply a 'connectionString' and no 'POSTGRES_URL' env var was found.
      45 |       return result.rows[0];
      46 |     } catch (error) {
    > 47 |       console.error('AlertService.createAlert error:', error.message);
         |               ^
      48 |       throw error;
      49 |     }
      50 |   }
      at AlertService.error [as createAlert] (lib/services/alert-service.js:47:15)
      at createAlert (lib/intake/rate-limit.js:97:24)
      at noteLimiterDbFailure (lib/intake/rate-limit.js:252:11)
      at handler (pages/api/intake/draft/attach.js:96:40)
      at Object.<anonymous> (tests/unit/intake-attach-endpoint.test.js:817:5)
  console.error
    [intake rate-limit] degraded-limiter alert raise failed: VercelPostgresError - 'missing_connection_string': You did not supply a 'connectionString' and no 'POSTGRES_URL' env var was found.
      108 |     });
      109 |   } catch (alertErr) {
    > 110 |     console.error('[intake rate-limit] degraded-limiter alert raise failed:', alertErr.message);
          |             ^
      111 |   }
      112 | }
      113 |
      at error (lib/intake/rate-limit.js:110:13)
      at checkIntakeRateLimit (lib/intake/rate-limit.js:252:5)
      at handler (pages/api/intake/draft/attach.js:96:14)
      at Object.<anonymous> (tests/unit/intake-attach-endpoint.test.js:817:5)
  console.error
    [intake rate-limit] checkIntakeRateLimit error: VercelPostgresError - 'missing_connection_string': You did not supply a 'connectionString' and no 'POSTGRES_URL' env var was found.
      83 | async function noteLimiterDbFailure(context, err) {
      84 |   consecutiveDbFailures += 1;
    > 85 |   console.error(`[intake rate-limit] ${context} error:`, err.message);
         |           ^
      86 |   if (consecutiveDbFailures < DB_FAILURE_ALERT_THRESHOLD) return;
      87 |
      88 |   const failureCount = consecutiveDbFailures;
      at error (lib/intake/rate-limit.js:85:11)
      at noteLimiterDbFailure (lib/intake/rate-limit.js:252:11)
      at handler (pages/api/intake/draft/attach.js:96:40)
      at Object.<anonymous> (tests/unit/intake-attach-endpoint.test.js:843:5)
  console.error
    [attach] blobResult.blob.url missing — refusing to promote {
      draftId: 42,
      attachmentId: '550e8400-e29b-41d4-a716-446655440000',
      pathname: 'drafts/42/550e8400-e29b-41d4-a716-446655440000'
    }
      534 |   const blobUrl = blobResult?.blob?.url;
      535 |   if (typeof blobUrl !== 'string' || !blobUrl) {
    > 536 |     console.error('[attach] blobResult.blob.url missing — refusing to promote', {
          |             ^
      537 |       draftId, attachmentId, pathname: pending.pathname,
      538 |     });
      539 |     // Don't delete the Blob — bytes may be recoverable; operator decides.
      at error (pages/api/intake/draft/attach.js:536:13)
      at Object.<anonymous> (tests/unit/intake-attach-endpoint.test.js:843:5)
  console.error
    [intake rate-limit] checkIntakeRateLimit error: VercelPostgresError - 'missing_connection_string': You did not supply a 'connectionString' and no 'POSTGRES_URL' env var was found.
      83 | async function noteLimiterDbFailure(context, err) {
      84 |   consecutiveDbFailures += 1;
    > 85 |   console.error(`[intake rate-limit] ${context} error:`, err.message);
         |           ^
      86 |   if (consecutiveDbFailures < DB_FAILURE_ALERT_THRESHOLD) return;
      87 |
      88 |   const failureCount = consecutiveDbFailures;
      at error (lib/intake/rate-limit.js:85:11)
      at noteLimiterDbFailure (lib/intake/rate-limit.js:252:11)
      at handler (pages/api/intake/draft/attach.js:96:40)
      at Object.<anonymous> (tests/unit/intake-attach-endpoint.test.js:858:5)
  console.error
    [intake rate-limit] checkIntakeRateLimit error: VercelPostgresError - 'missing_connection_string': You did not supply a 'connectionString' and no 'POSTGRES_URL' env var was found.
      83 | async function noteLimiterDbFailure(context, err) {
      84 |   consecutiveDbFailures += 1;
    > 85 |   console.error(`[intake rate-limit] ${context} error:`, err.message);
         |           ^
      86 |   if (consecutiveDbFailures < DB_FAILURE_ALERT_THRESHOLD) return;
      87 |
      88 |   const failureCount = consecutiveDbFailures;
      at error (lib/intake/rate-limit.js:85:11)
      at noteLimiterDbFailure (lib/intake/rate-limit.js:252:11)
      at handler (pages/api/intake/draft/attach.js:96:40)
      at Object.<anonymous> (tests/unit/intake-attach-endpoint.test.js:874:5)
  console.warn
    [attach] removePending failed: pg blip
      73 |       return
      74 |     }
    > 75 |     originalWarn.call(console, ...args)
         |                  ^
      76 |   }
      77 | })
      78 |
      at console.call (jest.setup.js:75:18)
      at warn (pages/api/intake/draft/attach.js:305:15)
      at handler (pages/api/intake/draft/attach.js:433:5)
      at Object.<anonymous> (tests/unit/intake-attach-endpoint.test.js:874:5)
  console.error
    [intake rate-limit] checkIntakeRateLimit error: VercelPostgresError - 'missing_connection_string': You did not supply a 'connectionString' and no 'POSTGRES_URL' env var was found.
      83 | async function noteLimiterDbFailure(context, err) {
      84 |   consecutiveDbFailures += 1;
    > 85 |   console.error(`[intake rate-limit] ${context} error:`, err.message);
         |           ^
      86 |   if (consecutiveDbFailures < DB_FAILURE_ALERT_THRESHOLD) return;
      87 |
      88 |   const failureCount = consecutiveDbFailures;
      at error (lib/intake/rate-limit.js:85:11)
      at noteLimiterDbFailure (lib/intake/rate-limit.js:252:11)
      at handler (pages/api/intake/draft/attach.js:96:40)
      at Object.<anonymous> (tests/unit/intake-attach-endpoint.test.js:887:5)
  console.error
    [attach] reading Blob stream failed: Error: stream broken
        at Object.start (/Users/gallivan/Code/WMKF_Apps/tests/unit/intake-attach-endpoint.test.js:883:46)
        at setupReadableStreamDefaultController (node:internal/webstreams/readablestream:2653:23)
        at setupReadableStreamDefaultControllerFromSource (node:internal/webstreams/readablestream:2700:3)
        at new ReadableStream (node:internal/webstreams/readablestream:279:7)
        at Object.<anonymous> (/Users/gallivan/Code/WMKF_Apps/tests/unit/intake-attach-endpoint.test.js:882:15)
        at Promise.finally.completed (/Users/gallivan/Code/WMKF_Apps/node_modules/jest-circus/build/jestAdapterInit.js:1561:28)
        at new Promise (<anonymous>)
        at callAsyncCircusFn (/Users/gallivan/Code/WMKF_Apps/node_modules/jest-circus/build/jestAdapterInit.js:1501:10)
        at _callCircusTest (/Users/gallivan/Code/WMKF_Apps/node_modules/jest-circus/build/jestAdapterInit.js:1011:40)
        at processTicksAndRejections (node:internal/process/task_queues:104:5)
        at _runTest (/Users/gallivan/Code/WMKF_Apps/node_modules/jest-circus/build/jestAdapterInit.js:951:3)
        at /Users/gallivan/Code/WMKF_Apps/node_modules/jest-circus/build/jestAdapterInit.js:853:7
        at _runTestsForDescribeBlock (/Users/gallivan/Code/WMKF_Apps/node_modules/jest-circus/build/jestAdapterInit.js:866:11)
        at _runTestsForDescribeBlock (/Users/gallivan/Code/WMKF_Apps/node_modules/jest-circus/build/jestAdapterInit.js:861:11)
        at run (/Users/gallivan/Code/WMKF_Apps/node_modules/jest-circus/build/jestAdapterInit.js:765:3)
        at runAndTransformResultsToJestFormat (/Users/gallivan/Code/WMKF_Apps/node_modules/jest-circus/build/jestAdapterInit.js:1993:21)
        at jestAdapter (/Users/gallivan/Code/WMKF_Apps/node_modules/jest-circus/build/runner.js:111:19)
        at runTestInternal (/Users/gallivan/Code/WMKF_Apps/node_modules/jest-runner/build/testWorker.js:276:16)
        at runTest (/Users/gallivan/Code/WMKF_Apps/node_modules/jest-runner/build/testWorker.js:344:7)
        at Object.worker (/Users/gallivan/Code/WMKF_Apps/node_modules/jest-runner/build/testWorker.js:498:12)
      277 |     buffer = Buffer.from(await new Response(blobResult.stream).arrayBuffer());
      278 |   } catch (err) {
    > 279 |     console.error('[attach] reading Blob stream failed:', err);
          |             ^
      280 |     return jsonError(res, 503, 'blob_unavailable');
      281 |   }
      282 |
      at error (pages/api/intake/draft/attach.js:279:13)
      at Object.<anonymous> (tests/unit/intake-attach-endpoint.test.js:887:5)
  console.log
    [Verification] Starting verification of 1 candidates
      at DiscoveryService.log [as verifyClaudeSuggestions] (lib/services/discovery-service.js:513:13)
  console.log
    [Verification] Alfred Laederach: Querying PubMed (simple) for variant "Alfred Laederach"
      at DiscoveryService.log [as verifyClaudeSuggestions] (lib/services/discovery-service.js:542:17)
  console.log
    [Verification] Alfred Laederach: Simple search returned 0 articles
      at DiscoveryService.log [as verifyClaudeSuggestions] (lib/services/discovery-service.js:545:19)
  console.log
    [Verification] Alfred Laederach: Querying PubMed (disambiguated) for variant "Alfred Laederach"
      at DiscoveryService.log [as verifyClaudeSuggestions] (lib/services/discovery-service.js:555:17)
  console.log
    [Verification] Alfred Laederach: Disambiguated search returned 0 articles
      at DiscoveryService.log [as verifyClaudeSuggestions] (lib/services/discovery-service.js:558:19)
  console.log
    [Verification] Alfred Laederach: Querying PubMed (simple) for variant "A Laederach"
      at DiscoveryService.log [as verifyClaudeSuggestions] (lib/services/discovery-service.js:542:17)
  console.log
    [Verification] Alfred Laederach: Simple search returned 3 articles
      at DiscoveryService.log [as verifyClaudeSuggestions] (lib/services/discovery-service.js:545:19)
  console.log
    [Verification] Alfred Laederach: Querying PubMed (disambiguated) for variant "A Laederach"
      at DiscoveryService.log [as verifyClaudeSuggestions] (lib/services/discovery-service.js:555:17)
  console.log
    [Verification] Alfred Laederach: Disambiguated search returned 3 articles
      at DiscoveryService.log [as verifyClaudeSuggestions] (lib/services/discovery-service.js:558:19)
  console.log
    [Verification] Alfred Laederach: UNRESOLVED with 3 publications (confidence: 50%)
      at DiscoveryService.log [as verifyClaudeSuggestions] (lib/services/discovery-service.js:710:17)
  console.log
    [Verification] Alfred Laederach: ⚠️ NAME EVIDENCE WEAK - No returned author full forename matches the suggested full forename
      at DiscoveryService.log [as verifyClaudeSuggestions] (lib/services/discovery-service.js:718:19)
  console.log
    [Verification] Complete: 0 verified, 1 unverified
      at DiscoveryService.log [as verifyClaudeSuggestions] (lib/services/discovery-service.js:748:13)
  console.log
    [Verification] Starting verification of 1 candidates
      at DiscoveryService.log [as verifyClaudeSuggestions] (lib/services/discovery-service.js:513:13)
  console.log
    [Verification] Alain Laederach: Querying PubMed (simple) for variant "Alain Laederach"
      at DiscoveryService.log [as verifyClaudeSuggestions] (lib/services/discovery-service.js:542:17)
  console.log
    [Verification] Alain Laederach: Simple search returned 3 articles
      at DiscoveryService.log [as verifyClaudeSuggestions] (lib/services/discovery-service.js:545:19)
  console.log
    [Verification] Alain Laederach: Querying PubMed (disambiguated) for variant "Alain Laederach"
      at DiscoveryService.log [as verifyClaudeSuggestions] (lib/services/discovery-service.js:555:17)
  console.log
    [Verification] Alain Laederach: Disambiguated search returned 3 articles
      at DiscoveryService.log [as verifyClaudeSuggestions] (lib/services/discovery-service.js:558:19)
  console.log
    [Verification] Alain Laederach: Querying PubMed (simple) for variant "A Laederach"
      at DiscoveryService.log [as verifyClaudeSuggestions] (lib/services/discovery-service.js:542:17)
  console.log
    [Verification] Alain Laederach: Simple search returned 0 articles
      at DiscoveryService.log [as verifyClaudeSuggestions] (lib/services/discovery-service.js:545:19)
  console.log
    [Verification] Alain Laederach: Querying PubMed (disambiguated) for variant "A Laederach"
      at DiscoveryService.log [as verifyClaudeSuggestions] (lib/services/discovery-service.js:555:17)
  console.log
    [Verification] Alain Laederach: Disambiguated search returned 0 articles
      at DiscoveryService.log [as verifyClaudeSuggestions] (lib/services/discovery-service.js:558:19)
  console.log
    [Verification] Alain Laederach: VERIFIED with 3 publications (confidence: 50%)
      at DiscoveryService.log [as verifyClaudeSuggestions] (lib/services/discovery-service.js:710:17)
  console.log
    [Verification] Complete: 1 verified, 0 unverified
      at DiscoveryService.log [as verifyClaudeSuggestions] (lib/services/discovery-service.js:748:13)
  console.log
    [Verification] Starting verification of 1 candidates
      at DiscoveryService.log [as verifyClaudeSuggestions] (lib/services/discovery-service.js:513:13)
  console.log
    [Verification] Alain Laederach: Querying PubMed (simple) for variant "Alain Laederach"
      at DiscoveryService.log [as verifyClaudeSuggestions] (lib/services/discovery-service.js:542:17)
  console.log
    [Verification] Alain Laederach: Simple search returned 3 articles
      at DiscoveryService.log [as verifyClaudeSuggestions] (lib/services/discovery-service.js:545:19)
  console.log
    [Verification] Alain Laederach: Querying PubMed (disambiguated) for variant "Alain Laederach"
      at DiscoveryService.log [as verifyClaudeSuggestions] (lib/services/discovery-service.js:555:17)
  console.log
    [Verification] Alain Laederach: Disambiguated search returned 3 articles
      at DiscoveryService.log [as verifyClaudeSuggestions] (lib/services/discovery-service.js:558:19)
  console.log
    [Verification] Alain Laederach: Querying PubMed (simple) for variant "A Laederach"
      at DiscoveryService.log [as verifyClaudeSuggestions] (lib/services/discovery-service.js:542:17)
  console.log
    [Verification] Alain Laederach: Simple search returned 0 articles
      at DiscoveryService.log [as verifyClaudeSuggestions] (lib/services/discovery-service.js:545:19)
  console.log
    [Verification] Alain Laederach: Querying PubMed (disambiguated) for variant "A Laederach"
      at DiscoveryService.log [as verifyClaudeSuggestions] (lib/services/discovery-service.js:555:17)
  console.log
    [Verification] Alain Laederach: Disambiguated search returned 0 articles
      at DiscoveryService.log [as verifyClaudeSuggestions] (lib/services/discovery-service.js:558:19)
  console.log
    [Verification] Alain Laederach: REJECTED - Only 2 relevant publications (minimum: 3)
      at DiscoveryService.log [as verifyClaudeSuggestions] (lib/services/discovery-service.js:737:17)
  console.log
    [Verification] Complete: 0 verified, 1 unverified
      at DiscoveryService.log [as verifyClaudeSuggestions] (lib/services/discovery-service.js:748:13)
  console.log
    [Verification] Starting verification of 1 candidates
      at DiscoveryService.log [as verifyClaudeSuggestions] (lib/services/discovery-service.js:513:13)
  console.log
    [Verification] A Laederach: Querying PubMed (simple) for variant "A Laederach"
      at DiscoveryService.log [as verifyClaudeSuggestions] (lib/services/discovery-service.js:542:17)
  console.log
    [Verification] A Laederach: Simple search returned 3 articles
      at DiscoveryService.log [as verifyClaudeSuggestions] (lib/services/discovery-service.js:545:19)
  console.log
    [Verification] A Laederach: Querying PubMed (disambiguated) for variant "A Laederach"
      at DiscoveryService.log [as verifyClaudeSuggestions] (lib/services/discovery-service.js:555:17)
  console.log
    [Verification] A Laederach: Disambiguated search returned 3 articles
      at DiscoveryService.log [as verifyClaudeSuggestions] (lib/services/discovery-service.js:558:19)
  console.log
    [Verification] A Laederach: UNRESOLVED with 3 publications (confidence: 50%)
      at DiscoveryService.log [as verifyClaudeSuggestions] (lib/services/discovery-service.js:710:17)
  console.log
    [Verification] A Laederach: ⚠️ NAME EVIDENCE WEAK - Only first initial matched the returned author forename
      at DiscoveryService.log [as verifyClaudeSuggestions] (lib/services/discovery-service.js:718:19)
  console.log
    [Verification] Complete: 0 verified, 1 unverified
      at DiscoveryService.log [as verifyClaudeSuggestions] (lib/services/discovery-service.js:748:13)
  console.log
    [Verification] Starting verification of 1 candidates
      at DiscoveryService.log [as verifyClaudeSuggestions] (lib/services/discovery-service.js:513:13)
  console.log
    [Verification] Imaginary Reviewer: Querying PubMed (simple) for variant "Imaginary Reviewer"
      at DiscoveryService.log [as verifyClaudeSuggestions] (lib/services/discovery-service.js:542:17)
  console.log
    [Verification] Imaginary Reviewer: Simple search returned 0 articles
      at DiscoveryService.log [as verifyClaudeSuggestions] (lib/services/discovery-service.js:545:19)
  console.log
    [Verification] Imaginary Reviewer: Querying PubMed (disambiguated) for variant "Imaginary Reviewer"
      at DiscoveryService.log [as verifyClaudeSuggestions] (lib/services/discovery-service.js:555:17)
  console.log
    [Verification] Imaginary Reviewer: Disambiguated search returned 0 articles
      at DiscoveryService.log [as verifyClaudeSuggestions] (lib/services/discovery-service.js:558:19)
  console.log
    [Verification] Imaginary Reviewer: Querying PubMed (simple) for variant "I Reviewer"
      at DiscoveryService.log [as verifyClaudeSuggestions] (lib/services/discovery-service.js:542:17)
  console.log
    [Verification] Imaginary Reviewer: Simple search returned 0 articles
      at DiscoveryService.log [as verifyClaudeSuggestions] (lib/services/discovery-service.js:545:19)
  console.log
    [Verification] Imaginary Reviewer: Querying PubMed (disambiguated) for variant "I Reviewer"
      at DiscoveryService.log [as verifyClaudeSuggestions] (lib/services/discovery-service.js:555:17)
  console.log
    [Verification] Imaginary Reviewer: Disambiguated search returned 0 articles
      at DiscoveryService.log [as verifyClaudeSuggestions] (lib/services/discovery-service.js:558:19)
  console.log
    [Verification] Imaginary Reviewer: REJECTED - No publications found matching expertise
      at DiscoveryService.log [as verifyClaudeSuggestions] (lib/services/discovery-service.js:737:17)
  console.log
    [Verification] Complete: 0 verified, 1 unverified
      at DiscoveryService.log [as verifyClaudeSuggestions] (lib/services/discovery-service.js:748:13)
  console.log
    [Verification] Verifying 1 suggestion(s) via OpenAlex/ORCID spine instead of PubMed: Verification skipped — PubMed off / no verifier for this field.
      at DiscoveryService.log [as verifyClaudeSuggestions] (lib/services/discovery-service.js:493:15)
  console.log
    [Verification] Verifying 1 suggestion(s) via OpenAlex/ORCID spine instead of PubMed: Verification skipped — PubMed off / no verifier for this field.
      at DiscoveryService.log [as verifyClaudeSuggestions] (lib/services/discovery-service.js:493:15)
  console.log
    [Verification] Verifying 1 suggestion(s) via OpenAlex/ORCID spine instead of PubMed: Verification skipped — PubMed off / no verifier for this field.
      at DiscoveryService.log [as verifyClaudeSuggestions] (lib/services/discovery-service.js:493:15)
  console.log
    [Verification] Verifying 2 suggestion(s) via OpenAlex/ORCID spine instead of PubMed: Verification skipped — PubMed off / no verifier for this field.
      at DiscoveryService.log [as verifyClaudeSuggestions] (lib/services/discovery-service.js:493:15)
  console.log
    [Verification] Verifying 1 suggestion(s) via OpenAlex/ORCID spine instead of PubMed: Non-biomedical proposal — PubMed cannot confirm this field
      at DiscoveryService.log [as verifyClaudeSuggestions] (lib/services/discovery-service.js:493:15)
  console.log
    [Verification] Starting verification of 1 candidates
      at DiscoveryService.log [as verifyClaudeSuggestions] (lib/services/discovery-service.js:513:13)
  console.log
    [Verification] Alain Laederach: Querying PubMed (simple) for variant "Alain Laederach"
      at DiscoveryService.log [as verifyClaudeSuggestions] (lib/services/discovery-service.js:542:17)
  console.log
    [Verification] Alain Laederach: Simple search returned 3 articles
      at DiscoveryService.log [as verifyClaudeSuggestions] (lib/services/discovery-service.js:545:19)
  console.log
    [Verification] Alain Laederach: Querying PubMed (disambiguated) for variant "Alain Laederach"
      at DiscoveryService.log [as verifyClaudeSuggestions] (lib/services/discovery-service.js:555:17)
  console.log
    [Verification] Alain Laederach: Disambiguated search returned 3 articles
      at DiscoveryService.log [as verifyClaudeSuggestions] (lib/services/discovery-service.js:558:19)
  console.log
    [Verification] Alain Laederach: Querying PubMed (simple) for variant "A Laederach"
      at DiscoveryService.log [as verifyClaudeSuggestions] (lib/services/discovery-service.js:542:17)
  console.log
    [Verification] Alain Laederach: Simple search returned 0 articles
      at DiscoveryService.log [as verifyClaudeSuggestions] (lib/services/discovery-service.js:545:19)
  console.log
    [Verification] Alain Laederach: Querying PubMed (disambiguated) for variant "A Laederach"
      at DiscoveryService.log [as verifyClaudeSuggestions] (lib/services/discovery-service.js:555:17)
  console.log
    [Verification] Alain Laederach: Disambiguated search returned 0 articles
      at DiscoveryService.log [as verifyClaudeSuggestions] (lib/services/discovery-service.js:558:19)
  console.log
    [Verification] Alain Laederach: verification incoherence flagged (institution_mismatch)
      at DiscoveryService.log [as verifyClaudeSuggestions] (lib/services/discovery-service.js:668:19)
  console.log
    [Verification] Alain Laederach: VERIFIED with 3 publications (confidence: 50%)
      at DiscoveryService.log [as verifyClaudeSuggestions] (lib/services/discovery-service.js:710:17)
  console.log
    [Verification] Alain Laederach: ⚠️ INSTITUTION MISMATCH - Claude suggested "Salk Institute", PubMed found "University of North Carolina, Chapel Hill, NC"
      at DiscoveryService.log [as verifyClaudeSuggestions] (lib/services/discovery-service.js:712:19)
  console.log
    [Verification] Complete: 1 verified, 0 unverified
      at DiscoveryService.log [as verifyClaudeSuggestions] (lib/services/discovery-service.js:748:13)
  console.log
    [Verification] Starting verification of 1 candidates
      at DiscoveryService.log [as verifyClaudeSuggestions] (lib/services/discovery-service.js:513:13)
  console.log
    [Verification] Alain Laederach: Querying PubMed (simple) for variant "Alain Laederach"
      at DiscoveryService.log [as verifyClaudeSuggestions] (lib/services/discovery-service.js:542:17)
  console.log
    [Verification] Alain Laederach: Simple search returned 3 articles
      at DiscoveryService.log [as verifyClaudeSuggestions] (lib/services/discovery-service.js:545:19)
  console.log
    [Verification] Alain Laederach: Querying PubMed (disambiguated) for variant "Alain Laederach"
      at DiscoveryService.log [as verifyClaudeSuggestions] (lib/services/discovery-service.js:555:17)
  console.log
    [Verification] Alain Laederach: Disambiguated search returned 3 articles
      at DiscoveryService.log [as verifyClaudeSuggestions] (lib/services/discovery-service.js:558:19)
  console.log
    [Verification] Alain Laederach: Querying PubMed (simple) for variant "A Laederach"
      at DiscoveryService.log [as verifyClaudeSuggestions] (lib/services/discovery-service.js:542:17)
  console.log
    [Verification] Alain Laederach: Simple search returned 0 articles
      at DiscoveryService.log [as verifyClaudeSuggestions] (lib/services/discovery-service.js:545:19)
  console.log
    [Verification] Alain Laederach: Querying PubMed (disambiguated) for variant "A Laederach"
      at DiscoveryService.log [as verifyClaudeSuggestions] (lib/services/discovery-service.js:555:17)
  console.log
    [Verification] Alain Laederach: Disambiguated search returned 0 articles
      at DiscoveryService.log [as verifyClaudeSuggestions] (lib/services/discovery-service.js:558:19)
  console.log
    [Verification] Alain Laederach: verification incoherence flagged (expertise_mismatch)
      at DiscoveryService.log [as verifyClaudeSuggestions] (lib/services/discovery-service.js:668:19)
  console.log
    [Verification] Alain Laederach: VERIFIED with 3 publications (confidence: 0%)
      at DiscoveryService.log [as verifyClaudeSuggestions] (lib/services/discovery-service.js:710:17)
  console.log
    [Verification] Alain Laederach: ⚠️ EXPERTISE MISMATCH - Claude claimed "photosynthetic coral bleaching" but no publications match these terms
      at DiscoveryService.log [as verifyClaudeSuggestions] (lib/services/discovery-service.js:715:19)
  console.log
    [Verification] Complete: 1 verified, 0 unverified
      at DiscoveryService.log [as verifyClaudeSuggestions] (lib/services/discovery-service.js:748:13)
  console.log
    [Verification] Starting verification of 1 candidates
      at DiscoveryService.log [as verifyClaudeSuggestions] (lib/services/discovery-service.js:513:13)
  console.log
    [Verification] Alain Laederach: Querying PubMed (simple) for variant "Alain Laederach"
      at DiscoveryService.log [as verifyClaudeSuggestions] (lib/services/discovery-service.js:542:17)
  console.log
    [Verification] Alain Laederach: Simple search returned 3 articles
      at DiscoveryService.log [as verifyClaudeSuggestions] (lib/services/discovery-service.js:545:19)
  console.log
    [Verification] Alain Laederach: Querying PubMed (disambiguated) for variant "Alain Laederach"
      at DiscoveryService.log [as verifyClaudeSuggestions] (lib/services/discovery-service.js:555:17)
  console.log
    [Verification] Alain Laederach: Disambiguated search returned 3 articles
      at DiscoveryService.log [as verifyClaudeSuggestions] (lib/services/discovery-service.js:558:19)
  console.log
    [Verification] Alain Laederach: Querying PubMed (simple) for variant "A Laederach"
      at DiscoveryService.log [as verifyClaudeSuggestions] (lib/services/discovery-service.js:542:17)
  console.log
    [Verification] Alain Laederach: Simple search returned 0 articles
      at DiscoveryService.log [as verifyClaudeSuggestions] (lib/services/discovery-service.js:545:19)
  console.log
    [Verification] Alain Laederach: Querying PubMed (disambiguated) for variant "A Laederach"
      at DiscoveryService.log [as verifyClaudeSuggestions] (lib/services/discovery-service.js:555:17)
  console.log
    [Verification] Alain Laederach: Disambiguated search returned 0 articles
      at DiscoveryService.log [as verifyClaudeSuggestions] (lib/services/discovery-service.js:558:19)
  console.log
    [Verification] Alain Laederach: verification incoherence flagged (institution_mismatch; expertise_mismatch)
      at DiscoveryService.log [as verifyClaudeSuggestions] (lib/services/discovery-service.js:668:19)
  console.log
    [Verification] Alain Laederach: VERIFIED with 3 publications (confidence: 0%)
      at DiscoveryService.log [as verifyClaudeSuggestions] (lib/services/discovery-service.js:710:17)
  console.log
    [Verification] Alain Laederach: ⚠️ INSTITUTION MISMATCH - Claude suggested "Salk Institute", PubMed found "University of North Carolina, Chapel Hill, NC"
      at DiscoveryService.log [as verifyClaudeSuggestions] (lib/services/discovery-service.js:712:19)
  console.log
    [Verification] Alain Laederach: ⚠️ EXPERTISE MISMATCH - Claude claimed "photosynthetic coral bleaching" but no publications match these terms
      at DiscoveryService.log [as verifyClaudeSuggestions] (lib/services/discovery-service.js:715:19)
  console.log
    [Verification] Complete: 1 verified, 0 unverified
      at DiscoveryService.log [as verifyClaudeSuggestions] (lib/services/discovery-service.js:748:13)
  console.error
    [GrantReporting:extract] Output schema validation failed (extraction): $.header: must be an object.
      567 |   const result = validateAiJson(parsed, schema);
      568 |   if (!result.ok) {
    > 569 |     console.error(
          |             ^
      570 |       `[GrantReporting:extract] Output schema validation failed (${context}): ${result.errors.join('; ')}`,
      571 |     );
      572 |     throw httpError(502, `Claude returned structurally invalid ${context} output`);
      at error (pages/api/grant-reporting/extract.js:569:13)
      at validateAndStrip (pages/api/grant-reporting/extract.js:385:21)
      at Object.<anonymous> (tests/unit/grant-reporting-extract-payload-boundary.test.js:224:5)
  console.error
    [external context] etag re-read after first-access failed: transient
      88 |           etag = fresh?._etag || null;
      89 |         } catch (e2) {
    > 90 |           console.error('[external context] etag re-read after first-access failed:', e2.message);
         |                   ^
      91 |           etag = null;
      92 |         }
      93 |       } catch (e) {
      at error (pages/api/external/review/[token]/context.js:90:19)
      at Object.<anonymous> (tests/integration/external-review-routes.test.js:312:5)
  console.error
    [intake rate-limit] checkIntakeRateLimit error: VercelPostgresError - 'missing_connection_string': You did not supply a 'connectionString' and no 'POSTGRES_URL' env var was found.
      83 | async function noteLimiterDbFailure(context, err) {
      84 |   consecutiveDbFailures += 1;
    > 85 |   console.error(`[intake rate-limit] ${context} error:`, err.message);
         |           ^
      86 |   if (consecutiveDbFailures < DB_FAILURE_ALERT_THRESHOLD) return;
      87 |
      88 |   const failureCount = consecutiveDbFailures;
      at error (lib/intake/rate-limit.js:85:11)
      at noteLimiterDbFailure (lib/intake/rate-limit.js:252:11)
      at handler (pages/api/intake/draft/upload-token.js:84:40)
      at Object.<anonymous> (tests/unit/intake-upload-token-endpoint.test.js:179:5)
  console.error
    [intake rate-limit] checkIntakeRateLimit error: VercelPostgresError - 'missing_connection_string': You did not supply a 'connectionString' and no 'POSTGRES_URL' env var was found.
      83 | async function noteLimiterDbFailure(context, err) {
      84 |   consecutiveDbFailures += 1;
    > 85 |   console.error(`[intake rate-limit] ${context} error:`, err.message);
         |           ^
      86 |   if (consecutiveDbFailures < DB_FAILURE_ALERT_THRESHOLD) return;
      87 |
      88 |   const failureCount = consecutiveDbFailures;
      at error (lib/intake/rate-limit.js:85:11)
      at noteLimiterDbFailure (lib/intake/rate-limit.js:252:11)
      at handler (pages/api/intake/draft/upload-token.js:84:40)
      at Object.<anonymous> (tests/unit/intake-upload-token-endpoint.test.js:185:5)
  console.error
    [intake rate-limit] checkIntakeRateLimit error: VercelPostgresError - 'missing_connection_string': You did not supply a 'connectionString' and no 'POSTGRES_URL' env var was found.
      83 | async function noteLimiterDbFailure(context, err) {
      84 |   consecutiveDbFailures += 1;
    > 85 |   console.error(`[intake rate-limit] ${context} error:`, err.message);
         |           ^
      86 |   if (consecutiveDbFailures < DB_FAILURE_ALERT_THRESHOLD) return;
      87 |
      88 |   const failureCount = consecutiveDbFailures;
      at error (lib/intake/rate-limit.js:85:11)
      at noteLimiterDbFailure (lib/intake/rate-limit.js:252:11)
      at handler (pages/api/intake/draft/upload-token.js:84:40)
      at Object.<anonymous> (tests/unit/intake-upload-token-endpoint.test.js:191:5)
  console.error
    [intake rate-limit] checkIntakeRateLimit error: VercelPostgresError - 'missing_connection_string': You did not supply a 'connectionString' and no 'POSTGRES_URL' env var was found.
      83 | async function noteLimiterDbFailure(context, err) {
      84 |   consecutiveDbFailures += 1;
    > 85 |   console.error(`[intake rate-limit] ${context} error:`, err.message);
         |           ^
      86 |   if (consecutiveDbFailures < DB_FAILURE_ALERT_THRESHOLD) return;
      87 |
      88 |   const failureCount = consecutiveDbFailures;
      at error (lib/intake/rate-limit.js:85:11)
      at noteLimiterDbFailure (lib/intake/rate-limit.js:252:11)
      at handler (pages/api/intake/draft/upload-token.js:84:40)
      at Object.<anonymous> (tests/unit/intake-upload-token-endpoint.test.js:197:5)
  console.error
    [intake rate-limit] checkIntakeRateLimit error: VercelPostgresError - 'missing_connection_string': You did not supply a 'connectionString' and no 'POSTGRES_URL' env var was found.
      83 | async function noteLimiterDbFailure(context, err) {
      84 |   consecutiveDbFailures += 1;
    > 85 |   console.error(`[intake rate-limit] ${context} error:`, err.message);
         |           ^
      86 |   if (consecutiveDbFailures < DB_FAILURE_ALERT_THRESHOLD) return;
      87 |
      88 |   const failureCount = consecutiveDbFailures;
      at error (lib/intake/rate-limit.js:85:11)
      at noteLimiterDbFailure (lib/intake/rate-limit.js:252:11)
      at handler (pages/api/intake/draft/upload-token.js:84:40)
      at Object.<anonymous> (tests/unit/intake-upload-token-endpoint.test.js:203:5)
  console.error
    {"level":"error","event":"intake_rate_limit.db_degraded","consecutiveFailures":5,"lastError":"VercelPostgresError - 'missing_connection_string': You did not supply a 'connectionString' and no 'POSTGRES_URL' env var was found."}
      89 |   consecutiveDbFailures = 0;
      90 |   try {
    > 91 |     console.error(JSON.stringify({
         |             ^
      92 |       level: 'error',
      93 |       event: 'intake_rate_limit.db_degraded',
      94 |       consecutiveFailures: failureCount,
      at error (lib/intake/rate-limit.js:91:13)
      at noteLimiterDbFailure (lib/intake/rate-limit.js:252:11)
      at handler (pages/api/intake/draft/upload-token.js:84:40)
      at Object.<anonymous> (tests/unit/intake-upload-token-endpoint.test.js:203:5)
  console.error
    AlertService.createAlert error: VercelPostgresError - 'missing_connection_string': You did not supply a 'connectionString' and no 'POSTGRES_URL' env var was found.
      45 |       return result.rows[0];
      46 |     } catch (error) {
    > 47 |       console.error('AlertService.createAlert error:', error.message);
         |               ^
      48 |       throw error;
      49 |     }
      50 |   }
      at AlertService.error [as createAlert] (lib/services/alert-service.js:47:15)
      at createAlert (lib/intake/rate-limit.js:97:24)
      at noteLimiterDbFailure (lib/intake/rate-limit.js:252:11)
      at handler (pages/api/intake/draft/upload-token.js:84:40)
      at Object.<anonymous> (tests/unit/intake-upload-token-endpoint.test.js:203:5)
  console.error
    [intake rate-limit] degraded-limiter alert raise failed: VercelPostgresError - 'missing_connection_string': You did not supply a 'connectionString' and no 'POSTGRES_URL' env var was found.
      108 |     });
      109 |   } catch (alertErr) {
    > 110 |     console.error('[intake rate-limit] degraded-limiter alert raise failed:', alertErr.message);
          |             ^
      111 |   }
      112 | }
      113 |
      at error (lib/intake/rate-limit.js:110:13)
      at checkIntakeRateLimit (lib/intake/rate-limit.js:252:5)
      at handler (pages/api/intake/draft/upload-token.js:84:14)
      at Object.<anonymous> (tests/unit/intake-upload-token-endpoint.test.js:203:5)
  console.error
    [intake rate-limit] checkIntakeRateLimit error: VercelPostgresError - 'missing_connection_string': You did not supply a 'connectionString' and no 'POSTGRES_URL' env var was found.
      83 | async function noteLimiterDbFailure(context, err) {
      84 |   consecutiveDbFailures += 1;
    > 85 |   console.error(`[intake rate-limit] ${context} error:`, err.message);
         |           ^
      86 |   if (consecutiveDbFailures < DB_FAILURE_ALERT_THRESHOLD) return;
      87 |
      88 |   const failureCount = consecutiveDbFailures;
      at error (lib/intake/rate-limit.js:85:11)
      at noteLimiterDbFailure (lib/intake/rate-limit.js:252:11)
      at handler (pages/api/intake/draft/upload-token.js:84:40)
      at Object.<anonymous> (tests/unit/intake-upload-token-endpoint.test.js:209:5)
  console.error
    [intake rate-limit] checkIntakeRateLimit error: VercelPostgresError - 'missing_connection_string': You did not supply a 'connectionString' and no 'POSTGRES_URL' env var was found.
      83 | async function noteLimiterDbFailure(context, err) {
      84 |   consecutiveDbFailures += 1;
    > 85 |   console.error(`[intake rate-limit] ${context} error:`, err.message);
         |           ^
      86 |   if (consecutiveDbFailures < DB_FAILURE_ALERT_THRESHOLD) return;
      87 |
      88 |   const failureCount = consecutiveDbFailures;
      at error (lib/intake/rate-limit.js:85:11)
      at noteLimiterDbFailure (lib/intake/rate-limit.js:252:11)
      at handler (pages/api/intake/draft/upload-token.js:84:40)
      at Object.<anonymous> (tests/unit/intake-upload-token-endpoint.test.js:215:5)
  console.error
    [intake rate-limit] checkIntakeRateLimit error: VercelPostgresError - 'missing_connection_string': You did not supply a 'connectionString' and no 'POSTGRES_URL' env var was found.
      83 | async function noteLimiterDbFailure(context, err) {
      84 |   consecutiveDbFailures += 1;
    > 85 |   console.error(`[intake rate-limit] ${context} error:`, err.message);
         |           ^
      86 |   if (consecutiveDbFailures < DB_FAILURE_ALERT_THRESHOLD) return;
      87 |
      88 |   const failureCount = consecutiveDbFailures;
      at error (lib/intake/rate-limit.js:85:11)
      at noteLimiterDbFailure (lib/intake/rate-limit.js:252:11)
      at handler (pages/api/intake/draft/upload-token.js:84:40)
      at Object.<anonymous> (tests/unit/intake-upload-token-endpoint.test.js:222:5)
  console.error
    [intake rate-limit] checkIntakeRateLimit error: VercelPostgresError - 'missing_connection_string': You did not supply a 'connectionString' and no 'POSTGRES_URL' env var was found.
      83 | async function noteLimiterDbFailure(context, err) {
      84 |   consecutiveDbFailures += 1;
    > 85 |   console.error(`[intake rate-limit] ${context} error:`, err.message);
         |           ^
      86 |   if (consecutiveDbFailures < DB_FAILURE_ALERT_THRESHOLD) return;
      87 |
      88 |   const failureCount = consecutiveDbFailures;
      at error (lib/intake/rate-limit.js:85:11)
      at noteLimiterDbFailure (lib/intake/rate-limit.js:252:11)
      at handler (pages/api/intake/draft/upload-token.js:84:40)
      at Object.<anonymous> (tests/unit/intake-upload-token-endpoint.test.js:228:5)
  console.error
    [intake rate-limit] checkIntakeRateLimit error: VercelPostgresError - 'missing_connection_string': You did not supply a 'connectionString' and no 'POSTGRES_URL' env var was found.
      83 | async function noteLimiterDbFailure(context, err) {
      84 |   consecutiveDbFailures += 1;
    > 85 |   console.error(`[intake rate-limit] ${context} error:`, err.message);
         |           ^
      86 |   if (consecutiveDbFailures < DB_FAILURE_ALERT_THRESHOLD) return;
      87 |
      88 |   const failureCount = consecutiveDbFailures;
      at error (lib/intake/rate-limit.js:85:11)
      at noteLimiterDbFailure (lib/intake/rate-limit.js:252:11)
      at handler (pages/api/intake/draft/upload-token.js:84:40)
      at tests/unit/intake-upload-token-endpoint.test.js:239:5
  console.error
    {"level":"error","event":"intake_rate_limit.db_degraded","consecutiveFailures":5,"lastError":"VercelPostgresError - 'missing_connection_string': You did not supply a 'connectionString' and no 'POSTGRES_URL' env var was found."}
      89 |   consecutiveDbFailures = 0;
      90 |   try {
    > 91 |     console.error(JSON.stringify({
         |             ^
      92 |       level: 'error',
      93 |       event: 'intake_rate_limit.db_degraded',
      94 |       consecutiveFailures: failureCount,
      at error (lib/intake/rate-limit.js:91:13)
      at noteLimiterDbFailure (lib/intake/rate-limit.js:252:11)
      at handler (pages/api/intake/draft/upload-token.js:84:40)
      at tests/unit/intake-upload-token-endpoint.test.js:239:5
  console.error
    AlertService.createAlert error: VercelPostgresError - 'missing_connection_string': You did not supply a 'connectionString' and no 'POSTGRES_URL' env var was found.
      45 |       return result.rows[0];
      46 |     } catch (error) {
    > 47 |       console.error('AlertService.createAlert error:', error.message);
         |               ^
      48 |       throw error;
      49 |     }
      50 |   }
      at AlertService.error [as createAlert] (lib/services/alert-service.js:47:15)
      at createAlert (lib/intake/rate-limit.js:97:24)
      at noteLimiterDbFailure (lib/intake/rate-limit.js:252:11)
      at handler (pages/api/intake/draft/upload-token.js:84:40)
      at tests/unit/intake-upload-token-endpoint.test.js:239:5
  console.error
    [intake rate-limit] degraded-limiter alert raise failed: VercelPostgresError - 'missing_connection_string': You did not supply a 'connectionString' and no 'POSTGRES_URL' env var was found.
      108 |     });
      109 |   } catch (alertErr) {
    > 110 |     console.error('[intake rate-limit] degraded-limiter alert raise failed:', alertErr.message);
          |             ^
      111 |   }
      112 | }
      113 |
      at error (lib/intake/rate-limit.js:110:13)
      at checkIntakeRateLimit (lib/intake/rate-limit.js:252:5)
      at handler (pages/api/intake/draft/upload-token.js:84:14)
      at tests/unit/intake-upload-token-endpoint.test.js:239:5
  console.error
    [intake rate-limit] checkIntakeRateLimit error: VercelPostgresError - 'missing_connection_string': You did not supply a 'connectionString' and no 'POSTGRES_URL' env var was found.
      83 | async function noteLimiterDbFailure(context, err) {
      84 |   consecutiveDbFailures += 1;
    > 85 |   console.error(`[intake rate-limit] ${context} error:`, err.message);
         |           ^
      86 |   if (consecutiveDbFailures < DB_FAILURE_ALERT_THRESHOLD) return;
      87 |
      88 |   const failureCount = consecutiveDbFailures;
      at error (lib/intake/rate-limit.js:85:11)
      at noteLimiterDbFailure (lib/intake/rate-limit.js:252:11)
      at handler (pages/api/intake/draft/upload-token.js:84:40)
      at tests/unit/intake-upload-token-endpoint.test.js:239:5
  console.error
    [intake rate-limit] checkIntakeRateLimit error: VercelPostgresError - 'missing_connection_string': You did not supply a 'connectionString' and no 'POSTGRES_URL' env var was found.
      83 | async function noteLimiterDbFailure(context, err) {
      84 |   consecutiveDbFailures += 1;
    > 85 |   console.error(`[intake rate-limit] ${context} error:`, err.message);
         |           ^
      86 |   if (consecutiveDbFailures < DB_FAILURE_ALERT_THRESHOLD) return;
      87 |
      88 |   const failureCount = consecutiveDbFailures;
      at error (lib/intake/rate-limit.js:85:11)
      at noteLimiterDbFailure (lib/intake/rate-limit.js:252:11)
      at handler (pages/api/intake/draft/upload-token.js:84:40)
      at tests/unit/intake-upload-token-endpoint.test.js:239:5
  console.error
    [intake rate-limit] checkIntakeRateLimit error: VercelPostgresError - 'missing_connection_string': You did not supply a 'connectionString' and no 'POSTGRES_URL' env var was found.
      83 | async function noteLimiterDbFailure(context, err) {
      84 |   consecutiveDbFailures += 1;
    > 85 |   console.error(`[intake rate-limit] ${context} error:`, err.message);
         |           ^
      86 |   if (consecutiveDbFailures < DB_FAILURE_ALERT_THRESHOLD) return;
      87 |
      88 |   const failureCount = consecutiveDbFailures;
      at error (lib/intake/rate-limit.js:85:11)
      at noteLimiterDbFailure (lib/intake/rate-limit.js:252:11)
      at handler (pages/api/intake/draft/upload-token.js:84:40)
      at tests/unit/intake-upload-token-endpoint.test.js:253:5
  console.error
    [intake rate-limit] checkIntakeRateLimit error: VercelPostgresError - 'missing_connection_string': You did not supply a 'connectionString' and no 'POSTGRES_URL' env var was found.
      83 | async function noteLimiterDbFailure(context, err) {
      84 |   consecutiveDbFailures += 1;
    > 85 |   console.error(`[intake rate-limit] ${context} error:`, err.message);
         |           ^
      86 |   if (consecutiveDbFailures < DB_FAILURE_ALERT_THRESHOLD) return;
      87 |
      88 |   const failureCount = consecutiveDbFailures;
      at error (lib/intake/rate-limit.js:85:11)
      at noteLimiterDbFailure (lib/intake/rate-limit.js:252:11)
      at handler (pages/api/intake/draft/upload-token.js:84:40)
      at tests/unit/intake-upload-token-endpoint.test.js:253:5
  console.error
    [intake rate-limit] checkIntakeRateLimit error: VercelPostgresError - 'missing_connection_string': You did not supply a 'connectionString' and no 'POSTGRES_URL' env var was found.
      83 | async function noteLimiterDbFailure(context, err) {
      84 |   consecutiveDbFailures += 1;
    > 85 |   console.error(`[intake rate-limit] ${context} error:`, err.message);
         |           ^
      86 |   if (consecutiveDbFailures < DB_FAILURE_ALERT_THRESHOLD) return;
      87 |
      88 |   const failureCount = consecutiveDbFailures;
      at error (lib/intake/rate-limit.js:85:11)
      at noteLimiterDbFailure (lib/intake/rate-limit.js:252:11)
      at handler (pages/api/intake/draft/upload-token.js:84:40)
      at tests/unit/intake-upload-token-endpoint.test.js:253:5
  console.error
    {"level":"error","event":"intake_rate_limit.db_degraded","consecutiveFailures":5,"lastError":"VercelPostgresError - 'missing_connection_string': You did not supply a 'connectionString' and no 'POSTGRES_URL' env var was found."}
      89 |   consecutiveDbFailures = 0;
      90 |   try {
    > 91 |     console.error(JSON.stringify({
         |             ^
      92 |       level: 'error',
      93 |       event: 'intake_rate_limit.db_degraded',
      94 |       consecutiveFailures: failureCount,
      at error (lib/intake/rate-limit.js:91:13)
      at noteLimiterDbFailure (lib/intake/rate-limit.js:252:11)
      at handler (pages/api/intake/draft/upload-token.js:84:40)
      at tests/unit/intake-upload-token-endpoint.test.js:253:5
  console.error
    AlertService.createAlert error: VercelPostgresError - 'missing_connection_string': You did not supply a 'connectionString' and no 'POSTGRES_URL' env var was found.
      45 |       return result.rows[0];
      46 |     } catch (error) {
    > 47 |       console.error('AlertService.createAlert error:', error.message);
         |               ^
      48 |       throw error;
      49 |     }
      50 |   }
      at AlertService.error [as createAlert] (lib/services/alert-service.js:47:15)
      at createAlert (lib/intake/rate-limit.js:97:24)
      at noteLimiterDbFailure (lib/intake/rate-limit.js:252:11)
      at handler (pages/api/intake/draft/upload-token.js:84:40)
      at tests/unit/intake-upload-token-endpoint.test.js:253:5
  console.error
    [intake rate-limit] degraded-limiter alert raise failed: VercelPostgresError - 'missing_connection_string': You did not supply a 'connectionString' and no 'POSTGRES_URL' env var was found.
      108 |     });
      109 |   } catch (alertErr) {
    > 110 |     console.error('[intake rate-limit] degraded-limiter alert raise failed:', alertErr.message);
          |             ^
      111 |   }
      112 | }
      113 |
      at error (lib/intake/rate-limit.js:110:13)
      at checkIntakeRateLimit (lib/intake/rate-limit.js:252:5)
      at handler (pages/api/intake/draft/upload-token.js:84:14)
      at tests/unit/intake-upload-token-endpoint.test.js:253:5
  console.warn
    [external respond] acceptance job queued marker failed (non-fatal): queue marker down
      73 |       return
      74 |     }
    > 75 |     originalWarn.call(console, ...args)
         |                  ^
      76 |   }
      77 | })
      78 |
      at console.call (jest.setup.js:75:18)
      at warn (pages/api/external/review/[token]/respond.js:364:15)
      at handler (pages/api/external/review/[token]/respond.js:360:5)
      at Object.<anonymous> (tests/integration/external-review-routes.test.js:785:5)
  console.error
    [intake rate-limit] checkIntakeRateLimit error: VercelPostgresError - 'missing_connection_string': You did not supply a 'connectionString' and no 'POSTGRES_URL' env var was found.
      83 | async function noteLimiterDbFailure(context, err) {
      84 |   consecutiveDbFailures += 1;
    > 85 |   console.error(`[intake rate-limit] ${context} error:`, err.message);
         |           ^
      86 |   if (consecutiveDbFailures < DB_FAILURE_ALERT_THRESHOLD) return;
      87 |
      88 |   const failureCount = consecutiveDbFailures;
      at error (lib/intake/rate-limit.js:85:11)
      at noteLimiterDbFailure (lib/intake/rate-limit.js:252:11)
      at handler (pages/api/intake/draft/upload-token.js:84:40)
      at tests/unit/intake-upload-token-endpoint.test.js:253:5
  console.error
    [intake rate-limit] checkIntakeRateLimit error: VercelPostgresError - 'missing_connection_string': You did not supply a 'connectionString' and no 'POSTGRES_URL' env var was found.
      83 | async function noteLimiterDbFailure(context, err) {
      84 |   consecutiveDbFailures += 1;
    > 85 |   console.error(`[intake rate-limit] ${context} error:`, err.message);
         |           ^
      86 |   if (consecutiveDbFailures < DB_FAILURE_ALERT_THRESHOLD) return;
      87 |
      88 |   const failureCount = consecutiveDbFailures;
      at error (lib/intake/rate-limit.js:85:11)
      at noteLimiterDbFailure (lib/intake/rate-limit.js:252:11)
      at handler (pages/api/intake/draft/upload-token.js:84:40)
      at tests/unit/intake-upload-token-endpoint.test.js:253:5
  console.error
    [intake rate-limit] checkIntakeRateLimit error: VercelPostgresError - 'missing_connection_string': You did not supply a 'connectionString' and no 'POSTGRES_URL' env var was found.
      83 | async function noteLimiterDbFailure(context, err) {
      84 |   consecutiveDbFailures += 1;
    > 85 |   console.error(`[intake rate-limit] ${context} error:`, err.message);
         |           ^
      86 |   if (consecutiveDbFailures < DB_FAILURE_ALERT_THRESHOLD) return;
      87 |
      88 |   const failureCount = consecutiveDbFailures;
      at error (lib/intake/rate-limit.js:85:11)
      at noteLimiterDbFailure (lib/intake/rate-limit.js:252:11)
      at handler (pages/api/intake/draft/upload-token.js:84:40)
      at tests/unit/intake-upload-token-endpoint.test.js:253:5
  console.error
    [intake rate-limit] checkIntakeRateLimit error: VercelPostgresError - 'missing_connection_string': You did not supply a 'connectionString' and no 'POSTGRES_URL' env var was found.
      83 | async function noteLimiterDbFailure(context, err) {
      84 |   consecutiveDbFailures += 1;
    > 85 |   console.error(`[intake rate-limit] ${context} error:`, err.message);
         |           ^
      86 |   if (consecutiveDbFailures < DB_FAILURE_ALERT_THRESHOLD) return;
      87 |
      88 |   const failureCount = consecutiveDbFailures;
      at error (lib/intake/rate-limit.js:85:11)
      at noteLimiterDbFailure (lib/intake/rate-limit.js:252:11)
      at handler (pages/api/intake/draft/upload-token.js:84:40)
      at tests/unit/intake-upload-token-endpoint.test.js:253:5
  console.error
    [intake rate-limit] checkIntakeRateLimit error: VercelPostgresError - 'missing_connection_string': You did not supply a 'connectionString' and no 'POSTGRES_URL' env var was found.
      83 | async function noteLimiterDbFailure(context, err) {
      84 |   consecutiveDbFailures += 1;
    > 85 |   console.error(`[intake rate-limit] ${context} error:`, err.message);
         |           ^
      86 |   if (consecutiveDbFailures < DB_FAILURE_ALERT_THRESHOLD) return;
      87 |
      88 |   const failureCount = consecutiveDbFailures;
      at error (lib/intake/rate-limit.js:85:11)
      at noteLimiterDbFailure (lib/intake/rate-limit.js:252:11)
      at handler (pages/api/intake/draft/upload-token.js:84:40)
      at Object.<anonymous> (tests/unit/intake-upload-token-endpoint.test.js:265:5)
  console.error
    {"level":"error","event":"intake_rate_limit.db_degraded","consecutiveFailures":5,"lastError":"VercelPostgresError - 'missing_connection_string': You did not supply a 'connectionString' and no 'POSTGRES_URL' env var was found."}
      89 |   consecutiveDbFailures = 0;
      90 |   try {
    > 91 |     console.error(JSON.stringify({
         |             ^
      92 |       level: 'error',
      93 |       event: 'intake_rate_limit.db_degraded',
      94 |       consecutiveFailures: failureCount,
      at error (lib/intake/rate-limit.js:91:13)
      at noteLimiterDbFailure (lib/intake/rate-limit.js:252:11)
      at handler (pages/api/intake/draft/upload-token.js:84:40)
      at Object.<anonymous> (tests/unit/intake-upload-token-endpoint.test.js:265:5)
  console.error
    AlertService.createAlert error: VercelPostgresError - 'missing_connection_string': You did not supply a 'connectionString' and no 'POSTGRES_URL' env var was found.
      45 |       return result.rows[0];
      46 |     } catch (error) {
    > 47 |       console.error('AlertService.createAlert error:', error.message);
         |               ^
      48 |       throw error;
      49 |     }
      50 |   }
      at AlertService.error [as createAlert] (lib/services/alert-service.js:47:15)
      at createAlert (lib/intake/rate-limit.js:97:24)
      at noteLimiterDbFailure (lib/intake/rate-limit.js:252:11)
      at handler (pages/api/intake/draft/upload-token.js:84:40)
      at Object.<anonymous> (tests/unit/intake-upload-token-endpoint.test.js:265:5)
  console.error
    [intake rate-limit] degraded-limiter alert raise failed: VercelPostgresError - 'missing_connection_string': You did not supply a 'connectionString' and no 'POSTGRES_URL' env var was found.
      108 |     });
      109 |   } catch (alertErr) {
    > 110 |     console.error('[intake rate-limit] degraded-limiter alert raise failed:', alertErr.message);
          |             ^
      111 |   }
      112 | }
      113 |
      at error (lib/intake/rate-limit.js:110:13)
      at checkIntakeRateLimit (lib/intake/rate-limit.js:252:5)
      at handler (pages/api/intake/draft/upload-token.js:84:14)
      at Object.<anonymous> (tests/unit/intake-upload-token-endpoint.test.js:265:5)
  console.error
    [intake rate-limit] checkIntakeRateLimit error: VercelPostgresError - 'missing_connection_string': You did not supply a 'connectionString' and no 'POSTGRES_URL' env var was found.
      83 | async function noteLimiterDbFailure(context, err) {
      84 |   consecutiveDbFailures += 1;
    > 85 |   console.error(`[intake rate-limit] ${context} error:`, err.message);
         |           ^
      86 |   if (consecutiveDbFailures < DB_FAILURE_ALERT_THRESHOLD) return;
      87 |
      88 |   const failureCount = consecutiveDbFailures;
      at error (lib/intake/rate-limit.js:85:11)
      at noteLimiterDbFailure (lib/intake/rate-limit.js:252:11)
      at handler (pages/api/intake/draft/upload-token.js:84:40)
      at Object.<anonymous> (tests/unit/intake-upload-token-endpoint.test.js:272:5)
  console.error
    [external respond] unexpected error: Error: Dataverse timeout after write
        at Object.<anonymous> (/Users/gallivan/Code/WMKF_Apps/tests/integration/external-review-routes.test.js:807:48)
        at Promise.finally.completed (/Users/gallivan/Code/WMKF_Apps/node_modules/jest-circus/build/jestAdapterInit.js:1561:28)
        at new Promise (<anonymous>)
        at callAsyncCircusFn (/Users/gallivan/Code/WMKF_Apps/node_modules/jest-circus/build/jestAdapterInit.js:1501:10)
        at _callCircusTest (/Users/gallivan/Code/WMKF_Apps/node_modules/jest-circus/build/jestAdapterInit.js:1011:40)
        at processTicksAndRejections (node:internal/process/task_queues:104:5)
        at _runTest (/Users/gallivan/Code/WMKF_Apps/node_modules/jest-circus/build/jestAdapterInit.js:951:3)
        at /Users/gallivan/Code/WMKF_Apps/node_modules/jest-circus/build/jestAdapterInit.js:853:7
        at _runTestsForDescribeBlock (/Users/gallivan/Code/WMKF_Apps/node_modules/jest-circus/build/jestAdapterInit.js:866:11)
        at _runTestsForDescribeBlock (/Users/gallivan/Code/WMKF_Apps/node_modules/jest-circus/build/jestAdapterInit.js:861:11)
        at run (/Users/gallivan/Code/WMKF_Apps/node_modules/jest-circus/build/jestAdapterInit.js:765:3)
        at runAndTransformResultsToJestFormat (/Users/gallivan/Code/WMKF_Apps/node_modules/jest-circus/build/jestAdapterInit.js:1993:21)
        at jestAdapter (/Users/gallivan/Code/WMKF_Apps/node_modules/jest-circus/build/runner.js:111:19)
        at runTestInternal (/Users/gallivan/Code/WMKF_Apps/node_modules/jest-runner/build/testWorker.js:276:16)
        at runTest (/Users/gallivan/Code/WMKF_Apps/node_modules/jest-runner/build/testWorker.js:344:7)
        at Object.worker (/Users/gallivan/Code/WMKF_Apps/node_modules/jest-runner/build/testWorker.js:498:12)
      372 |     });
      373 |   } catch (e) {
    > 374 |     console.error('[external respond] unexpected error:', e);
          |             ^
      375 |     return res.status(500).json({ ok: false, reason: 'server_error' });
      376 |   }
      377 | }
      at error (pages/api/external/review/[token]/respond.js:374:13)
      at Object.<anonymous> (tests/integration/external-review-routes.test.js:814:5)
  console.error
    [upload-token] getById failed: Error: pg down
        at Object.<anonymous> (/Users/gallivan/Code/WMKF_Apps/tests/unit/intake-upload-token-endpoint.test.js:270:50)
        at Promise.finally.completed (/Users/gallivan/Code/WMKF_Apps/node_modules/jest-circus/build/jestAdapterInit.js:1561:28)
        at new Promise (<anonymous>)
        at callAsyncCircusFn (/Users/gallivan/Code/WMKF_Apps/node_modules/jest-circus/build/jestAdapterInit.js:1501:10)
        at _callCircusTest (/Users/gallivan/Code/WMKF_Apps/node_modules/jest-circus/build/jestAdapterInit.js:1011:40)
        at processTicksAndRejections (node:internal/process/task_queues:104:5)
        at _runTest (/Users/gallivan/Code/WMKF_Apps/node_modules/jest-circus/build/jestAdapterInit.js:951:3)
        at /Users/gallivan/Code/WMKF_Apps/node_modules/jest-circus/build/jestAdapterInit.js:853:7
        at _runTestsForDescribeBlock (/Users/gallivan/Code/WMKF_Apps/node_modules/jest-circus/build/jestAdapterInit.js:866:11)
        at _runTestsForDescribeBlock (/Users/gallivan/Code/WMKF_Apps/node_modules/jest-circus/build/jestAdapterInit.js:861:11)
        at run (/Users/gallivan/Code/WMKF_Apps/node_modules/jest-circus/build/jestAdapterInit.js:765:3)
        at runAndTransformResultsToJestFormat (/Users/gallivan/Code/WMKF_Apps/node_modules/jest-circus/build/jestAdapterInit.js:1993:21)
        at jestAdapter (/Users/gallivan/Code/WMKF_Apps/node_modules/jest-circus/build/runner.js:111:19)
        at runTestInternal (/Users/gallivan/Code/WMKF_Apps/node_modules/jest-runner/build/testWorker.js:276:16)
        at runTest (/Users/gallivan/Code/WMKF_Apps/node_modules/jest-runner/build/testWorker.js:344:7)
        at Object.worker (/Users/gallivan/Code/WMKF_Apps/node_modules/jest-runner/build/testWorker.js:498:12)
      123 |     draft = await IntakeDraftService.getById(draftId);
      124 |   } catch (err) {
    > 125 |     console.error('[upload-token] getById failed:', err);
          |             ^
      126 |     return jsonError(res, 500, 'Draft lookup failed');
      127 |   }
      128 |   if (!draft) {
      at error (pages/api/intake/draft/upload-token.js:125:13)
      at Object.<anonymous> (tests/unit/intake-upload-token-endpoint.test.js:272:5)
  console.error
    [intake rate-limit] checkIntakeRateLimit error: VercelPostgresError - 'missing_connection_string': You did not supply a 'connectionString' and no 'POSTGRES_URL' env var was found.
      83 | async function noteLimiterDbFailure(context, err) {
      84 |   consecutiveDbFailures += 1;
    > 85 |   console.error(`[intake rate-limit] ${context} error:`, err.message);
         |           ^
      86 |   if (consecutiveDbFailures < DB_FAILURE_ALERT_THRESHOLD) return;
      87 |
      88 |   const failureCount = consecutiveDbFailures;
      at error (lib/intake/rate-limit.js:85:11)
      at noteLimiterDbFailure (lib/intake/rate-limit.js:252:11)
      at handler (pages/api/intake/draft/upload-token.js:84:40)
      at Object.<anonymous> (tests/unit/intake-upload-token-endpoint.test.js:278:5)
  console.error
    [intake rate-limit] checkIntakeRateLimit error: VercelPostgresError - 'missing_connection_string': You did not supply a 'connectionString' and no 'POSTGRES_URL' env var was found.
      83 | async function noteLimiterDbFailure(context, err) {
      84 |   consecutiveDbFailures += 1;
    > 85 |   console.error(`[intake rate-limit] ${context} error:`, err.message);
         |           ^
      86 |   if (consecutiveDbFailures < DB_FAILURE_ALERT_THRESHOLD) return;
      87 |
      88 |   const failureCount = consecutiveDbFailures;
      at error (lib/intake/rate-limit.js:85:11)
      at noteLimiterDbFailure (lib/intake/rate-limit.js:252:11)
      at handler (pages/api/intake/draft/upload-token.js:84:40)
      at Object.<anonymous> (tests/unit/intake-upload-token-endpoint.test.js:287:5)
  console.error
    [intake rate-limit] checkIntakeRateLimit error: VercelPostgresError - 'missing_connection_string': You did not supply a 'connectionString' and no 'POSTGRES_URL' env var was found.
      83 | async function noteLimiterDbFailure(context, err) {
      84 |   consecutiveDbFailures += 1;
    > 85 |   console.error(`[intake rate-limit] ${context} error:`, err.message);
         |           ^
      86 |   if (consecutiveDbFailures < DB_FAILURE_ALERT_THRESHOLD) return;
      87 |
      88 |   const failureCount = consecutiveDbFailures;
      at error (lib/intake/rate-limit.js:85:11)
      at noteLimiterDbFailure (lib/intake/rate-limit.js:252:11)
      at handler (pages/api/intake/draft/upload-token.js:84:40)
      at Object.<anonymous> (tests/unit/intake-upload-token-endpoint.test.js:297:5)
  console.error
    [intake rate-limit] checkIntakeRateLimit error: VercelPostgresError - 'missing_connection_string': You did not supply a 'connectionString' and no 'POSTGRES_URL' env var was found.
      83 | async function noteLimiterDbFailure(context, err) {
      84 |   consecutiveDbFailures += 1;
    > 85 |   console.error(`[intake rate-limit] ${context} error:`, err.message);
         |           ^
      86 |   if (consecutiveDbFailures < DB_FAILURE_ALERT_THRESHOLD) return;
      87 |
      88 |   const failureCount = consecutiveDbFailures;
      at error (lib/intake/rate-limit.js:85:11)
      at noteLimiterDbFailure (lib/intake/rate-limit.js:252:11)
      at handler (pages/api/intake/draft/upload-token.js:84:40)
      at Object.<anonymous> (tests/unit/intake-upload-token-endpoint.test.js:313:5)
  console.error
    {"level":"error","event":"intake_rate_limit.db_degraded","consecutiveFailures":5,"lastError":"VercelPostgresError - 'missing_connection_string': You did not supply a 'connectionString' and no 'POSTGRES_URL' env var was found."}
      89 |   consecutiveDbFailures = 0;
      90 |   try {
    > 91 |     console.error(JSON.stringify({
         |             ^
      92 |       level: 'error',
      93 |       event: 'intake_rate_limit.db_degraded',
      94 |       consecutiveFailures: failureCount,
      at error (lib/intake/rate-limit.js:91:13)
      at noteLimiterDbFailure (lib/intake/rate-limit.js:252:11)
      at handler (pages/api/intake/draft/upload-token.js:84:40)
      at Object.<anonymous> (tests/unit/intake-upload-token-endpoint.test.js:313:5)
  console.error
    AlertService.createAlert error: VercelPostgresError - 'missing_connection_string': You did not supply a 'connectionString' and no 'POSTGRES_URL' env var was found.
      45 |       return result.rows[0];
      46 |     } catch (error) {
    > 47 |       console.error('AlertService.createAlert error:', error.message);
         |               ^
      48 |       throw error;
      49 |     }
      50 |   }
      at AlertService.error [as createAlert] (lib/services/alert-service.js:47:15)
      at createAlert (lib/intake/rate-limit.js:97:24)
      at noteLimiterDbFailure (lib/intake/rate-limit.js:252:11)
      at handler (pages/api/intake/draft/upload-token.js:84:40)
      at Object.<anonymous> (tests/unit/intake-upload-token-endpoint.test.js:313:5)
  console.error
    [intake rate-limit] degraded-limiter alert raise failed: VercelPostgresError - 'missing_connection_string': You did not supply a 'connectionString' and no 'POSTGRES_URL' env var was found.
      108 |     });
      109 |   } catch (alertErr) {
    > 110 |     console.error('[intake rate-limit] degraded-limiter alert raise failed:', alertErr.message);
          |             ^
      111 |   }
      112 | }
      113 |
      at error (lib/intake/rate-limit.js:110:13)
      at checkIntakeRateLimit (lib/intake/rate-limit.js:252:5)
      at handler (pages/api/intake/draft/upload-token.js:84:14)
      at Object.<anonymous> (tests/unit/intake-upload-token-endpoint.test.js:313:5)
  console.warn
    [upload-token] bridge altKeyNotActive: alt key not yet active
      73 |       return
      74 |     }
    > 75 |     originalWarn.call(console, ...args)
         |                  ^
      76 |   }
      77 | })
      78 |
      at console.call (jest.setup.js:75:18)
      at warn (pages/api/intake/draft/upload-token.js:147:17)
      at Object.<anonymous> (tests/unit/intake-upload-token-endpoint.test.js:313:5)
  console.error
    [intake rate-limit] checkIntakeRateLimit error: VercelPostgresError - 'missing_connection_string': You did not supply a 'connectionString' and no 'POSTGRES_URL' env var was found.
      83 | async function noteLimiterDbFailure(context, err) {
      84 |   consecutiveDbFailures += 1;
    > 85 |   console.error(`[intake rate-limit] ${context} error:`, err.message);
         |           ^
      86 |   if (consecutiveDbFailures < DB_FAILURE_ALERT_THRESHOLD) return;
      87 |
      88 |   const failureCount = consecutiveDbFailures;
      at error (lib/intake/rate-limit.js:85:11)
      at noteLimiterDbFailure (lib/intake/rate-limit.js:252:11)
      at handler (pages/api/intake/draft/upload-token.js:84:40)
      at Object.<anonymous> (tests/unit/intake-upload-token-endpoint.test.js:322:5)
  console.error
    [intake rate-limit] checkIntakeRateLimit error: VercelPostgresError - 'missing_connection_string': You did not supply a 'connectionString' and no 'POSTGRES_URL' env var was found.
      83 | async function noteLimiterDbFailure(context, err) {
      84 |   consecutiveDbFailures += 1;
    > 85 |   console.error(`[intake rate-limit] ${context} error:`, err.message);
         |           ^
      86 |   if (consecutiveDbFailures < DB_FAILURE_ALERT_THRESHOLD) return;
      87 |
      88 |   const failureCount = consecutiveDbFailures;
      at error (lib/intake/rate-limit.js:85:11)
      at noteLimiterDbFailure (lib/intake/rate-limit.js:252:11)
      at handler (pages/api/intake/draft/upload-token.js:84:40)
      at Object.<anonymous> (tests/unit/intake-upload-token-endpoint.test.js:330:5)
  console.error
    [intake rate-limit] checkIntakeRateLimit error: VercelPostgresError - 'missing_connection_string': You did not supply a 'connectionString' and no 'POSTGRES_URL' env var was found.
      83 | async function noteLimiterDbFailure(context, err) {
      84 |   consecutiveDbFailures += 1;
    > 85 |   console.error(`[intake rate-limit] ${context} error:`, err.message);
         |           ^
      86 |   if (consecutiveDbFailures < DB_FAILURE_ALERT_THRESHOLD) return;
      87 |
      88 |   const failureCount = consecutiveDbFailures;
      at error (lib/intake/rate-limit.js:85:11)
      at noteLimiterDbFailure (lib/intake/rate-limit.js:252:11)
      at handler (pages/api/intake/draft/upload-token.js:84:40)
      at Object.<anonymous> (tests/unit/intake-upload-token-endpoint.test.js:342:5)
  console.error
    [intake rate-limit] checkIntakeRateLimit error: VercelPostgresError - 'missing_connection_string': You did not supply a 'connectionString' and no 'POSTGRES_URL' env var was found.
      83 | async function noteLimiterDbFailure(context, err) {
      84 |   consecutiveDbFailures += 1;
    > 85 |   console.error(`[intake rate-limit] ${context} error:`, err.message);
         |           ^
      86 |   if (consecutiveDbFailures < DB_FAILURE_ALERT_THRESHOLD) return;
      87 |
      88 |   const failureCount = consecutiveDbFailures;
      at error (lib/intake/rate-limit.js:85:11)
      at noteLimiterDbFailure (lib/intake/rate-limit.js:252:11)
      at handler (pages/api/intake/draft/upload-token.js:84:40)
      at Object.<anonymous> (tests/unit/intake-upload-token-endpoint.test.js:350:5)
  console.error
    [intake rate-limit] checkIntakeRateLimit error: VercelPostgresError - 'missing_connection_string': You did not supply a 'connectionString' and no 'POSTGRES_URL' env var was found.
      83 | async function noteLimiterDbFailure(context, err) {
      84 |   consecutiveDbFailures += 1;
    > 85 |   console.error(`[intake rate-limit] ${context} error:`, err.message);
         |           ^
      86 |   if (consecutiveDbFailures < DB_FAILURE_ALERT_THRESHOLD) return;
      87 |
      88 |   const failureCount = consecutiveDbFailures;
      at error (lib/intake/rate-limit.js:85:11)
      at noteLimiterDbFailure (lib/intake/rate-limit.js:252:11)
      at handler (pages/api/intake/draft/upload-token.js:84:40)
      at Object.<anonymous> (tests/unit/intake-upload-token-endpoint.test.js:358:5)
  console.error
    {"level":"error","event":"intake_rate_limit.db_degraded","consecutiveFailures":5,"lastError":"VercelPostgresError - 'missing_connection_string': You did not supply a 'connectionString' and no 'POSTGRES_URL' env var was found."}
      89 |   consecutiveDbFailures = 0;
      90 |   try {
    > 91 |     console.error(JSON.stringify({
         |             ^
      92 |       level: 'error',
      93 |       event: 'intake_rate_limit.db_degraded',
      94 |       consecutiveFailures: failureCount,
      at error (lib/intake/rate-limit.js:91:13)
      at noteLimiterDbFailure (lib/intake/rate-limit.js:252:11)
      at handler (pages/api/intake/draft/upload-token.js:84:40)
      at Object.<anonymous> (tests/unit/intake-upload-token-endpoint.test.js:358:5)
  console.error
    AlertService.createAlert error: VercelPostgresError - 'missing_connection_string': You did not supply a 'connectionString' and no 'POSTGRES_URL' env var was found.
      45 |       return result.rows[0];
      46 |     } catch (error) {
    > 47 |       console.error('AlertService.createAlert error:', error.message);
         |               ^
      48 |       throw error;
      49 |     }
      50 |   }
      at AlertService.error [as createAlert] (lib/services/alert-service.js:47:15)
      at createAlert (lib/intake/rate-limit.js:97:24)
      at noteLimiterDbFailure (lib/intake/rate-limit.js:252:11)
      at handler (pages/api/intake/draft/upload-token.js:84:40)
      at Object.<anonymous> (tests/unit/intake-upload-token-endpoint.test.js:358:5)
  console.error
    [intake rate-limit] degraded-limiter alert raise failed: VercelPostgresError - 'missing_connection_string': You did not supply a 'connectionString' and no 'POSTGRES_URL' env var was found.
      108 |     });
      109 |   } catch (alertErr) {
    > 110 |     console.error('[intake rate-limit] degraded-limiter alert raise failed:', alertErr.message);
          |             ^
      111 |   }
      112 | }
      113 |
      at error (lib/intake/rate-limit.js:110:13)
      at checkIntakeRateLimit (lib/intake/rate-limit.js:252:5)
      at handler (pages/api/intake/draft/upload-token.js:84:14)
      at Object.<anonymous> (tests/unit/intake-upload-token-endpoint.test.js:358:5)
  console.error
    [intake rate-limit] checkIntakeRateLimit error: VercelPostgresError - 'missing_connection_string': You did not supply a 'connectionString' and no 'POSTGRES_URL' env var was found.
      83 | async function noteLimiterDbFailure(context, err) {
      84 |   consecutiveDbFailures += 1;
    > 85 |   console.error(`[intake rate-limit] ${context} error:`, err.message);
         |           ^
      86 |   if (consecutiveDbFailures < DB_FAILURE_ALERT_THRESHOLD) return;
      87 |
      88 |   const failureCount = consecutiveDbFailures;
      at error (lib/intake/rate-limit.js:85:11)
      at noteLimiterDbFailure (lib/intake/rate-limit.js:252:11)
      at handler (pages/api/intake/draft/upload-token.js:84:40)
      at Object.<anonymous> (tests/unit/intake-upload-token-endpoint.test.js:365:5)
  console.error
    [intake rate-limit] checkIntakeRateLimit error: VercelPostgresError - 'missing_connection_string': You did not supply a 'connectionString' and no 'POSTGRES_URL' env var was found.
      83 | async function noteLimiterDbFailure(context, err) {
      84 |   consecutiveDbFailures += 1;
    > 85 |   console.error(`[intake rate-limit] ${context} error:`, err.message);
         |           ^
      86 |   if (consecutiveDbFailures < DB_FAILURE_ALERT_THRESHOLD) return;
      87 |
      88 |   const failureCount = consecutiveDbFailures;
      at error (lib/intake/rate-limit.js:85:11)
      at noteLimiterDbFailure (lib/intake/rate-limit.js:252:11)
      at handler (pages/api/intake/draft/upload-token.js:84:40)
      at Object.<anonymous> (tests/unit/intake-upload-token-endpoint.test.js:377:5)
  console.error
    [intake rate-limit] checkIntakeRateLimit error: VercelPostgresError - 'missing_connection_string': You did not supply a 'connectionString' and no 'POSTGRES_URL' env var was found.
      83 | async function noteLimiterDbFailure(context, err) {
      84 |   consecutiveDbFailures += 1;
    > 85 |   console.error(`[intake rate-limit] ${context} error:`, err.message);
         |           ^
      86 |   if (consecutiveDbFailures < DB_FAILURE_ALERT_THRESHOLD) return;
      87 |
      88 |   const failureCount = consecutiveDbFailures;
      at error (lib/intake/rate-limit.js:85:11)
      at noteLimiterDbFailure (lib/intake/rate-limit.js:252:11)
      at handler (pages/api/intake/draft/upload-token.js:84:40)
      at Object.<anonymous> (tests/unit/intake-upload-token-endpoint.test.js:386:5)
  console.error
    [intake rate-limit] checkIntakeRateLimit error: VercelPostgresError - 'missing_connection_string': You did not supply a 'connectionString' and no 'POSTGRES_URL' env var was found.
      83 | async function noteLimiterDbFailure(context, err) {
      84 |   consecutiveDbFailures += 1;
    > 85 |   console.error(`[intake rate-limit] ${context} error:`, err.message);
         |           ^
      86 |   if (consecutiveDbFailures < DB_FAILURE_ALERT_THRESHOLD) return;
      87 |
      88 |   const failureCount = consecutiveDbFailures;
      at error (lib/intake/rate-limit.js:85:11)
      at noteLimiterDbFailure (lib/intake/rate-limit.js:252:11)
      at handler (pages/api/intake/draft/upload-token.js:84:40)
      at Object.<anonymous> (tests/unit/intake-upload-token-endpoint.test.js:395:5)
  console.error
    [intake rate-limit] checkIntakeRateLimit error: VercelPostgresError - 'missing_connection_string': You did not supply a 'connectionString' and no 'POSTGRES_URL' env var was found.
      83 | async function noteLimiterDbFailure(context, err) {
      84 |   consecutiveDbFailures += 1;
    > 85 |   console.error(`[intake rate-limit] ${context} error:`, err.message);
         |           ^
      86 |   if (consecutiveDbFailures < DB_FAILURE_ALERT_THRESHOLD) return;
      87 |
      88 |   const failureCount = consecutiveDbFailures;
      at error (lib/intake/rate-limit.js:85:11)
      at noteLimiterDbFailure (lib/intake/rate-limit.js:252:11)
      at handler (pages/api/intake/draft/upload-token.js:84:40)
      at Object.<anonymous> (tests/unit/intake-upload-token-endpoint.test.js:405:5)
  console.error
    {"level":"error","event":"intake_rate_limit.db_degraded","consecutiveFailures":5,"lastError":"VercelPostgresError - 'missing_connection_string': You did not supply a 'connectionString' and no 'POSTGRES_URL' env var was found."}
      89 |   consecutiveDbFailures = 0;
      90 |   try {
    > 91 |     console.error(JSON.stringify({
         |             ^
      92 |       level: 'error',
      93 |       event: 'intake_rate_limit.db_degraded',
      94 |       consecutiveFailures: failureCount,
      at error (lib/intake/rate-limit.js:91:13)
      at noteLimiterDbFailure (lib/intake/rate-limit.js:252:11)
      at handler (pages/api/intake/draft/upload-token.js:84:40)
      at Object.<anonymous> (tests/unit/intake-upload-token-endpoint.test.js:405:5)
  console.error
    AlertService.createAlert error: VercelPostgresError - 'missing_connection_string': You did not supply a 'connectionString' and no 'POSTGRES_URL' env var was found.
      45 |       return result.rows[0];
      46 |     } catch (error) {
    > 47 |       console.error('AlertService.createAlert error:', error.message);
         |               ^
      48 |       throw error;
      49 |     }
      50 |   }
      at AlertService.error [as createAlert] (lib/services/alert-service.js:47:15)
      at createAlert (lib/intake/rate-limit.js:97:24)
      at noteLimiterDbFailure (lib/intake/rate-limit.js:252:11)
      at handler (pages/api/intake/draft/upload-token.js:84:40)
      at Object.<anonymous> (tests/unit/intake-upload-token-endpoint.test.js:405:5)
  console.error
    [intake rate-limit] degraded-limiter alert raise failed: VercelPostgresError - 'missing_connection_string': You did not supply a 'connectionString' and no 'POSTGRES_URL' env var was found.
      108 |     });
      109 |   } catch (alertErr) {
    > 110 |     console.error('[intake rate-limit] degraded-limiter alert raise failed:', alertErr.message);
          |             ^
      111 |   }
      112 | }
      113 |
      at error (lib/intake/rate-limit.js:110:13)
      at checkIntakeRateLimit (lib/intake/rate-limit.js:252:5)
      at handler (pages/api/intake/draft/upload-token.js:84:14)
      at Object.<anonymous> (tests/unit/intake-upload-token-endpoint.test.js:405:5)
  console.warn
    [upload-token] sanitizer rejected: sanitizeBlobFilename: input contains a `..` segment
      73 |       return
      74 |     }
    > 75 |     originalWarn.call(console, ...args)
         |                  ^
      76 |   }
      77 | })
      78 |
      at console.call (jest.setup.js:75:18)
      at warn (pages/api/intake/draft/upload-token.js:243:13)
      at Object.<anonymous> (tests/unit/intake-upload-token-endpoint.test.js:405:5)
  console.error
    [intake rate-limit] checkIntakeRateLimit error: VercelPostgresError - 'missing_connection_string': You did not supply a 'connectionString' and no 'POSTGRES_URL' env var was found.
      83 | async function noteLimiterDbFailure(context, err) {
      84 |   consecutiveDbFailures += 1;
    > 85 |   console.error(`[intake rate-limit] ${context} error:`, err.message);
         |           ^
      86 |   if (consecutiveDbFailures < DB_FAILURE_ALERT_THRESHOLD) return;
      87 |
      88 |   const failureCount = consecutiveDbFailures;
      at error (lib/intake/rate-limit.js:85:11)
      at noteLimiterDbFailure (lib/intake/rate-limit.js:252:11)
      at handler (pages/api/intake/draft/upload-token.js:84:40)
      at Object.<anonymous> (tests/unit/intake-upload-token-endpoint.test.js:413:5)
  console.error
    [upload-token] Blob token mint failed: Error: blob api down
        at Object.<anonymous> (/Users/gallivan/Code/WMKF_Apps/tests/unit/intake-upload-token-endpoint.test.js:411:61)
        at Promise.finally.completed (/Users/gallivan/Code/WMKF_Apps/node_modules/jest-circus/build/jestAdapterInit.js:1561:28)
        at new Promise (<anonymous>)
        at callAsyncCircusFn (/Users/gallivan/Code/WMKF_Apps/node_modules/jest-circus/build/jestAdapterInit.js:1501:10)
        at _callCircusTest (/Users/gallivan/Code/WMKF_Apps/node_modules/jest-circus/build/jestAdapterInit.js:1011:40)
        at processTicksAndRejections (node:internal/process/task_queues:104:5)
        at _runTest (/Users/gallivan/Code/WMKF_Apps/node_modules/jest-circus/build/jestAdapterInit.js:951:3)
        at /Users/gallivan/Code/WMKF_Apps/node_modules/jest-circus/build/jestAdapterInit.js:853:7
        at _runTestsForDescribeBlock (/Users/gallivan/Code/WMKF_Apps/node_modules/jest-circus/build/jestAdapterInit.js:866:11)
        at _runTestsForDescribeBlock (/Users/gallivan/Code/WMKF_Apps/node_modules/jest-circus/build/jestAdapterInit.js:861:11)
        at run (/Users/gallivan/Code/WMKF_Apps/node_modules/jest-circus/build/jestAdapterInit.js:765:3)
        at runAndTransformResultsToJestFormat (/Users/gallivan/Code/WMKF_Apps/node_modules/jest-circus/build/jestAdapterInit.js:1993:21)
        at jestAdapter (/Users/gallivan/Code/WMKF_Apps/node_modules/jest-circus/build/runner.js:111:19)
        at runTestInternal (/Users/gallivan/Code/WMKF_Apps/node_modules/jest-runner/build/testWorker.js:276:16)
        at runTest (/Users/gallivan/Code/WMKF_Apps/node_modules/jest-runner/build/testWorker.js:344:7)
        at Object.worker (/Users/gallivan/Code/WMKF_Apps/node_modules/jest-runner/build/testWorker.js:498:12)
      277 |     });
      278 |   } catch (err) {
    > 279 |     console.error('[upload-token] Blob token mint failed:', err);
          |             ^
      280 |     IntakeAuditService.log({
      281 |       actorOid: contactOid,
      282 |       actorType: 'applicant',
      at error (pages/api/intake/draft/upload-token.js:279:13)
      at Object.<anonymous> (tests/unit/intake-upload-token-endpoint.test.js:413:5)
  console.error
    [intake rate-limit] checkIntakeRateLimit error: VercelPostgresError - 'missing_connection_string': You did not supply a 'connectionString' and no 'POSTGRES_URL' env var was found.
      83 | async function noteLimiterDbFailure(context, err) {
      84 |   consecutiveDbFailures += 1;
    > 85 |   console.error(`[intake rate-limit] ${context} error:`, err.message);
         |           ^
      86 |   if (consecutiveDbFailures < DB_FAILURE_ALERT_THRESHOLD) return;
      87 |
      88 |   const failureCount = consecutiveDbFailures;
      at error (lib/intake/rate-limit.js:85:11)
      at noteLimiterDbFailure (lib/intake/rate-limit.js:252:11)
      at handler (pages/api/intake/draft/upload-token.js:84:40)
      at Object.<anonymous> (tests/unit/intake-upload-token-endpoint.test.js:426:5)
  console.error
    [upload-token] Blob token mint failed: Error: INTAKE_BLOB_RW_TOKEN not configured
        at /Users/gallivan/Code/WMKF_Apps/tests/unit/intake-upload-token-endpoint.test.js:423:13
        at /Users/gallivan/Code/WMKF_Apps/node_modules/jest-mock/build/index.js:305:39
        at /Users/gallivan/Code/WMKF_Apps/node_modules/jest-mock/build/index.js:312:13
        at mockConstructor (/Users/gallivan/Code/WMKF_Apps/node_modules/jest-mock/build/index.js:102:19)
        at handler (/Users/gallivan/Code/WMKF_Apps/pages/api/intake/draft/upload-token.js:268:39)
        at processTicksAndRejections (node:internal/process/task_queues:104:5)
        at Object.<anonymous> (/Users/gallivan/Code/WMKF_Apps/tests/unit/intake-upload-token-endpoint.test.js:426:5)
      277 |     });
      278 |   } catch (err) {
    > 279 |     console.error('[upload-token] Blob token mint failed:', err);
          |             ^
      280 |     IntakeAuditService.log({
      281 |       actorOid: contactOid,
      282 |       actorType: 'applicant',
      at error (pages/api/intake/draft/upload-token.js:279:13)
      at Object.<anonymous> (tests/unit/intake-upload-token-endpoint.test.js:426:5)
  console.error
    [intake rate-limit] checkIntakeRateLimit error: VercelPostgresError - 'missing_connection_string': You did not supply a 'connectionString' and no 'POSTGRES_URL' env var was found.
      83 | async function noteLimiterDbFailure(context, err) {
      84 |   consecutiveDbFailures += 1;
    > 85 |   console.error(`[intake rate-limit] ${context} error:`, err.message);
         |           ^
      86 |   if (consecutiveDbFailures < DB_FAILURE_ALERT_THRESHOLD) return;
      87 |
      88 |   const failureCount = consecutiveDbFailures;
      at error (lib/intake/rate-limit.js:85:11)
      at noteLimiterDbFailure (lib/intake/rate-limit.js:252:11)
      at handler (pages/api/intake/draft/upload-token.js:84:40)
      at Object.<anonymous> (tests/unit/intake-upload-token-endpoint.test.js:433:5)
  console.error
    [intake rate-limit] checkIntakeRateLimit error: VercelPostgresError - 'missing_connection_string': You did not supply a 'connectionString' and no 'POSTGRES_URL' env var was found.
      83 | async function noteLimiterDbFailure(context, err) {
      84 |   consecutiveDbFailures += 1;
    > 85 |   console.error(`[intake rate-limit] ${context} error:`, err.message);
         |           ^
      86 |   if (consecutiveDbFailures < DB_FAILURE_ALERT_THRESHOLD) return;
      87 |
      88 |   const failureCount = consecutiveDbFailures;
      at error (lib/intake/rate-limit.js:85:11)
      at noteLimiterDbFailure (lib/intake/rate-limit.js:252:11)
      at handler (pages/api/intake/draft/upload-token.js:84:40)
      at Object.<anonymous> (tests/unit/intake-upload-token-endpoint.test.js:440:5)
  console.error
    [upload-token] appendPending failed: Error: pg down
        at Object.<anonymous> (/Users/gallivan/Code/WMKF_Apps/tests/unit/intake-upload-token-endpoint.test.js:438:56)
        at Promise.finally.completed (/Users/gallivan/Code/WMKF_Apps/node_modules/jest-circus/build/jestAdapterInit.js:1561:28)
        at new Promise (<anonymous>)
        at callAsyncCircusFn (/Users/gallivan/Code/WMKF_Apps/node_modules/jest-circus/build/jestAdapterInit.js:1501:10)
        at _callCircusTest (/Users/gallivan/Code/WMKF_Apps/node_modules/jest-circus/build/jestAdapterInit.js:1011:40)
        at processTicksAndRejections (node:internal/process/task_queues:104:5)
        at _runTest (/Users/gallivan/Code/WMKF_Apps/node_modules/jest-circus/build/jestAdapterInit.js:951:3)
        at /Users/gallivan/Code/WMKF_Apps/node_modules/jest-circus/build/jestAdapterInit.js:853:7
        at _runTestsForDescribeBlock (/Users/gallivan/Code/WMKF_Apps/node_modules/jest-circus/build/jestAdapterInit.js:866:11)
        at _runTestsForDescribeBlock (/Users/gallivan/Code/WMKF_Apps/node_modules/jest-circus/build/jestAdapterInit.js:861:11)
        at run (/Users/gallivan/Code/WMKF_Apps/node_modules/jest-circus/build/jestAdapterInit.js:765:3)
        at runAndTransformResultsToJestFormat (/Users/gallivan/Code/WMKF_Apps/node_modules/jest-circus/build/jestAdapterInit.js:1993:21)
        at jestAdapter (/Users/gallivan/Code/WMKF_Apps/node_modules/jest-circus/build/runner.js:111:19)
        at runTestInternal (/Users/gallivan/Code/WMKF_Apps/node_modules/jest-runner/build/testWorker.js:276:16)
        at runTest (/Users/gallivan/Code/WMKF_Apps/node_modules/jest-runner/build/testWorker.js:344:7)
        at Object.worker (/Users/gallivan/Code/WMKF_Apps/node_modules/jest-runner/build/testWorker.js:498:12)
      305 |     appendResult = await IntakeDraftService.appendPending(draftId, entry);
      306 |   } catch (err) {
    > 307 |     console.error('[upload-token] appendPending failed:', err);
          |             ^
      308 |     return jsonError(res, 500, 'pending_append_failed');
      309 |   }
      310 |   if (appendResult === null) {
      at error (pages/api/intake/draft/upload-token.js:307:13)
      at Object.<anonymous> (tests/unit/intake-upload-token-endpoint.test.js:440:5)
  console.error
    [intake rate-limit] checkIntakeRateLimit error: VercelPostgresError - 'missing_connection_string': You did not supply a 'connectionString' and no 'POSTGRES_URL' env var was found.
      83 | async function noteLimiterDbFailure(context, err) {
      84 |   consecutiveDbFailures += 1;
    > 85 |   console.error(`[intake rate-limit] ${context} error:`, err.message);
         |           ^
      86 |   if (consecutiveDbFailures < DB_FAILURE_ALERT_THRESHOLD) return;
      87 |
      88 |   const failureCount = consecutiveDbFailures;
      at error (lib/intake/rate-limit.js:85:11)
      at noteLimiterDbFailure (lib/intake/rate-limit.js:252:11)
      at handler (pages/api/intake/draft/upload-token.js:84:40)
      at Object.<anonymous> (tests/unit/intake-upload-token-endpoint.test.js:449:5)
  console.error
    {"level":"error","event":"intake_rate_limit.db_degraded","consecutiveFailures":5,"lastError":"VercelPostgresError - 'missing_connection_string': You did not supply a 'connectionString' and no 'POSTGRES_URL' env var was found."}
      89 |   consecutiveDbFailures = 0;
      90 |   try {
    > 91 |     console.error(JSON.stringify({
         |             ^
      92 |       level: 'error',
      93 |       event: 'intake_rate_limit.db_degraded',
      94 |       consecutiveFailures: failureCount,
      at error (lib/intake/rate-limit.js:91:13)
      at noteLimiterDbFailure (lib/intake/rate-limit.js:252:11)
      at handler (pages/api/intake/draft/upload-token.js:84:40)
      at Object.<anonymous> (tests/unit/intake-upload-token-endpoint.test.js:449:5)
  console.error
    AlertService.createAlert error: VercelPostgresError - 'missing_connection_string': You did not supply a 'connectionString' and no 'POSTGRES_URL' env var was found.
      45 |       return result.rows[0];
      46 |     } catch (error) {
    > 47 |       console.error('AlertService.createAlert error:', error.message);
         |               ^
      48 |       throw error;
      49 |     }
      50 |   }
      at AlertService.error [as createAlert] (lib/services/alert-service.js:47:15)
      at createAlert (lib/intake/rate-limit.js:97:24)
      at noteLimiterDbFailure (lib/intake/rate-limit.js:252:11)
      at handler (pages/api/intake/draft/upload-token.js:84:40)
      at Object.<anonymous> (tests/unit/intake-upload-token-endpoint.test.js:449:5)
  console.error
    [intake rate-limit] degraded-limiter alert raise failed: VercelPostgresError - 'missing_connection_string': You did not supply a 'connectionString' and no 'POSTGRES_URL' env var was found.
      108 |     });
      109 |   } catch (alertErr) {
    > 110 |     console.error('[intake rate-limit] degraded-limiter alert raise failed:', alertErr.message);
          |             ^
      111 |   }
      112 | }
      113 |
      at error (lib/intake/rate-limit.js:110:13)
      at checkIntakeRateLimit (lib/intake/rate-limit.js:252:5)
      at handler (pages/api/intake/draft/upload-token.js:84:14)
      at Object.<anonymous> (tests/unit/intake-upload-token-endpoint.test.js:449:5)
  console.error
    [upload-token] appendPending returned without minted attachmentId { draftId: 42, attachmentId: 'b19ca92c-c5a9-4220-b1dd-37270cbed570' }
      321 |     && appendResult.pending.some(p => p && p.attachmentId === attachmentId);
      322 |   if (!inPending) {
    > 323 |     console.error('[upload-token] appendPending returned without minted attachmentId', { draftId, attachmentId });
          |             ^
      324 |     return jsonError(res, 500, 'pending_append_invariant_violated');
      325 |   }
      326 |
      at error (pages/api/intake/draft/upload-token.js:323:13)
      at Object.<anonymous> (tests/unit/intake-upload-token-endpoint.test.js:449:5)
  console.error
    [intake rate-limit] checkIntakeRateLimit error: VercelPostgresError - 'missing_connection_string': You did not supply a 'connectionString' and no 'POSTGRES_URL' env var was found.
      83 | async function noteLimiterDbFailure(context, err) {
      84 |   consecutiveDbFailures += 1;
    > 85 |   console.error(`[intake rate-limit] ${context} error:`, err.message);
         |           ^
      86 |   if (consecutiveDbFailures < DB_FAILURE_ALERT_THRESHOLD) return;
      87 |
      88 |   const failureCount = consecutiveDbFailures;
      at error (lib/intake/rate-limit.js:85:11)
      at noteLimiterDbFailure (lib/intake/rate-limit.js:252:11)
      at handler (pages/api/intake/draft/upload-token.js:84:40)
      at Object.<anonymous> (tests/unit/intake-upload-token-endpoint.test.js:466:5)
  console.error
    [upload-token] schema field pi_biosketch missing maxSizeMb
      249 |   //     the silent 10MB fallback. Codex chunk-4 post-impl MOD-1.
      250 |   if (typeof field.maxSizeMb !== 'number' || field.maxSizeMb <= 0) {
    > 251 |     console.error(`[upload-token] schema field ${fieldKey} missing maxSizeMb`);
          |             ^
      252 |     return jsonError(res, 500, 'form_schema_field_invalid', { detail: 'maxSizeMb missing' });
      253 |   }
      254 |   const maxBytes = field.maxSizeMb * 1024 * 1024;
      at error (pages/api/intake/draft/upload-token.js:251:13)
      at Object.<anonymous> (tests/unit/intake-upload-token-endpoint.test.js:466:5)
  console.error
    [intake rate-limit] checkIntakeRateLimit error: VercelPostgresError - 'missing_connection_string': You did not supply a 'connectionString' and no 'POSTGRES_URL' env var was found.
      83 | async function noteLimiterDbFailure(context, err) {
      84 |   consecutiveDbFailures += 1;
    > 85 |   console.error(`[intake rate-limit] ${context} error:`, err.message);
         |           ^
      86 |   if (consecutiveDbFailures < DB_FAILURE_ALERT_THRESHOLD) return;
      87 |
      88 |   const failureCount = consecutiveDbFailures;
      at error (lib/intake/rate-limit.js:85:11)
      at noteLimiterDbFailure (lib/intake/rate-limit.js:252:11)
      at handler (pages/api/intake/draft/upload-token.js:84:40)
      at Object.<anonymous> (tests/unit/intake-upload-token-endpoint.test.js:474:5)
  console.error
    [upload-token] schema field pi_biosketch missing maxSizeMb
      249 |   //     the silent 10MB fallback. Codex chunk-4 post-impl MOD-1.
      250 |   if (typeof field.maxSizeMb !== 'number' || field.maxSizeMb <= 0) {
    > 251 |     console.error(`[upload-token] schema field ${fieldKey} missing maxSizeMb`);
          |             ^
      252 |     return jsonError(res, 500, 'form_schema_field_invalid', { detail: 'maxSizeMb missing' });
      253 |   }
      254 |   const maxBytes = field.maxSizeMb * 1024 * 1024;
      at error (pages/api/intake/draft/upload-token.js:251:13)
      at Object.<anonymous> (tests/unit/intake-upload-token-endpoint.test.js:474:5)
  console.error
    [intake rate-limit] checkIntakeRateLimit error: VercelPostgresError - 'missing_connection_string': You did not supply a 'connectionString' and no 'POSTGRES_URL' env var was found.
      83 | async function noteLimiterDbFailure(context, err) {
      84 |   consecutiveDbFailures += 1;
    > 85 |   console.error(`[intake rate-limit] ${context} error:`, err.message);
         |           ^
      86 |   if (consecutiveDbFailures < DB_FAILURE_ALERT_THRESHOLD) return;
      87 |
      88 |   const failureCount = consecutiveDbFailures;
      at error (lib/intake/rate-limit.js:85:11)
      at noteLimiterDbFailure (lib/intake/rate-limit.js:252:11)
      at handler (pages/api/intake/draft/upload-token.js:84:40)
      at Object.<anonymous> (tests/unit/intake-upload-token-endpoint.test.js:484:5)
  console.error
    [intake rate-limit] checkIntakeRateLimit error: VercelPostgresError - 'missing_connection_string': You did not supply a 'connectionString' and no 'POSTGRES_URL' env var was found.
      83 | async function noteLimiterDbFailure(context, err) {
      84 |   consecutiveDbFailures += 1;
    > 85 |   console.error(`[intake rate-limit] ${context} error:`, err.message);
         |           ^
      86 |   if (consecutiveDbFailures < DB_FAILURE_ALERT_THRESHOLD) return;
      87 |
      88 |   const failureCount = consecutiveDbFailures;
      at error (lib/intake/rate-limit.js:85:11)
      at noteLimiterDbFailure (lib/intake/rate-limit.js:252:11)
      at handler (pages/api/intake/draft/upload-token.js:84:40)
      at Object.<anonymous> (tests/unit/intake-upload-token-endpoint.test.js:497:5)
  console.error
    [intake rate-limit] checkIntakeRateLimit error: VercelPostgresError - 'missing_connection_string': You did not supply a 'connectionString' and no 'POSTGRES_URL' env var was found.
      83 | async function noteLimiterDbFailure(context, err) {
      84 |   consecutiveDbFailures += 1;
    > 85 |   console.error(`[intake rate-limit] ${context} error:`, err.message);
         |           ^
      86 |   if (consecutiveDbFailures < DB_FAILURE_ALERT_THRESHOLD) return;
      87 |
      88 |   const failureCount = consecutiveDbFailures;
      at error (lib/intake/rate-limit.js:85:11)
      at noteLimiterDbFailure (lib/intake/rate-limit.js:252:11)
      at handler (pages/api/intake/draft/upload-token.js:84:40)
      at Object.<anonymous> (tests/unit/intake-upload-token-endpoint.test.js:517:5)
  console.error
    {"level":"error","event":"intake_rate_limit.db_degraded","consecutiveFailures":5,"lastError":"VercelPostgresError - 'missing_connection_string': You did not supply a 'connectionString' and no 'POSTGRES_URL' env var was found."}
      89 |   consecutiveDbFailures = 0;
      90 |   try {
    > 91 |     console.error(JSON.stringify({
         |             ^
      92 |       level: 'error',
      93 |       event: 'intake_rate_limit.db_degraded',
      94 |       consecutiveFailures: failureCount,
      at error (lib/intake/rate-limit.js:91:13)
      at noteLimiterDbFailure (lib/intake/rate-limit.js:252:11)
      at handler (pages/api/intake/draft/upload-token.js:84:40)
      at Object.<anonymous> (tests/unit/intake-upload-token-endpoint.test.js:517:5)
  console.error
    AlertService.createAlert error: VercelPostgresError - 'missing_connection_string': You did not supply a 'connectionString' and no 'POSTGRES_URL' env var was found.
      45 |       return result.rows[0];
      46 |     } catch (error) {
    > 47 |       console.error('AlertService.createAlert error:', error.message);
         |               ^
      48 |       throw error;
      49 |     }
      50 |   }
      at AlertService.error [as createAlert] (lib/services/alert-service.js:47:15)
      at createAlert (lib/intake/rate-limit.js:97:24)
      at noteLimiterDbFailure (lib/intake/rate-limit.js:252:11)
      at handler (pages/api/intake/draft/upload-token.js:84:40)
      at Object.<anonymous> (tests/unit/intake-upload-token-endpoint.test.js:517:5)
  console.error
    [intake rate-limit] degraded-limiter alert raise failed: VercelPostgresError - 'missing_connection_string': You did not supply a 'connectionString' and no 'POSTGRES_URL' env var was found.
      108 |     });
      109 |   } catch (alertErr) {
    > 110 |     console.error('[intake rate-limit] degraded-limiter alert raise failed:', alertErr.message);
          |             ^
      111 |   }
      112 | }
      113 |
      at error (lib/intake/rate-limit.js:110:13)
      at checkIntakeRateLimit (lib/intake/rate-limit.js:252:5)
      at handler (pages/api/intake/draft/upload-token.js:84:14)
      at Object.<anonymous> (tests/unit/intake-upload-token-endpoint.test.js:517:5)
  console.error
    [intake rate-limit] checkIntakeRateLimit error: VercelPostgresError - 'missing_connection_string': You did not supply a 'connectionString' and no 'POSTGRES_URL' env var was found.
      83 | async function noteLimiterDbFailure(context, err) {
      84 |   consecutiveDbFailures += 1;
    > 85 |   console.error(`[intake rate-limit] ${context} error:`, err.message);
         |           ^
      86 |   if (consecutiveDbFailures < DB_FAILURE_ALERT_THRESHOLD) return;
      87 |
      88 |   const failureCount = consecutiveDbFailures;
      at error (lib/intake/rate-limit.js:85:11)
      at noteLimiterDbFailure (lib/intake/rate-limit.js:252:11)
      at handler (pages/api/intake/draft/upload-token.js:84:40)
      at Object.<anonymous> (tests/unit/intake-upload-token-endpoint.test.js:538:5)
  console.error
    [dataverse-export/preview] failed: Error [CountInvariantError]: count invariant violated (matched=10 afterOperational=40 exported=29)
        at handler (/Users/gallivan/Code/WMKF_Apps/pages/api/dataverse-export/preview.js:146:17)
        at processTicksAndRejections (node:internal/process/task_queues:104:5)
        at Object.<anonymous> (/Users/gallivan/Code/WMKF_Apps/tests/unit/dataverse-export-routes.test.js:229:5)
      197 |       : err && err.name === 'FetchXmlError' ? 'TRUE_COUNT_FAILED'
      198 |         : 'PREVIEW_FAILED';
    > 199 |     console.error('[dataverse-export/preview] failed:', err);
          |             ^
      200 |     if (code === 'INVALID_QUERYSPEC') return res.status(422).json(err.body);
      201 |     return res.status(code === 'TRUE_COUNT_FAILED' ? 502 : 500).json({
      202 |       error: code,
      at error (pages/api/dataverse-export/preview.js:199:13)
      at Object.<anonymous> (tests/unit/dataverse-export-routes.test.js:229:5)
  console.error
    [dataverse-export/run] terminal error: Error [FetchXmlError]: page 3 failed
        at Object.<anonymous> (/Users/gallivan/Code/WMKF_Apps/tests/unit/dataverse-export-routes.test.js:319:49)
        at Promise.finally.completed (/Users/gallivan/Code/WMKF_Apps/node_modules/jest-circus/build/jestAdapterInit.js:1561:28)
        at new Promise (<anonymous>)
        at callAsyncCircusFn (/Users/gallivan/Code/WMKF_Apps/node_modules/jest-circus/build/jestAdapterInit.js:1501:10)
        at _callCircusTest (/Users/gallivan/Code/WMKF_Apps/node_modules/jest-circus/build/jestAdapterInit.js:1011:40)
        at processTicksAndRejections (node:internal/process/task_queues:104:5)
        at _runTest (/Users/gallivan/Code/WMKF_Apps/node_modules/jest-circus/build/jestAdapterInit.js:951:3)
        at /Users/gallivan/Code/WMKF_Apps/node_modules/jest-circus/build/jestAdapterInit.js:853:7
        at _runTestsForDescribeBlock (/Users/gallivan/Code/WMKF_Apps/node_modules/jest-circus/build/jestAdapterInit.js:866:11)
        at _runTestsForDescribeBlock (/Users/gallivan/Code/WMKF_Apps/node_modules/jest-circus/build/jestAdapterInit.js:861:11)
        at run (/Users/gallivan/Code/WMKF_Apps/node_modules/jest-circus/build/jestAdapterInit.js:765:3)
        at runAndTransformResultsToJestFormat (/Users/gallivan/Code/WMKF_Apps/node_modules/jest-circus/build/jestAdapterInit.js:1993:21)
        at jestAdapter (/Users/gallivan/Code/WMKF_Apps/node_modules/jest-circus/build/runner.js:111:19)
        at runTestInternal (/Users/gallivan/Code/WMKF_Apps/node_modules/jest-runner/build/testWorker.js:276:16)
        at runTest (/Users/gallivan/Code/WMKF_Apps/node_modules/jest-runner/build/testWorker.js:344:7)
        at Object.worker (/Users/gallivan/Code/WMKF_Apps/node_modules/jest-runner/build/testWorker.js:498:12) {
      stage: 'paging',
      retryable: false
    }
      196 |       : err instanceof FetchXmlError ? (err.stage || 'paging')
      197 |         : (err && err.status === 422 ? 'validation' : 'unknown');
    > 198 |     console.error('[dataverse-export/run] terminal error:', err);
          |             ^
      199 |     send('error', {
      200 |       stage,
      201 |       message: 'The export failed before any file was produced — nothing was '
      at error (pages/api/dataverse-export/run.js:198:13)
      at Object.<anonymous> (tests/unit/dataverse-export-routes.test.js:323:5)
  console.error
    [dataverse-export/metadata] taxonomy fetch failed: Error: dataverse down
        at Object.<anonymous> (/Users/gallivan/Code/WMKF_Apps/tests/unit/dataverse-export-routes.test.js:347:41)
        at Promise.finally.completed (/Users/gallivan/Code/WMKF_Apps/node_modules/jest-circus/build/jestAdapterInit.js:1561:28)
        at new Promise (<anonymous>)
        at callAsyncCircusFn (/Users/gallivan/Code/WMKF_Apps/node_modules/jest-circus/build/jestAdapterInit.js:1501:10)
        at _callCircusTest (/Users/gallivan/Code/WMKF_Apps/node_modules/jest-circus/build/jestAdapterInit.js:1011:40)
        at processTicksAndRejections (node:internal/process/task_queues:104:5)
        at _runTest (/Users/gallivan/Code/WMKF_Apps/node_modules/jest-circus/build/jestAdapterInit.js:951:3)
        at /Users/gallivan/Code/WMKF_Apps/node_modules/jest-circus/build/jestAdapterInit.js:853:7
        at _runTestsForDescribeBlock (/Users/gallivan/Code/WMKF_Apps/node_modules/jest-circus/build/jestAdapterInit.js:866:11)
        at _runTestsForDescribeBlock (/Users/gallivan/Code/WMKF_Apps/node_modules/jest-circus/build/jestAdapterInit.js:861:11)
        at run (/Users/gallivan/Code/WMKF_Apps/node_modules/jest-circus/build/jestAdapterInit.js:765:3)
        at runAndTransformResultsToJestFormat (/Users/gallivan/Code/WMKF_Apps/node_modules/jest-circus/build/jestAdapterInit.js:1993:21)
        at jestAdapter (/Users/gallivan/Code/WMKF_Apps/node_modules/jest-circus/build/runner.js:111:19)
        at runTestInternal (/Users/gallivan/Code/WMKF_Apps/node_modules/jest-runner/build/testWorker.js:276:16)
        at runTest (/Users/gallivan/Code/WMKF_Apps/node_modules/jest-runner/build/testWorker.js:344:7)
        at Object.worker (/Users/gallivan/Code/WMKF_Apps/node_modules/jest-runner/build/testWorker.js:498:12)
      36 |     // FAIL LOUD — no stale/partial fallback (Living-taxonomy contract §9).
      37 |     // Raw error to the server log only; a stable code to the client.
    > 38 |     console.error('[dataverse-export/metadata] taxonomy fetch failed:', err);
         |             ^
      39 |     return res.status(502).json({
      40 |       error: 'TAXONOMY_FETCH_FAILED',
      41 |       message: 'Could not enumerate live Dataverse taxonomies. Refusing to '
      at error (pages/api/dataverse-export/metadata.js:38:13)
      at Object.<anonymous> (tests/unit/dataverse-export-routes.test.js:349:5)
  console.error
    [bill-webhook] BILL_WEBHOOK_SECRET not configured in production
      47 |   if (process.env.NODE_ENV !== 'development') {
      48 |     if (!secret) {
    > 49 |       console.error('[bill-webhook] BILL_WEBHOOK_SECRET not configured in production');
         |               ^
      50 |       return res.status(500).json({ error: 'Webhook secret not configured' });
      51 |     }
      52 |   }
      at error (pages/api/webhooks/bill.js:49:15)
      at Object.<anonymous> (tests/unit/webhook-bill.test.js:72:18)
  console.log
    [bill-webhook] event received {
      subscriptionId: 's',
      eventId: 'e',
      eventType: 'unknown',
      payloadKeys: [ 'eventId', 'subscriptionId' ]
    }
      at log (pages/api/webhooks/bill.js:142:11)
  console.log
    [bill-webhook] event received {
      subscriptionId: 's',
      eventId: 'e',
      eventType: 'vendor.updated',
      payloadKeys: [ 'eventId', 'subscriptionId', 'eventType' ]
    }
      at log (pages/api/webhooks/bill.js:142:11)
  console.log
    [bill-webhook] event received {
      subscriptionId: 'meta-s',
      eventId: 'meta-e',
      eventType: 'unknown',
      payloadKeys: [ 'metadata', 'foo' ]
    }
      at log (pages/api/webhooks/bill.js:142:11)
  console.warn
    [bill-webhook] missing or non-string eventId/subscriptionId in payload {
      hasEventId: false,
      hasSubscriptionId: true,
      payloadKeys: [ 'subscriptionId', 'foo' ]
    }
      73 |       return
      74 |     }
    > 75 |     originalWarn.call(console, ...args)
         |                  ^
      76 |   }
      77 | })
      78 |
      at console.call (jest.setup.js:75:18)
      at warn (pages/api/webhooks/bill.js:94:13)
      at Object.<anonymous> (tests/unit/webhook-bill.test.js:151:5)
  console.warn
    [bill-webhook] missing or non-string eventId/subscriptionId in payload {
      hasEventId: true,
      hasSubscriptionId: false,
      payloadKeys: [ 'eventId', 'foo' ]
    }
      73 |       return
      74 |     }
    > 75 |     originalWarn.call(console, ...args)
         |                  ^
      76 |   }
      77 | })
      78 |
      at console.call (jest.setup.js:75:18)
      at warn (pages/api/webhooks/bill.js:94:13)
      at Object.<anonymous> (tests/unit/webhook-bill.test.js:161:5)
  console.warn
    [bill-webhook] missing or non-string eventId/subscriptionId in payload {
      hasEventId: false,
      hasSubscriptionId: true,
      payloadKeys: [ 'eventId', 'subscriptionId' ]
    }
      73 |       return
      74 |     }
    > 75 |     originalWarn.call(console, ...args)
         |                  ^
      76 |   }
      77 | })
      78 |
      at console.call (jest.setup.js:75:18)
      at warn (pages/api/webhooks/bill.js:94:13)
      at Object.<anonymous> (tests/unit/webhook-bill.test.js:169:5)
  console.warn
    [bill-webhook] missing or non-string eventId/subscriptionId in payload {
      hasEventId: true,
      hasSubscriptionId: false,
      payloadKeys: [ 'eventId', 'subscriptionId' ]
    }
      73 |       return
      74 |     }
    > 75 |     originalWarn.call(console, ...args)
         |                  ^
      76 |   }
      77 | })
      78 |
      at console.call (jest.setup.js:75:18)
      at warn (pages/api/webhooks/bill.js:94:13)
      at Object.<anonymous> (tests/unit/webhook-bill.test.js:178:5)
  console.warn
    [bill-webhook] missing or non-string eventId/subscriptionId in payload {
      hasEventId: false,
      hasSubscriptionId: true,
      payloadKeys: [ 'eventId', 'subscriptionId' ]
    }
      73 |       return
      74 |     }
    > 75 |     originalWarn.call(console, ...args)
         |                  ^
      76 |   }
      77 | })
      78 |
      at console.call (jest.setup.js:75:18)
      at warn (pages/api/webhooks/bill.js:94:13)
      at Object.<anonymous> (tests/unit/webhook-bill.test.js:187:5)
  console.error
    [bill-webhook] dedup insert failed: connection refused
      115 |     // Don't 4xx/5xx — would cause BILL retry storms. Log + 200 so the
      116 |     // subscription stays healthy; investigate via logs.
    > 117 |     console.error('[bill-webhook] dedup insert failed:', err?.message || String(err));
          |             ^
      118 |     return res.status(200).json({ received: true, deduped: 'unknown' });
      119 |   }
      120 |
      at error (pages/api/webhooks/bill.js:117:13)
      at Object.<anonymous> (tests/unit/webhook-bill.test.js:205:5)
  console.warn
    [bill-webhook] body read failed: body too large (>262144 bytes)
      73 |       return
      74 |     }
    > 75 |     originalWarn.call(console, ...args)
         |                  ^
      76 |   }
      77 | })
      78 |
      at console.call (jest.setup.js:75:18)
      at warn (pages/api/webhooks/bill.js:59:13)
      at Object.<anonymous> (tests/unit/webhook-bill.test.js:217:5)
  console.warn
    [bill-webhook] body read failed: client disconnected before body completed
      73 |       return
      74 |     }
    > 75 |     originalWarn.call(console, ...args)
         |                  ^
      76 |   }
      77 | })
      78 |
      at console.call (jest.setup.js:75:18)
      at warn (pages/api/webhooks/bill.js:59:13)
      at Object.<anonymous> (tests/unit/webhook-bill.test.js:237:5)
  console.error
    [admin/policies] pending audit write failed: Error: db down
        at Object.<anonymous> (/Users/gallivan/Code/WMKF_Apps/tests/integration/admin-policies-route.test.js:209:31)
        at Promise.finally.completed (/Users/gallivan/Code/WMKF_Apps/node_modules/jest-circus/build/jestAdapterInit.js:1561:28)
        at new Promise (<anonymous>)
        at callAsyncCircusFn (/Users/gallivan/Code/WMKF_Apps/node_modules/jest-circus/build/jestAdapterInit.js:1501:10)
        at _callCircusTest (/Users/gallivan/Code/WMKF_Apps/node_modules/jest-circus/build/jestAdapterInit.js:1011:40)
        at processTicksAndRejections (node:internal/process/task_queues:104:5)
        at _runTest (/Users/gallivan/Code/WMKF_Apps/node_modules/jest-circus/build/jestAdapterInit.js:951:3)
        at /Users/gallivan/Code/WMKF_Apps/node_modules/jest-circus/build/jestAdapterInit.js:853:7
        at _runTestsForDescribeBlock (/Users/gallivan/Code/WMKF_Apps/node_modules/jest-circus/build/jestAdapterInit.js:866:11)
        at _runTestsForDescribeBlock (/Users/gallivan/Code/WMKF_Apps/node_modules/jest-circus/build/jestAdapterInit.js:861:11)
        at run (/Users/gallivan/Code/WMKF_Apps/node_modules/jest-circus/build/jestAdapterInit.js:765:3)
        at runAndTransformResultsToJestFormat (/Users/gallivan/Code/WMKF_Apps/node_modules/jest-circus/build/jestAdapterInit.js:1993:21)
        at jestAdapter (/Users/gallivan/Code/WMKF_Apps/node_modules/jest-circus/build/runner.js:111:19)
        at runTestInternal (/Users/gallivan/Code/WMKF_Apps/node_modules/jest-runner/build/testWorker.js:276:16)
        at runTest (/Users/gallivan/Code/WMKF_Apps/node_modules/jest-runner/build/testWorker.js:344:7)
        at Object.worker (/Users/gallivan/Code/WMKF_Apps/node_modules/jest-runner/build/testWorker.js:498:12)
      183 |     });
      184 |   } catch (err) {
    > 185 |     console.error('[admin/policies] pending audit write failed:', err);
          |             ^
      186 |     return res.status(500).json({
      187 |       status: 'audit_unavailable',
      188 |       error: 'Audit table unavailable; refused to perform privileged mutation.',
      at error (pages/api/admin/policies.js:185:13)
      at pages/api/admin/policies.js:75:14
      at handler (pages/api/admin/policies.js:71:12)
      at Object.<anonymous> (tests/integration/admin-policies-route.test.js:211:5)
  console.error
    Failed to check is_active for profile 42 postgres unavailable
      186 |     }
      187 |   } catch (err) {
    > 188 |     console.error('Failed to check is_active for profile', profileId, err.message);
          |             ^
      189 |     res.status(503).json({ error: 'Unable to verify account status; please retry' });
      190 |     return null;
      191 |   }
      at error (lib/utils/auth.js:188:13)
      at Object.<anonymous> (tests/unit/utils/auth.test.js:317:20)
  console.error
    [external review submit] post-commit draft delete failed (non-fatal): pg down
      225 |       await ReviewDraftService.deleteBySuggestion(suggestionId);
      226 |     } catch (e) {
    > 227 |       console.error('[external review submit] post-commit draft delete failed (non-fatal):', e.message);
          |               ^
      228 |     }
      229 |
      230 |     return res.status(200).json({ ok: true, receivedAt });
      at error (pages/api/external/review/[token]/submit.js:227:15)
      at Object.<anonymous> (tests/integration/external-review-submit-route.test.js:298:5)
  console.error
    [external review submit] changeset failed: boom
      215 |         });
      216 |       }
    > 217 |       console.error('[external review submit] changeset failed:', e.message);
          |               ^
      218 |       return res.status(500).json({ ok: false, reason: 'server_error' });
      219 |     }
      220 |
      at error (pages/api/external/review/[token]/submit.js:217:15)
      at Object.<anonymous> (tests/integration/external-review-submit-route.test.js:322:5)
  console.warn
    [honorarium-orchestrator] contact address PATCH failed (non-fatal): address PATCH 500
      73 |       return
      74 |     }
    > 75 |     originalWarn.call(console, ...args)
         |                  ^
      76 |   }
      77 | })
      78 |
      at console.call (jest.setup.js:75:18)
      at warn (lib/bill/honorarium-onboard-orchestrator.js:111:13)
      at Object.<anonymous> (tests/unit/honorarium-onboard-orchestrator.test.js:431:17)
  console.warn
    [honorarium-orchestrator] ORCID back-prop failed (non-fatal): contact 403
      73 |       return
      74 |     }
    > 75 |     originalWarn.call(console, ...args)
         |                  ^
      76 |   }
      77 | })
      78 |
      at console.call (jest.setup.js:75:18)
      at warn (lib/bill/honorarium-onboard-orchestrator.js:96:13)
      at Object.<anonymous> (tests/unit/honorarium-onboard-orchestrator.test.js:458:17)
  console.warn
    [honorarium-orchestrator] contact address PATCH failed (non-fatal): address PATCH 500
      73 |       return
      74 |     }
    > 75 |     originalWarn.call(console, ...args)
         |                  ^
      76 |   }
      77 | })
      78 |
      at console.call (jest.setup.js:75:18)
      at warn (lib/bill/honorarium-onboard-orchestrator.js:111:13)
      at Object.<anonymous> (tests/unit/honorarium-onboard-orchestrator.test.js:493:19)
  console.error
    Failed to verify account status/role for profile 7 postgres unavailable
      288 |     isSuperuser = rolesResult.rows.some(r => r.role === 'superuser');
      289 |   } catch (err) {
    > 290 |     console.error('Failed to verify account status/role for profile', profileId, err.message);
          |             ^
      291 |     res.status(503).json({ error: 'Unable to verify account status; please retry' });
      292 |     return null;
      293 |   }
      at error (lib/utils/auth.js:290:13)
      at Object.<anonymous> (tests/unit/utils/auth.test.js:471:20)
  console.error
    Failed to verify account status/role for profile 5 role lookup failed
      288 |     isSuperuser = rolesResult.rows.some(r => r.role === 'superuser');
      289 |   } catch (err) {
    > 290 |     console.error('Failed to verify account status/role for profile', profileId, err.message);
          |             ^
      291 |     res.status(503).json({ error: 'Unable to verify account status; please retry' });
      292 |     return null;
      293 |   }
      at error (lib/utils/auth.js:290:13)
      at Object.<anonymous> (tests/unit/utils/auth.test.js:484:20)
  console.error
    [auth-policy] AUTH_REQUIRED!=true in production — enforcing auth (set EMERGENCY_AUTH_BYPASS=true to override)
      33 |   if (_warned.has(key)) return;
      34 |   _warned.add(key);
    > 35 |   console.error(message);
         |           ^
      36 | }
      37 | function logBypassOnce(message) {
      38 |   if (_warned.has('bypass')) return;
      at error (lib/utils/auth-policy.js:35:11)
      at warnOnce (lib/utils/auth-policy.js:69:7)
      at Object.<anonymous> (tests/unit/utils/auth.test.js:574:26)
  console.error
    [auth-policy] Azure AD credentials missing in production — enforcing auth (downstream calls will 401 until restored)
      33 |   if (_warned.has(key)) return;
      34 |   _warned.add(key);
    > 35 |   console.error(message);
         |           ^
      36 | }
      37 | function logBypassOnce(message) {
      38 |   if (_warned.has('bypass')) return;
      at error (lib/utils/auth-policy.js:35:11)
      at warnOnce (lib/utils/auth-policy.js:72:7)
      at Object.<anonymous> (tests/unit/utils/auth.test.js:585:26)
  console.warn
    [auth-policy] EMERGENCY_AUTH_BYPASS=true in production — authentication is disabled
      73 |       return
      74 |     }
    > 75 |     originalWarn.call(console, ...args)
         |                  ^
      76 |   }
      77 | })
      78 |
      at console.call (jest.setup.js:75:18)
      at warn (lib/utils/auth-policy.js:40:11)
      at logBypassOnce (lib/utils/auth-policy.js:78:5)
      at Object.<anonymous> (tests/unit/utils/auth.test.js:594:26)
  console.warn
    [ClaudeReviewerService] No suggestions parsed. responseLength=0 containsReviewerToken=false firstReviewerOffset=-1
      73 |       return
      74 |     }
    > 75 |     originalWarn.call(console, ...args)
         |                  ^
      76 |   }
      77 | })
      78 |
      at console.call (jest.setup.js:75:18)
      at ClaudeReviewerService.warn [as analyzeProposal] (lib/services/claude-reviewer-service.js:272:19)
      at Object.<anonymous> (tests/unit/claude-reviewer-service.test.js:142:20)
  console.warn
    Analysis validation issues: [
      {
        code: 'empty_parse_failure',
        message: 'No proposal title or reviewer suggestions were parsed from the analysis response.',
        severity: 'error'
      },
      {
        code: 'below_suggestion_floor',
        message: 'Only 0 usable reviewer suggestions parsed; expected at least 3.',
        severity: 'error'
      }
    ]
      73 |       return
      74 |     }
    > 75 |     originalWarn.call(console, ...args)
         |                  ^
      76 |   }
      77 | })
      78 |
      at console.call (jest.setup.js:75:18)
      at ClaudeReviewerService.warn [as analyzeProposal] (lib/services/claude-reviewer-service.js:331:17)
      at Object.<anonymous> (tests/unit/claude-reviewer-service.test.js:142:20)
  console.warn
    [ClaudeReviewerService] No suggestions parsed. responseLength=0 containsReviewerToken=false firstReviewerOffset=-1
      73 |       return
      74 |     }
    > 75 |     originalWarn.call(console, ...args)
         |                  ^
      76 |   }
      77 | })
      78 |
      at console.call (jest.setup.js:75:18)
      at ClaudeReviewerService.warn [as analyzeProposal] (lib/services/claude-reviewer-service.js:272:19)
      at Object.<anonymous> (tests/unit/claude-reviewer-service.test.js:142:20)
  console.warn
    Analysis validation issues: [
      {
        code: 'empty_parse_failure',
        message: 'No proposal title or reviewer suggestions were parsed from the analysis response.',
        severity: 'error'
      },
      {
        code: 'below_suggestion_floor',
        message: 'Only 0 usable reviewer suggestions parsed; expected at least 3.',
        severity: 'error'
      }
    ]
      73 |       return
      74 |     }
    > 75 |     originalWarn.call(console, ...args)
         |                  ^
      76 |   }
      77 | })
      78 |
      at console.call (jest.setup.js:75:18)
      at ClaudeReviewerService.warn [as analyzeProposal] (lib/services/claude-reviewer-service.js:331:17)
      at Object.<anonymous> (tests/unit/claude-reviewer-service.test.js:142:20)
  console.warn
    Analysis validation issues: [
      {
        code: 'below_suggestion_floor',
        message: 'Only 1 usable reviewer suggestion parsed; expected at least 3.',
        severity: 'error'
      }
    ]
      73 |       return
      74 |     }
    > 75 |     originalWarn.call(console, ...args)
         |                  ^
      76 |   }
      77 | })
      78 |
      at console.call (jest.setup.js:75:18)
      at ClaudeReviewerService.warn [as analyzeProposal] (lib/services/claude-reviewer-service.js:331:17)
      at Object.<anonymous> (tests/unit/claude-reviewer-service.test.js:172:20)
  console.error
    [intake rate-limit] checkIntakeRateLimit error: VercelPostgresError - 'missing_connection_string': You did not supply a 'connectionString' and no 'POSTGRES_URL' env var was found.
      83 | async function noteLimiterDbFailure(context, err) {
      84 |   consecutiveDbFailures += 1;
    > 85 |   console.error(`[intake rate-limit] ${context} error:`, err.message);
         |           ^
      86 |   if (consecutiveDbFailures < DB_FAILURE_ALERT_THRESHOLD) return;
      87 |
      88 |   const failureCount = consecutiveDbFailures;
      at error (lib/intake/rate-limit.js:85:11)
      at noteLimiterDbFailure (lib/intake/rate-limit.js:252:11)
      at handler (pages/api/intake/draft.js:91:40)
      at Object.<anonymous> (tests/unit/intake-draft-endpoint.test.js:133:5)
  console.warn
    Analysis validation issues: [
      {
        code: 'truncated_response',
        message: 'The model stopped because it reached the max token limit.',
        severity: 'error'
      }
    ]
      73 |       return
      74 |     }
    > 75 |     originalWarn.call(console, ...args)
         |                  ^
      76 |   }
      77 | })
      78 |
      at console.call (jest.setup.js:75:18)
      at ClaudeReviewerService.warn [as analyzeProposal] (lib/services/claude-reviewer-service.js:331:17)
      at Object.<anonymous> (tests/unit/claude-reviewer-service.test.js:198:20)
  console.error
    [intake rate-limit] checkIntakeRateLimit error: VercelPostgresError - 'missing_connection_string': You did not supply a 'connectionString' and no 'POSTGRES_URL' env var was found.
      83 | async function noteLimiterDbFailure(context, err) {
      84 |   consecutiveDbFailures += 1;
    > 85 |   console.error(`[intake rate-limit] ${context} error:`, err.message);
         |           ^
      86 |   if (consecutiveDbFailures < DB_FAILURE_ALERT_THRESHOLD) return;
      87 |
      88 |   const failureCount = consecutiveDbFailures;
      at error (lib/intake/rate-limit.js:85:11)
      at noteLimiterDbFailure (lib/intake/rate-limit.js:252:11)
      at handler (pages/api/intake/draft.js:91:40)
      at Object.<anonymous> (tests/unit/intake-draft-endpoint.test.js:140:5)
  console.warn
    [ClaudeReviewerService] No suggestions parsed. responseLength=338 containsReviewerToken=false firstReviewerOffset=-1
      73 |       return
      74 |     }
    > 75 |     originalWarn.call(console, ...args)
         |                  ^
      76 |   }
      77 | })
      78 |
      at console.call (jest.setup.js:75:18)
      at ClaudeReviewerService.warn [as analyzeProposal] (lib/services/claude-reviewer-service.js:272:19)
      at Object.<anonymous> (tests/unit/claude-reviewer-service.test.js:407:20)
  console.error
    [intake rate-limit] checkIntakeRateLimit error: VercelPostgresError - 'missing_connection_string': You did not supply a 'connectionString' and no 'POSTGRES_URL' env var was found.
      83 | async function noteLimiterDbFailure(context, err) {
      84 |   consecutiveDbFailures += 1;
    > 85 |   console.error(`[intake rate-limit] ${context} error:`, err.message);
         |           ^
      86 |   if (consecutiveDbFailures < DB_FAILURE_ALERT_THRESHOLD) return;
      87 |
      88 |   const failureCount = consecutiveDbFailures;
      at error (lib/intake/rate-limit.js:85:11)
      at noteLimiterDbFailure (lib/intake/rate-limit.js:252:11)
      at handler (pages/api/intake/draft.js:91:40)
      at Object.<anonymous> (tests/unit/intake-draft-endpoint.test.js:147:5)
  console.error
    [intake rate-limit] checkIntakeRateLimit error: VercelPostgresError - 'missing_connection_string': You did not supply a 'connectionString' and no 'POSTGRES_URL' env var was found.
      83 | async function noteLimiterDbFailure(context, err) {
      84 |   consecutiveDbFailures += 1;
    > 85 |   console.error(`[intake rate-limit] ${context} error:`, err.message);
         |           ^
      86 |   if (consecutiveDbFailures < DB_FAILURE_ALERT_THRESHOLD) return;
      87 |
      88 |   const failureCount = consecutiveDbFailures;
      at error (lib/intake/rate-limit.js:85:11)
      at noteLimiterDbFailure (lib/intake/rate-limit.js:252:11)
      at handler (pages/api/intake/draft.js:91:40)
      at Object.<anonymous> (tests/unit/intake-draft-endpoint.test.js:153:5)
  console.error
    [intake rate-limit] checkIntakeRateLimit error: VercelPostgresError - 'missing_connection_string': You did not supply a 'connectionString' and no 'POSTGRES_URL' env var was found.
      83 | async function noteLimiterDbFailure(context, err) {
      84 |   consecutiveDbFailures += 1;
    > 85 |   console.error(`[intake rate-limit] ${context} error:`, err.message);
         |           ^
      86 |   if (consecutiveDbFailures < DB_FAILURE_ALERT_THRESHOLD) return;
      87 |
      88 |   const failureCount = consecutiveDbFailures;
      at error (lib/intake/rate-limit.js:85:11)
      at noteLimiterDbFailure (lib/intake/rate-limit.js:252:11)
      at handler (pages/api/intake/draft.js:91:40)
      at tests/unit/intake-draft-endpoint.test.js:172:5
  console.error
    {"level":"error","event":"intake_rate_limit.db_degraded","consecutiveFailures":5,"lastError":"VercelPostgresError - 'missing_connection_string': You did not supply a 'connectionString' and no 'POSTGRES_URL' env var was found."}
      89 |   consecutiveDbFailures = 0;
      90 |   try {
    > 91 |     console.error(JSON.stringify({
         |             ^
      92 |       level: 'error',
      93 |       event: 'intake_rate_limit.db_degraded',
      94 |       consecutiveFailures: failureCount,
      at error (lib/intake/rate-limit.js:91:13)
      at noteLimiterDbFailure (lib/intake/rate-limit.js:252:11)
      at handler (pages/api/intake/draft.js:91:40)
      at tests/unit/intake-draft-endpoint.test.js:172:5
  console.error
    AlertService.createAlert error: VercelPostgresError - 'missing_connection_string': You did not supply a 'connectionString' and no 'POSTGRES_URL' env var was found.
      45 |       return result.rows[0];
      46 |     } catch (error) {
    > 47 |       console.error('AlertService.createAlert error:', error.message);
         |               ^
      48 |       throw error;
      49 |     }
      50 |   }
      at AlertService.error [as createAlert] (lib/services/alert-service.js:47:15)
      at createAlert (lib/intake/rate-limit.js:97:24)
      at noteLimiterDbFailure (lib/intake/rate-limit.js:252:11)
      at handler (pages/api/intake/draft.js:91:40)
      at tests/unit/intake-draft-endpoint.test.js:172:5
  console.error
    [intake rate-limit] degraded-limiter alert raise failed: VercelPostgresError - 'missing_connection_string': You did not supply a 'connectionString' and no 'POSTGRES_URL' env var was found.
      108 |     });
      109 |   } catch (alertErr) {
    > 110 |     console.error('[intake rate-limit] degraded-limiter alert raise failed:', alertErr.message);
          |             ^
      111 |   }
      112 | }
      113 |
      at error (lib/intake/rate-limit.js:110:13)
      at checkIntakeRateLimit (lib/intake/rate-limit.js:252:5)
      at handler (pages/api/intake/draft.js:91:14)
      at tests/unit/intake-draft-endpoint.test.js:172:5
  console.error
    [intake rate-limit] checkIntakeRateLimit error: VercelPostgresError - 'missing_connection_string': You did not supply a 'connectionString' and no 'POSTGRES_URL' env var was found.
      83 | async function noteLimiterDbFailure(context, err) {
      84 |   consecutiveDbFailures += 1;
    > 85 |   console.error(`[intake rate-limit] ${context} error:`, err.message);
         |           ^
      86 |   if (consecutiveDbFailures < DB_FAILURE_ALERT_THRESHOLD) return;
      87 |
      88 |   const failureCount = consecutiveDbFailures;
      at error (lib/intake/rate-limit.js:85:11)
      at noteLimiterDbFailure (lib/intake/rate-limit.js:252:11)
      at handler (pages/api/intake/draft.js:91:40)
      at tests/unit/intake-draft-endpoint.test.js:172:5
  console.warn
    Analysis validation issues: [
      {
        code: 'below_suggestion_floor',
        message: 'Only 1 usable reviewer suggestion parsed; expected at least 3.',
        severity: 'error'
      }
    ]
      73 |       return
      74 |     }
    > 75 |     originalWarn.call(console, ...args)
         |                  ^
      76 |   }
      77 | })
      78 |
      at console.call (jest.setup.js:75:18)
      at ClaudeReviewerService.warn [as analyzeProposal] (lib/services/claude-reviewer-service.js:331:17)
      at Object.<anonymous> (tests/unit/claude-reviewer-service.test.js:425:20)
  console.error
    [intake rate-limit] checkIntakeRateLimit error: VercelPostgresError - 'missing_connection_string': You did not supply a 'connectionString' and no 'POSTGRES_URL' env var was found.
      83 | async function noteLimiterDbFailure(context, err) {
      84 |   consecutiveDbFailures += 1;
    > 85 |   console.error(`[intake rate-limit] ${context} error:`, err.message);
         |           ^
      86 |   if (consecutiveDbFailures < DB_FAILURE_ALERT_THRESHOLD) return;
      87 |
      88 |   const failureCount = consecutiveDbFailures;
      at error (lib/intake/rate-limit.js:85:11)
      at noteLimiterDbFailure (lib/intake/rate-limit.js:252:11)
      at handler (pages/api/intake/draft.js:91:40)
      at tests/unit/intake-draft-endpoint.test.js:172:5
  console.error
    [intake rate-limit] checkIntakeRateLimit error: VercelPostgresError - 'missing_connection_string': You did not supply a 'connectionString' and no 'POSTGRES_URL' env var was found.
      83 | async function noteLimiterDbFailure(context, err) {
      84 |   consecutiveDbFailures += 1;
    > 85 |   console.error(`[intake rate-limit] ${context} error:`, err.message);
         |           ^
      86 |   if (consecutiveDbFailures < DB_FAILURE_ALERT_THRESHOLD) return;
      87 |
      88 |   const failureCount = consecutiveDbFailures;
      at error (lib/intake/rate-limit.js:85:11)
      at noteLimiterDbFailure (lib/intake/rate-limit.js:252:11)
      at handler (pages/api/intake/draft.js:91:40)
      at tests/unit/intake-draft-endpoint.test.js:172:5
  console.error
    [intake rate-limit] checkIntakeRateLimit error: VercelPostgresError - 'missing_connection_string': You did not supply a 'connectionString' and no 'POSTGRES_URL' env var was found.
      83 | async function noteLimiterDbFailure(context, err) {
      84 |   consecutiveDbFailures += 1;
    > 85 |   console.error(`[intake rate-limit] ${context} error:`, err.message);
         |           ^
      86 |   if (consecutiveDbFailures < DB_FAILURE_ALERT_THRESHOLD) return;
      87 |
      88 |   const failureCount = consecutiveDbFailures;
      at error (lib/intake/rate-limit.js:85:11)
      at noteLimiterDbFailure (lib/intake/rate-limit.js:252:11)
      at handler (pages/api/intake/draft.js:91:40)
      at tests/unit/intake-draft-endpoint.test.js:172:5
  console.error
    [intake rate-limit] checkIntakeRateLimit error: VercelPostgresError - 'missing_connection_string': You did not supply a 'connectionString' and no 'POSTGRES_URL' env var was found.
      83 | async function noteLimiterDbFailure(context, err) {
      84 |   consecutiveDbFailures += 1;
    > 85 |   console.error(`[intake rate-limit] ${context} error:`, err.message);
         |           ^
      86 |   if (consecutiveDbFailures < DB_FAILURE_ALERT_THRESHOLD) return;
      87 |
      88 |   const failureCount = consecutiveDbFailures;
      at error (lib/intake/rate-limit.js:85:11)
      at noteLimiterDbFailure (lib/intake/rate-limit.js:252:11)
      at handler (pages/api/intake/draft.js:91:40)
      at tests/unit/intake-draft-endpoint.test.js:172:5
  console.error
    {"level":"error","event":"intake_rate_limit.db_degraded","consecutiveFailures":5,"lastError":"VercelPostgresError - 'missing_connection_string': You did not supply a 'connectionString' and no 'POSTGRES_URL' env var was found."}
      89 |   consecutiveDbFailures = 0;
      90 |   try {
    > 91 |     console.error(JSON.stringify({
         |             ^
      92 |       level: 'error',
      93 |       event: 'intake_rate_limit.db_degraded',
      94 |       consecutiveFailures: failureCount,
      at error (lib/intake/rate-limit.js:91:13)
      at noteLimiterDbFailure (lib/intake/rate-limit.js:252:11)
      at handler (pages/api/intake/draft.js:91:40)
      at tests/unit/intake-draft-endpoint.test.js:172:5
  console.error
    AlertService.createAlert error: VercelPostgresError - 'missing_connection_string': You did not supply a 'connectionString' and no 'POSTGRES_URL' env var was found.
      45 |       return result.rows[0];
      46 |     } catch (error) {
    > 47 |       console.error('AlertService.createAlert error:', error.message);
         |               ^
      48 |       throw error;
      49 |     }
      50 |   }
      at AlertService.error [as createAlert] (lib/services/alert-service.js:47:15)
      at createAlert (lib/intake/rate-limit.js:97:24)
      at noteLimiterDbFailure (lib/intake/rate-limit.js:252:11)
      at handler (pages/api/intake/draft.js:91:40)
      at tests/unit/intake-draft-endpoint.test.js:172:5
  console.error
    [intake rate-limit] degraded-limiter alert raise failed: VercelPostgresError - 'missing_connection_string': You did not supply a 'connectionString' and no 'POSTGRES_URL' env var was found.
      108 |     });
      109 |   } catch (alertErr) {
    > 110 |     console.error('[intake rate-limit] degraded-limiter alert raise failed:', alertErr.message);
          |             ^
      111 |   }
      112 | }
      113 |
      at error (lib/intake/rate-limit.js:110:13)
      at checkIntakeRateLimit (lib/intake/rate-limit.js:252:5)
      at handler (pages/api/intake/draft.js:91:14)
      at tests/unit/intake-draft-endpoint.test.js:172:5
  console.error
    [intake rate-limit] checkIntakeRateLimit error: VercelPostgresError - 'missing_connection_string': You did not supply a 'connectionString' and no 'POSTGRES_URL' env var was found.
      83 | async function noteLimiterDbFailure(context, err) {
      84 |   consecutiveDbFailures += 1;
    > 85 |   console.error(`[intake rate-limit] ${context} error:`, err.message);
         |           ^
      86 |   if (consecutiveDbFailures < DB_FAILURE_ALERT_THRESHOLD) return;
      87 |
      88 |   const failureCount = consecutiveDbFailures;
      at error (lib/intake/rate-limit.js:85:11)
      at noteLimiterDbFailure (lib/intake/rate-limit.js:252:11)
      at handler (pages/api/intake/draft.js:91:40)
      at Object.<anonymous> (tests/unit/intake-draft-endpoint.test.js:192:5)
  console.error
    [intake rate-limit] checkIntakeRateLimit error: VercelPostgresError - 'missing_connection_string': You did not supply a 'connectionString' and no 'POSTGRES_URL' env var was found.
      83 | async function noteLimiterDbFailure(context, err) {
      84 |   consecutiveDbFailures += 1;
    > 85 |   console.error(`[intake rate-limit] ${context} error:`, err.message);
         |           ^
      86 |   if (consecutiveDbFailures < DB_FAILURE_ALERT_THRESHOLD) return;
      87 |
      88 |   const failureCount = consecutiveDbFailures;
      at error (lib/intake/rate-limit.js:85:11)
      at noteLimiterDbFailure (lib/intake/rate-limit.js:252:11)
      at handler (pages/api/intake/draft.js:91:40)
      at Object.<anonymous> (tests/unit/intake-draft-endpoint.test.js:205:5)
  console.warn
    [intake/draft] bridge altKeyNotActive: alt key pending
      73 |       return
      74 |     }
    > 75 |     originalWarn.call(console, ...args)
         |                  ^
      76 |   }
      77 | })
      78 |
      at console.call (jest.setup.js:75:18)
      at warn (pages/api/intake/draft.js:126:15)
      at Object.<anonymous> (tests/unit/intake-draft-endpoint.test.js:205:5)
  console.error
    Error: Not implemented: navigation (except hash changes)
        at ignore-listed frames {
      type: 'not implemented'
    }
      at VirtualConsole.<anonymous> (node_modules/@jest/environment-jsdom-abstract/build/index.js:87:23)
  console.error
    [intake rate-limit] checkIntakeRateLimit error: VercelPostgresError - 'missing_connection_string': You did not supply a 'connectionString' and no 'POSTGRES_URL' env var was found.
      83 | async function noteLimiterDbFailure(context, err) {
      84 |   consecutiveDbFailures += 1;
    > 85 |   console.error(`[intake rate-limit] ${context} error:`, err.message);
         |           ^
      86 |   if (consecutiveDbFailures < DB_FAILURE_ALERT_THRESHOLD) return;
      87 |
      88 |   const failureCount = consecutiveDbFailures;
      at error (lib/intake/rate-limit.js:85:11)
      at noteLimiterDbFailure (lib/intake/rate-limit.js:252:11)
      at handler (pages/api/intake/draft.js:91:40)
      at Object.<anonymous> (tests/unit/intake-draft-endpoint.test.js:214:5)
  console.error
    [intake/draft] bridge failed: Error: Dataverse down
        at Object.<anonymous> (/Users/gallivan/Code/WMKF_Apps/tests/unit/intake-draft-endpoint.test.js:212:48)
        at Promise.finally.completed (/Users/gallivan/Code/WMKF_Apps/node_modules/jest-circus/build/jestAdapterInit.js:1561:28)
        at new Promise (<anonymous>)
        at callAsyncCircusFn (/Users/gallivan/Code/WMKF_Apps/node_modules/jest-circus/build/jestAdapterInit.js:1501:10)
        at _callCircusTest (/Users/gallivan/Code/WMKF_Apps/node_modules/jest-circus/build/jestAdapterInit.js:1011:40)
        at processTicksAndRejections (node:internal/process/task_queues:104:5)
        at _runTest (/Users/gallivan/Code/WMKF_Apps/node_modules/jest-circus/build/jestAdapterInit.js:951:3)
        at /Users/gallivan/Code/WMKF_Apps/node_modules/jest-circus/build/jestAdapterInit.js:853:7
        at _runTestsForDescribeBlock (/Users/gallivan/Code/WMKF_Apps/node_modules/jest-circus/build/jestAdapterInit.js:866:11)
        at _runTestsForDescribeBlock (/Users/gallivan/Code/WMKF_Apps/node_modules/jest-circus/build/jestAdapterInit.js:861:11)
        at run (/Users/gallivan/Code/WMKF_Apps/node_modules/jest-circus/build/jestAdapterInit.js:765:3)
        at runAndTransformResultsToJestFormat (/Users/gallivan/Code/WMKF_Apps/node_modules/jest-circus/build/jestAdapterInit.js:1993:21)
        at jestAdapter (/Users/gallivan/Code/WMKF_Apps/node_modules/jest-circus/build/runner.js:111:19)
        at runTestInternal (/Users/gallivan/Code/WMKF_Apps/node_modules/jest-runner/build/testWorker.js:276:16)
        at runTest (/Users/gallivan/Code/WMKF_Apps/node_modules/jest-runner/build/testWorker.js:344:7)
        at Object.worker (/Users/gallivan/Code/WMKF_Apps/node_modules/jest-runner/build/testWorker.js:498:12)
      130 |       });
      131 |     }
    > 132 |     console.error('[intake/draft] bridge failed:', err);
          |             ^
      133 |     return jsonError(res, 502, 'Identity bridge failed; please retry');
      134 |   }
      135 |   if (!bridgeResult.ok) {
      at error (pages/api/intake/draft.js:132:13)
      at Object.<anonymous> (tests/unit/intake-draft-endpoint.test.js:214:5)
  console.error
    [intake rate-limit] checkIntakeRateLimit error: VercelPostgresError - 'missing_connection_string': You did not supply a 'connectionString' and no 'POSTGRES_URL' env var was found.
      83 | async function noteLimiterDbFailure(context, err) {
      84 |   consecutiveDbFailures += 1;
    > 85 |   console.error(`[intake rate-limit] ${context} error:`, err.message);
         |           ^
      86 |   if (consecutiveDbFailures < DB_FAILURE_ALERT_THRESHOLD) return;
      87 |
      88 |   const failureCount = consecutiveDbFailures;
      at error (lib/intake/rate-limit.js:85:11)
      at noteLimiterDbFailure (lib/intake/rate-limit.js:252:11)
      at handler (pages/api/intake/draft.js:91:40)
      at Object.<anonymous> (tests/unit/intake-draft-endpoint.test.js:227:5)
  console.error
    [intake rate-limit] checkIntakeRateLimit error: VercelPostgresError - 'missing_connection_string': You did not supply a 'connectionString' and no 'POSTGRES_URL' env var was found.
      83 | async function noteLimiterDbFailure(context, err) {
      84 |   consecutiveDbFailures += 1;
    > 85 |   console.error(`[intake rate-limit] ${context} error:`, err.message);
         |           ^
      86 |   if (consecutiveDbFailures < DB_FAILURE_ALERT_THRESHOLD) return;
      87 |
      88 |   const failureCount = consecutiveDbFailures;
      at error (lib/intake/rate-limit.js:85:11)
      at noteLimiterDbFailure (lib/intake/rate-limit.js:252:11)
      at handler (pages/api/intake/draft.js:91:40)
      at Object.<anonymous> (tests/unit/intake-draft-endpoint.test.js:241:5)
  console.error
    {"level":"error","event":"intake_rate_limit.db_degraded","consecutiveFailures":5,"lastError":"VercelPostgresError - 'missing_connection_string': You did not supply a 'connectionString' and no 'POSTGRES_URL' env var was found."}
      89 |   consecutiveDbFailures = 0;
      90 |   try {
    > 91 |     console.error(JSON.stringify({
         |             ^
      92 |       level: 'error',
      93 |       event: 'intake_rate_limit.db_degraded',
      94 |       consecutiveFailures: failureCount,
      at error (lib/intake/rate-limit.js:91:13)
      at noteLimiterDbFailure (lib/intake/rate-limit.js:252:11)
      at handler (pages/api/intake/draft.js:91:40)
      at Object.<anonymous> (tests/unit/intake-draft-endpoint.test.js:241:5)
  console.error
    AlertService.createAlert error: VercelPostgresError - 'missing_connection_string': You did not supply a 'connectionString' and no 'POSTGRES_URL' env var was found.
      45 |       return result.rows[0];
      46 |     } catch (error) {
    > 47 |       console.error('AlertService.createAlert error:', error.message);
         |               ^
      48 |       throw error;
      49 |     }
      50 |   }
      at AlertService.error [as createAlert] (lib/services/alert-service.js:47:15)
      at createAlert (lib/intake/rate-limit.js:97:24)
      at noteLimiterDbFailure (lib/intake/rate-limit.js:252:11)
      at handler (pages/api/intake/draft.js:91:40)
      at Object.<anonymous> (tests/unit/intake-draft-endpoint.test.js:241:5)
  console.error
    [intake rate-limit] degraded-limiter alert raise failed: VercelPostgresError - 'missing_connection_string': You did not supply a 'connectionString' and no 'POSTGRES_URL' env var was found.
      108 |     });
      109 |   } catch (alertErr) {
    > 110 |     console.error('[intake rate-limit] degraded-limiter alert raise failed:', alertErr.message);
          |             ^
      111 |   }
      112 | }
      113 |
      at error (lib/intake/rate-limit.js:110:13)
      at checkIntakeRateLimit (lib/intake/rate-limit.js:252:5)
      at handler (pages/api/intake/draft.js:91:14)
      at Object.<anonymous> (tests/unit/intake-draft-endpoint.test.js:241:5)
  console.error
    [intake rate-limit] checkIntakeRateLimit error: VercelPostgresError - 'missing_connection_string': You did not supply a 'connectionString' and no 'POSTGRES_URL' env var was found.
      83 | async function noteLimiterDbFailure(context, err) {
      84 |   consecutiveDbFailures += 1;
    > 85 |   console.error(`[intake rate-limit] ${context} error:`, err.message);
         |           ^
      86 |   if (consecutiveDbFailures < DB_FAILURE_ALERT_THRESHOLD) return;
      87 |
      88 |   const failureCount = consecutiveDbFailures;
      at error (lib/intake/rate-limit.js:85:11)
      at noteLimiterDbFailure (lib/intake/rate-limit.js:252:11)
      at handler (pages/api/intake/draft.js:91:40)
      at Object.<anonymous> (tests/unit/intake-draft-endpoint.test.js:255:5)
  console.error
    [intake/draft] membership check failed: Error: Dataverse down
        at Object.<anonymous> (/Users/gallivan/Code/WMKF_Apps/tests/unit/intake-draft-endpoint.test.js:253:41)
        at Promise.finally.completed (/Users/gallivan/Code/WMKF_Apps/node_modules/jest-circus/build/jestAdapterInit.js:1561:28)
        at new Promise (<anonymous>)
        at callAsyncCircusFn (/Users/gallivan/Code/WMKF_Apps/node_modules/jest-circus/build/jestAdapterInit.js:1501:10)
        at _callCircusTest (/Users/gallivan/Code/WMKF_Apps/node_modules/jest-circus/build/jestAdapterInit.js:1011:40)
        at processTicksAndRejections (node:internal/process/task_queues:104:5)
        at _runTest (/Users/gallivan/Code/WMKF_Apps/node_modules/jest-circus/build/jestAdapterInit.js:951:3)
        at /Users/gallivan/Code/WMKF_Apps/node_modules/jest-circus/build/jestAdapterInit.js:853:7
        at _runTestsForDescribeBlock (/Users/gallivan/Code/WMKF_Apps/node_modules/jest-circus/build/jestAdapterInit.js:866:11)
        at _runTestsForDescribeBlock (/Users/gallivan/Code/WMKF_Apps/node_modules/jest-circus/build/jestAdapterInit.js:861:11)
        at run (/Users/gallivan/Code/WMKF_Apps/node_modules/jest-circus/build/jestAdapterInit.js:765:3)
        at runAndTransformResultsToJestFormat (/Users/gallivan/Code/WMKF_Apps/node_modules/jest-circus/build/jestAdapterInit.js:1993:21)
        at jestAdapter (/Users/gallivan/Code/WMKF_Apps/node_modules/jest-circus/build/runner.js:111:19)
        at runTestInternal (/Users/gallivan/Code/WMKF_Apps/node_modules/jest-runner/build/testWorker.js:276:16)
        at runTest (/Users/gallivan/Code/WMKF_Apps/node_modules/jest-runner/build/testWorker.js:344:7)
        at Object.worker (/Users/gallivan/Code/WMKF_Apps/node_modules/jest-runner/build/testWorker.js:498:12)
      163 |     );
      164 |   } catch (err) {
    > 165 |     console.error('[intake/draft] membership check failed:', err);
          |             ^
      166 |     return jsonError(res, 502, 'Membership lookup failed; please retry');
      167 |   }
      168 |   if (!allowed) {
      at error (pages/api/intake/draft.js:165:13)
      at Object.<anonymous> (tests/unit/intake-draft-endpoint.test.js:255:5)
  console.error
    [intake rate-limit] checkIntakeRateLimit error: VercelPostgresError - 'missing_connection_string': You did not supply a 'connectionString' and no 'POSTGRES_URL' env var was found.
      83 | async function noteLimiterDbFailure(context, err) {
      84 |   consecutiveDbFailures += 1;
    > 85 |   console.error(`[intake rate-limit] ${context} error:`, err.message);
         |           ^
      86 |   if (consecutiveDbFailures < DB_FAILURE_ALERT_THRESHOLD) return;
      87 |
      88 |   const failureCount = consecutiveDbFailures;
      at error (lib/intake/rate-limit.js:85:11)
      at noteLimiterDbFailure (lib/intake/rate-limit.js:252:11)
      at handler (pages/api/intake/draft.js:91:40)
      at Object.<anonymous> (tests/unit/intake-draft-endpoint.test.js:262:5)
  console.error
    [intake rate-limit] checkIntakeRateLimit error: VercelPostgresError - 'missing_connection_string': You did not supply a 'connectionString' and no 'POSTGRES_URL' env var was found.
      83 | async function noteLimiterDbFailure(context, err) {
      84 |   consecutiveDbFailures += 1;
    > 85 |   console.error(`[intake rate-limit] ${context} error:`, err.message);
         |           ^
      86 |   if (consecutiveDbFailures < DB_FAILURE_ALERT_THRESHOLD) return;
      87 |
      88 |   const failureCount = consecutiveDbFailures;
      at error (lib/intake/rate-limit.js:85:11)
      at noteLimiterDbFailure (lib/intake/rate-limit.js:252:11)
      at handler (pages/api/intake/draft.js:91:40)
      at Object.<anonymous> (tests/unit/intake-draft-endpoint.test.js:277:5)
  console.error
    [intake rate-limit] checkIntakeRateLimit error: VercelPostgresError - 'missing_connection_string': You did not supply a 'connectionString' and no 'POSTGRES_URL' env var was found.
      83 | async function noteLimiterDbFailure(context, err) {
      84 |   consecutiveDbFailures += 1;
    > 85 |   console.error(`[intake rate-limit] ${context} error:`, err.message);
         |           ^
      86 |   if (consecutiveDbFailures < DB_FAILURE_ALERT_THRESHOLD) return;
      87 |
      88 |   const failureCount = consecutiveDbFailures;
      at error (lib/intake/rate-limit.js:85:11)
      at noteLimiterDbFailure (lib/intake/rate-limit.js:252:11)
      at handler (pages/api/intake/draft.js:91:40)
      at Object.<anonymous> (tests/unit/intake-draft-endpoint.test.js:302:5)
  console.error
    [intake rate-limit] checkIntakeRateLimit error: VercelPostgresError - 'missing_connection_string': You did not supply a 'connectionString' and no 'POSTGRES_URL' env var was found.
      83 | async function noteLimiterDbFailure(context, err) {
      84 |   consecutiveDbFailures += 1;
    > 85 |   console.error(`[intake rate-limit] ${context} error:`, err.message);
         |           ^
      86 |   if (consecutiveDbFailures < DB_FAILURE_ALERT_THRESHOLD) return;
      87 |
      88 |   const failureCount = consecutiveDbFailures;
      at error (lib/intake/rate-limit.js:85:11)
      at noteLimiterDbFailure (lib/intake/rate-limit.js:252:11)
      at handler (pages/api/intake/draft.js:91:40)
      at Object.<anonymous> (tests/unit/intake-draft-endpoint.test.js:316:5)
  console.error
    {"level":"error","event":"intake_rate_limit.db_degraded","consecutiveFailures":5,"lastError":"VercelPostgresError - 'missing_connection_string': You did not supply a 'connectionString' and no 'POSTGRES_URL' env var was found."}
      89 |   consecutiveDbFailures = 0;
      90 |   try {
    > 91 |     console.error(JSON.stringify({
         |             ^
      92 |       level: 'error',
      93 |       event: 'intake_rate_limit.db_degraded',
      94 |       consecutiveFailures: failureCount,
      at error (lib/intake/rate-limit.js:91:13)
      at noteLimiterDbFailure (lib/intake/rate-limit.js:252:11)
      at handler (pages/api/intake/draft.js:91:40)
      at Object.<anonymous> (tests/unit/intake-draft-endpoint.test.js:316:5)
  console.error
    AlertService.createAlert error: VercelPostgresError - 'missing_connection_string': You did not supply a 'connectionString' and no 'POSTGRES_URL' env var was found.
      45 |       return result.rows[0];
      46 |     } catch (error) {
    > 47 |       console.error('AlertService.createAlert error:', error.message);
         |               ^
      48 |       throw error;
      49 |     }
      50 |   }
      at AlertService.error [as createAlert] (lib/services/alert-service.js:47:15)
      at createAlert (lib/intake/rate-limit.js:97:24)
      at noteLimiterDbFailure (lib/intake/rate-limit.js:252:11)
      at handler (pages/api/intake/draft.js:91:40)
      at Object.<anonymous> (tests/unit/intake-draft-endpoint.test.js:316:5)
  console.error
    [intake rate-limit] degraded-limiter alert raise failed: VercelPostgresError - 'missing_connection_string': You did not supply a 'connectionString' and no 'POSTGRES_URL' env var was found.
      108 |     });
      109 |   } catch (alertErr) {
    > 110 |     console.error('[intake rate-limit] degraded-limiter alert raise failed:', alertErr.message);
          |             ^
      111 |   }
      112 | }
      113 |
      at error (lib/intake/rate-limit.js:110:13)
      at checkIntakeRateLimit (lib/intake/rate-limit.js:252:5)
      at handler (pages/api/intake/draft.js:91:14)
      at Object.<anonymous> (tests/unit/intake-draft-endpoint.test.js:316:5)
  console.error
    [intake rate-limit] checkIntakeRateLimit error: VercelPostgresError - 'missing_connection_string': You did not supply a 'connectionString' and no 'POSTGRES_URL' env var was found.
      83 | async function noteLimiterDbFailure(context, err) {
      84 |   consecutiveDbFailures += 1;
    > 85 |   console.error(`[intake rate-limit] ${context} error:`, err.message);
         |           ^
      86 |   if (consecutiveDbFailures < DB_FAILURE_ALERT_THRESHOLD) return;
      87 |
      88 |   const failureCount = consecutiveDbFailures;
      at error (lib/intake/rate-limit.js:85:11)
      at noteLimiterDbFailure (lib/intake/rate-limit.js:252:11)
      at handler (pages/api/intake/draft.js:91:40)
      at Object.<anonymous> (tests/unit/intake-draft-endpoint.test.js:330:5)
  console.error
    [intake rate-limit] checkIntakeRateLimit error: VercelPostgresError - 'missing_connection_string': You did not supply a 'connectionString' and no 'POSTGRES_URL' env var was found.
      83 | async function noteLimiterDbFailure(context, err) {
      84 |   consecutiveDbFailures += 1;
    > 85 |   console.error(`[intake rate-limit] ${context} error:`, err.message);
         |           ^
      86 |   if (consecutiveDbFailures < DB_FAILURE_ALERT_THRESHOLD) return;
      87 |
      88 |   const failureCount = consecutiveDbFailures;
      at error (lib/intake/rate-limit.js:85:11)
      at noteLimiterDbFailure (lib/intake/rate-limit.js:252:11)
      at handler (pages/api/intake/draft.js:91:40)
      at Object.<anonymous> (tests/unit/intake-draft-endpoint.test.js:345:5)
  console.error
    [intake rate-limit] checkIntakeRateLimit error: VercelPostgresError - 'missing_connection_string': You did not supply a 'connectionString' and no 'POSTGRES_URL' env var was found.
      83 | async function noteLimiterDbFailure(context, err) {
      84 |   consecutiveDbFailures += 1;
    > 85 |   console.error(`[intake rate-limit] ${context} error:`, err.message);
         |           ^
      86 |   if (consecutiveDbFailures < DB_FAILURE_ALERT_THRESHOLD) return;
      87 |
      88 |   const failureCount = consecutiveDbFailures;
      at error (lib/intake/rate-limit.js:85:11)
      at noteLimiterDbFailure (lib/intake/rate-limit.js:252:11)
      at handler (pages/api/intake/draft.js:91:40)
      at Object.<anonymous> (tests/unit/intake-draft-endpoint.test.js:361:5)
  console.error
    [intake rate-limit] checkIntakeRateLimit error: VercelPostgresError - 'missing_connection_string': You did not supply a 'connectionString' and no 'POSTGRES_URL' env var was found.
      83 | async function noteLimiterDbFailure(context, err) {
      84 |   consecutiveDbFailures += 1;
    > 85 |   console.error(`[intake rate-limit] ${context} error:`, err.message);
         |           ^
      86 |   if (consecutiveDbFailures < DB_FAILURE_ALERT_THRESHOLD) return;
      87 |
      88 |   const failureCount = consecutiveDbFailures;
      at error (lib/intake/rate-limit.js:85:11)
      at noteLimiterDbFailure (lib/intake/rate-limit.js:252:11)
      at handler (pages/api/intake/draft.js:91:40)
      at Object.<anonymous> (tests/unit/intake-draft-endpoint.test.js:375:5)
  console.error
    [intake rate-limit] checkIntakeRateLimit error: VercelPostgresError - 'missing_connection_string': You did not supply a 'connectionString' and no 'POSTGRES_URL' env var was found.
      83 | async function noteLimiterDbFailure(context, err) {
      84 |   consecutiveDbFailures += 1;
    > 85 |   console.error(`[intake rate-limit] ${context} error:`, err.message);
         |           ^
      86 |   if (consecutiveDbFailures < DB_FAILURE_ALERT_THRESHOLD) return;
      87 |
      88 |   const failureCount = consecutiveDbFailures;
      at error (lib/intake/rate-limit.js:85:11)
      at noteLimiterDbFailure (lib/intake/rate-limit.js:252:11)
      at handler (pages/api/intake/draft.js:91:40)
      at Object.<anonymous> (tests/unit/intake-draft-endpoint.test.js:390:5)
  console.error
    {"level":"error","event":"intake_rate_limit.db_degraded","consecutiveFailures":5,"lastError":"VercelPostgresError - 'missing_connection_string': You did not supply a 'connectionString' and no 'POSTGRES_URL' env var was found."}
      89 |   consecutiveDbFailures = 0;
      90 |   try {
    > 91 |     console.error(JSON.stringify({
         |             ^
      92 |       level: 'error',
      93 |       event: 'intake_rate_limit.db_degraded',
      94 |       consecutiveFailures: failureCount,
      at error (lib/intake/rate-limit.js:91:13)
      at noteLimiterDbFailure (lib/intake/rate-limit.js:252:11)
      at handler (pages/api/intake/draft.js:91:40)
      at Object.<anonymous> (tests/unit/intake-draft-endpoint.test.js:390:5)
  console.error
    AlertService.createAlert error: VercelPostgresError - 'missing_connection_string': You did not supply a 'connectionString' and no 'POSTGRES_URL' env var was found.
      45 |       return result.rows[0];
      46 |     } catch (error) {
    > 47 |       console.error('AlertService.createAlert error:', error.message);
         |               ^
      48 |       throw error;
      49 |     }
      50 |   }
      at AlertService.error [as createAlert] (lib/services/alert-service.js:47:15)
      at createAlert (lib/intake/rate-limit.js:97:24)
      at noteLimiterDbFailure (lib/intake/rate-limit.js:252:11)
      at handler (pages/api/intake/draft.js:91:40)
      at Object.<anonymous> (tests/unit/intake-draft-endpoint.test.js:390:5)
  console.error
    [intake rate-limit] degraded-limiter alert raise failed: VercelPostgresError - 'missing_connection_string': You did not supply a 'connectionString' and no 'POSTGRES_URL' env var was found.
      108 |     });
      109 |   } catch (alertErr) {
    > 110 |     console.error('[intake rate-limit] degraded-limiter alert raise failed:', alertErr.message);
          |             ^
      111 |   }
      112 | }
      113 |
      at error (lib/intake/rate-limit.js:110:13)
      at checkIntakeRateLimit (lib/intake/rate-limit.js:252:5)
      at handler (pages/api/intake/draft.js:91:14)
      at Object.<anonymous> (tests/unit/intake-draft-endpoint.test.js:390:5)
  console.error
    [intake/draft] getByKey failed: Error: pg down
        at Object.<anonymous> (/Users/gallivan/Code/WMKF_Apps/tests/unit/intake-draft-endpoint.test.js:388:51)
        at Promise.finally.completed (/Users/gallivan/Code/WMKF_Apps/node_modules/jest-circus/build/jestAdapterInit.js:1561:28)
        at new Promise (<anonymous>)
        at callAsyncCircusFn (/Users/gallivan/Code/WMKF_Apps/node_modules/jest-circus/build/jestAdapterInit.js:1501:10)
        at _callCircusTest (/Users/gallivan/Code/WMKF_Apps/node_modules/jest-circus/build/jestAdapterInit.js:1011:40)
        at processTicksAndRejections (node:internal/process/task_queues:104:5)
        at _runTest (/Users/gallivan/Code/WMKF_Apps/node_modules/jest-circus/build/jestAdapterInit.js:951:3)
        at /Users/gallivan/Code/WMKF_Apps/node_modules/jest-circus/build/jestAdapterInit.js:853:7
        at _runTestsForDescribeBlock (/Users/gallivan/Code/WMKF_Apps/node_modules/jest-circus/build/jestAdapterInit.js:866:11)
        at _runTestsForDescribeBlock (/Users/gallivan/Code/WMKF_Apps/node_modules/jest-circus/build/jestAdapterInit.js:861:11)
        at run (/Users/gallivan/Code/WMKF_Apps/node_modules/jest-circus/build/jestAdapterInit.js:765:3)
        at runAndTransformResultsToJestFormat (/Users/gallivan/Code/WMKF_Apps/node_modules/jest-circus/build/jestAdapterInit.js:1993:21)
        at jestAdapter (/Users/gallivan/Code/WMKF_Apps/node_modules/jest-circus/build/runner.js:111:19)
        at runTestInternal (/Users/gallivan/Code/WMKF_Apps/node_modules/jest-runner/build/testWorker.js:276:16)
        at runTest (/Users/gallivan/Code/WMKF_Apps/node_modules/jest-runner/build/testWorker.js:344:7)
        at Object.worker (/Users/gallivan/Code/WMKF_Apps/node_modules/jest-runner/build/testWorker.js:498:12)
      183 |     });
      184 |   } catch (err) {
    > 185 |     console.error('[intake/draft] getByKey failed:', err);
          |             ^
      186 |     return jsonError(res, 500, 'Draft lookup failed');
      187 |   }
      188 |
      at error (pages/api/intake/draft.js:185:13)
      at Object.<anonymous> (tests/unit/intake-draft-endpoint.test.js:390:5)
  console.error
    [intake rate-limit] checkIntakeRateLimit error: VercelPostgresError - 'missing_connection_string': You did not supply a 'connectionString' and no 'POSTGRES_URL' env var was found.
      83 | async function noteLimiterDbFailure(context, err) {
      84 |   consecutiveDbFailures += 1;
    > 85 |   console.error(`[intake rate-limit] ${context} error:`, err.message);
         |           ^
      86 |   if (consecutiveDbFailures < DB_FAILURE_ALERT_THRESHOLD) return;
      87 |
      88 |   const failureCount = consecutiveDbFailures;
      at error (lib/intake/rate-limit.js:85:11)
      at noteLimiterDbFailure (lib/intake/rate-limit.js:252:11)
      at handler (pages/api/intake/draft.js:91:40)
      at Object.<anonymous> (tests/unit/intake-draft-endpoint.test.js:398:5)
  console.error
    [intake/draft] upsertDraftJson failed: Error: pg constraint
        at Object.<anonymous> (/Users/gallivan/Code/WMKF_Apps/tests/unit/intake-draft-endpoint.test.js:396:58)
        at Promise.finally.completed (/Users/gallivan/Code/WMKF_Apps/node_modules/jest-circus/build/jestAdapterInit.js:1561:28)
        at new Promise (<anonymous>)
        at callAsyncCircusFn (/Users/gallivan/Code/WMKF_Apps/node_modules/jest-circus/build/jestAdapterInit.js:1501:10)
        at _callCircusTest (/Users/gallivan/Code/WMKF_Apps/node_modules/jest-circus/build/jestAdapterInit.js:1011:40)
        at processTicksAndRejections (node:internal/process/task_queues:104:5)
        at _runTest (/Users/gallivan/Code/WMKF_Apps/node_modules/jest-circus/build/jestAdapterInit.js:951:3)
        at /Users/gallivan/Code/WMKF_Apps/node_modules/jest-circus/build/jestAdapterInit.js:853:7
        at _runTestsForDescribeBlock (/Users/gallivan/Code/WMKF_Apps/node_modules/jest-circus/build/jestAdapterInit.js:866:11)
        at _runTestsForDescribeBlock (/Users/gallivan/Code/WMKF_Apps/node_modules/jest-circus/build/jestAdapterInit.js:861:11)
        at run (/Users/gallivan/Code/WMKF_Apps/node_modules/jest-circus/build/jestAdapterInit.js:765:3)
        at runAndTransformResultsToJestFormat (/Users/gallivan/Code/WMKF_Apps/node_modules/jest-circus/build/jestAdapterInit.js:1993:21)
        at jestAdapter (/Users/gallivan/Code/WMKF_Apps/node_modules/jest-circus/build/runner.js:111:19)
        at runTestInternal (/Users/gallivan/Code/WMKF_Apps/node_modules/jest-runner/build/testWorker.js:276:16)
        at runTest (/Users/gallivan/Code/WMKF_Apps/node_modules/jest-runner/build/testWorker.js:344:7)
        at Object.worker (/Users/gallivan/Code/WMKF_Apps/node_modules/jest-runner/build/testWorker.js:498:12)
      207 |     });
      208 |   } catch (err) {
    > 209 |     console.error('[intake/draft] upsertDraftJson failed:', err);
          |             ^
      210 |     return jsonError(res, 500, 'Draft save failed');
      211 |   }
      212 |
      at error (pages/api/intake/draft.js:209:13)
      at Object.<anonymous> (tests/unit/intake-draft-endpoint.test.js:398:5)
  console.log
    [DynExp] Round 1 query_records → 1 records, 0ms
      at log (pages/api/dynamics-explorer/chat.js:220:17)
          at async Promise.allSettled (index 0)
  console.log
    [DynExp] Round 1 query_records ERROR: Count failed (400): Could not find a property named 'akoya_requestnumber' on type 'Microsoft.Dynamics.CRM.akoya_request'.
      at log (pages/api/dynamics-explorer/chat.js:209:19)
          at async Promise.allSettled (index 0)
  console.log
    [DynExp] Round 1 query_records → -1 records, 1ms
      at log (pages/api/dynamics-explorer/chat.js:220:17)
          at async Promise.allSettled (index 0)
  console.log
    [DynExp] Round 1 query_records ERROR: Could not find a property named 'akoya_folio' on type 'Edm.Int32'.
      at log (pages/api/dynamics-explorer/chat.js:209:19)
          at async Promise.allSettled (index 0)
  console.log
    [DynExp] Round 1 query_records → -1 records, 0ms
      at log (pages/api/dynamics-explorer/chat.js:220:17)
          at async Promise.allSettled (index 0)
  console.log
    [DynExp] Round 1 get_related → 0 records, 0ms
      at log (pages/api/dynamics-explorer/chat.js:220:17)
          at async Promise.allSettled (index 0)
  console.log
    [DynExp] Round 1 describe_table → 0 records, 0ms
      at log (pages/api/dynamics-explorer/chat.js:220:17)
          at async Promise.allSettled (index 0)
  console.log
    [DynExp] Round 1 describe_table → -1 records, 0ms
      at log (pages/api/dynamics-explorer/chat.js:220:17)
          at async Promise.allSettled (index 0)
  console.log
    [DynExp] Round 1 describe_table → 0 records, 0ms
      at log (pages/api/dynamics-explorer/chat.js:220:17)
          at async Promise.allSettled (index 0)
  console.log
    Processing file: big.pdf, URL: https://test.public.blob.vercel-storage.com/big.pdf
      at log (pages/api/process.js:64:17)
  console.log
    [DynExp] Round 1 describe_table → 0 records, 0ms
      at log (pages/api/dynamics-explorer/chat.js:220:17)
          at async Promise.allSettled (index 0)
  console.log
    File buffer size: 8 bytes
      at log (pages/api/process.js:73:17)
  console.log
    Extracted text length: 100511 characters
      at log (pages/api/process.js:78:17)
  console.log
    Sending to Claude API with text length: 100511
      at log (pages/api/process.js:85:17)
  console.log
    [DynExp] Round 1 describe_table → 0 records, 0ms
      at log (pages/api/dynamics-explorer/chat.js:220:17)
          at async Promise.allSettled (index 0)
  console.log
    [DynExp] Round 1 describe_table ERROR: Access denied: table "akoya_request" is restricted
      at log (pages/api/dynamics-explorer/chat.js:209:19)
          at async Promise.allSettled (index 0)
  console.log
    [DynExp] Round 1 describe_table → -1 records, 1ms
      at log (pages/api/dynamics-explorer/chat.js:220:17)
          at async Promise.allSettled (index 0)
  console.log
    Received summary: Success
      at log (pages/api/process.js:90:17)
  console.log
    Processing file: big.pdf, URL: https://test.public.blob.vercel-storage.com/big.pdf
      at log (pages/api/process.js:64:17)
  console.log
    File buffer size: 8 bytes
      at log (pages/api/process.js:73:17)
  console.log
    Extracted text length: 2014 characters
      at log (pages/api/process.js:78:17)
  console.log
    Sending to Claude API with text length: 2014
      at log (pages/api/process.js:85:17)
  console.log
    Received summary: Success
      at log (pages/api/process.js:90:17)
  console.log
    [DynExp] Round 1 query_records → 0 records, 10ms
      at log (pages/api/dynamics-explorer/chat.js:220:17)
          at async Promise.allSettled (index 0)
  console.warn
    [PanelReview] panel synthesis failed schema validation: $.consensus: must be an array.
      73 |       return
      74 |     }
    > 75 |     originalWarn.call(console, ...args)
         |                  ^
      76 |   }
      77 | })
      78 |
      at console.call (jest.setup.js:75:18)
      at PanelReviewService.warn [as _validateStageOutput] (lib/services/panel-review-service.js:325:15)
      at PanelReviewService._validateStageOutput [as _runSynthesis] (lib/services/panel-review-service.js:645:25)
      at PanelReviewService.runFullPanel (lib/services/panel-review-service.js:256:28)
      at handler (pages/api/virtual-review-panel.js:199:5)
      at Object.<anonymous> (tests/integration/virtual-review-panel-payload-boundary.test.js:243:5)
  console.log
    [DynExp] Round 1 query_records → 0 records, 0ms
      at log (pages/api/dynamics-explorer/chat.js:220:17)
          at async Promise.allSettled (index 0)
  console.log
    [DynExp] Round 1 search → 117 records, 0ms
      at log (pages/api/dynamics-explorer/chat.js:220:17)
          at async Promise.allSettled (index 0)
  console.error
    [VirtualReviewPanel] Error: Error: Panel synthesis produced no parseable/valid summary
        at PanelReviewService._runSynthesis (/Users/gallivan/Code/WMKF_Apps/lib/services/panel-review-service.js:653:13)
        at processTicksAndRejections (node:internal/process/task_queues:104:5)
        at PanelReviewService.runFullPanel (/Users/gallivan/Code/WMKF_Apps/lib/services/panel-review-service.js:256:28)
        at handler (/Users/gallivan/Code/WMKF_Apps/pages/api/virtual-review-panel.js:199:5)
        at Object.<anonymous> (/Users/gallivan/Code/WMKF_Apps/tests/integration/virtual-review-panel-payload-boundary.test.js:243:5)
      209 |
      210 |   } catch (error) {
    > 211 |     console.error('[VirtualReviewPanel] Error:', error);
          |             ^
      212 |     sendEvent('error', { message: error.message || 'An unexpected error occurred' });
      213 |     res.end();
      214 |   }
      at error (pages/api/virtual-review-panel.js:211:13)
      at Object.<anonymous> (tests/integration/virtual-review-panel-payload-boundary.test.js:243:5)
  console.log
    Processing file: phase1.pdf, URL: https://test.public.blob.vercel-storage.com/phase1.pdf
      at log (pages/api/process-phase-i.js:66:17)
  console.log
    File buffer size: 8 bytes
      at log (pages/api/process-phase-i.js:75:17)
  console.log
    Extracted text length: 100511 characters
      at log (pages/api/process-phase-i.js:80:17)
  console.log
    Cover page: institution=null, PI=null, title=undefined
      at log (pages/api/process-phase-i.js:88:17)
  console.log
    Sending to Claude API with text length: 100511
      at log (pages/api/process-phase-i.js:91:17)
  console.log
    Received summary: Success
      at log (pages/api/process-phase-i.js:96:17)
  console.log
    Processing file: phase1.pdf, URL: https://test.public.blob.vercel-storage.com/phase1.pdf
      at log (pages/api/process-phase-i.js:66:17)
  console.log
    File buffer size: 8 bytes
      at log (pages/api/process-phase-i.js:75:17)
  console.log
    Extracted text length: 2014 characters
      at log (pages/api/process-phase-i.js:80:17)
  console.log
    Cover page: institution=null, PI=null, title=undefined
      at log (pages/api/process-phase-i.js:88:17)
  console.log
    Sending to Claude API with text length: 2014
      at log (pages/api/process-phase-i.js:91:17)
  console.log
    Received summary: Success
      at log (pages/api/process-phase-i.js:96:17)
  console.warn
    [PanelReview] panel synthesis failed schema validation: $.consensus: must be an array.
      73 |       return
      74 |     }
    > 75 |     originalWarn.call(console, ...args)
         |                  ^
      76 |   }
      77 | })
      78 |
      at console.call (jest.setup.js:75:18)
      at PanelReviewService.warn [as _validateStageOutput] (lib/services/panel-review-service.js:325:15)
      at PanelReviewService._validateStageOutput [as _runSynthesis] (lib/services/panel-review-service.js:645:25)
      at PanelReviewService.runFullPanel (lib/services/panel-review-service.js:256:28)
      at handler (pages/api/virtual-review-panel.js:199:5)
      at Object.<anonymous> (tests/integration/virtual-review-panel-payload-boundary.test.js:306:5)
  console.error
    [VirtualReviewPanel] Error: Error: Panel synthesis produced no parseable/valid summary
        at PanelReviewService._runSynthesis (/Users/gallivan/Code/WMKF_Apps/lib/services/panel-review-service.js:653:13)
        at processTicksAndRejections (node:internal/process/task_queues:104:5)
        at PanelReviewService.runFullPanel (/Users/gallivan/Code/WMKF_Apps/lib/services/panel-review-service.js:256:28)
        at handler (/Users/gallivan/Code/WMKF_Apps/pages/api/virtual-review-panel.js:199:5)
        at Object.<anonymous> (/Users/gallivan/Code/WMKF_Apps/tests/integration/virtual-review-panel-payload-boundary.test.js:306:5)
      209 |
      210 |   } catch (error) {
    > 211 |     console.error('[VirtualReviewPanel] Error:', error);
          |             ^
      212 |     sendEvent('error', { message: error.message || 'An unexpected error occurred' });
      213 |     res.end();
      214 |   }
      at error (pages/api/virtual-review-panel.js:211:13)
      at Object.<anonymous> (tests/integration/virtual-review-panel-payload-boundary.test.js:306:5)
  console.log
    Processing file: writeup.pdf, URL: https://test.public.blob.vercel-storage.com/writeup.pdf
      at log (pages/api/process-phase-i-writeup.js:66:17)
  console.log
    File buffer size: 8 bytes
      at log (pages/api/process-phase-i-writeup.js:75:17)
  console.log
    Extracted text length: 100511 characters
      at log (pages/api/process-phase-i-writeup.js:80:17)
  console.log
    Sending to Claude API with text length: 100511
      at log (pages/api/process-phase-i-writeup.js:90:17)
  console.log
    Received writeup: Success
      at log (pages/api/process-phase-i-writeup.js:95:17)
  console.warn
    [PanelReview] panel synthesis failed schema validation: $.consensus: must be an array.
      73 |       return
      74 |     }
    > 75 |     originalWarn.call(console, ...args)
         |                  ^
      76 |   }
      77 | })
      78 |
      at console.call (jest.setup.js:75:18)
      at PanelReviewService.warn [as _validateStageOutput] (lib/services/panel-review-service.js:325:15)
      at PanelReviewService._validateStageOutput [as _runSynthesis] (lib/services/panel-review-service.js:645:25)
      at PanelReviewService.runFullPanel (lib/services/panel-review-service.js:256:28)
      at handler (pages/api/virtual-review-panel.js:199:5)
      at Object.<anonymous> (tests/integration/virtual-review-panel-payload-boundary.test.js:369:5)
  console.error
    [VirtualReviewPanel] Error: Error: Panel synthesis produced no parseable/valid summary
        at PanelReviewService._runSynthesis (/Users/gallivan/Code/WMKF_Apps/lib/services/panel-review-service.js:653:13)
        at processTicksAndRejections (node:internal/process/task_queues:104:5)
        at PanelReviewService.runFullPanel (/Users/gallivan/Code/WMKF_Apps/lib/services/panel-review-service.js:256:28)
        at handler (/Users/gallivan/Code/WMKF_Apps/pages/api/virtual-review-panel.js:199:5)
        at Object.<anonymous> (/Users/gallivan/Code/WMKF_Apps/tests/integration/virtual-review-panel-payload-boundary.test.js:369:5)
      209 |
      210 |   } catch (error) {
    > 211 |     console.error('[VirtualReviewPanel] Error:', error);
          |             ^
      212 |     sendEvent('error', { message: error.message || 'An unexpected error occurred' });
      213 |     res.end();
      214 |   }
      at error (pages/api/virtual-review-panel.js:211:13)
      at Object.<anonymous> (tests/integration/virtual-review-panel-payload-boundary.test.js:369:5)
  console.log
    Processing file: writeup.pdf, URL: https://test.public.blob.vercel-storage.com/writeup.pdf
      at log (pages/api/process-phase-i-writeup.js:66:17)
  console.log
    File buffer size: 8 bytes
      at log (pages/api/process-phase-i-writeup.js:75:17)
  console.log
    Extracted text length: 2014 characters
      at log (pages/api/process-phase-i-writeup.js:80:17)
  console.log
    Sending to Claude API with text length: 2014
      at log (pages/api/process-phase-i-writeup.js:90:17)
  console.log
    Received writeup: Success
      at log (pages/api/process-phase-i-writeup.js:95:17)
  console.error
    Warning: An update to CandidateEditModal inside a test was not wrapped in act(...).
    When testing, code that causes React state updates should be wrapped into act(...):
    act(() => {
      /* fire events that update state */
    });
    /* assert on the output */
    This ensures that you're testing the behavior the user would see in the browser. Learn more at https://reactjs.org/link/wrap-tests-with-act
        at CandidateEditModal (/Users/gallivan/Code/WMKF_Apps/shared/components/reviewers/CandidateEditModal.js:84:31)
      215 |       setIsSaving(false);
      216 |     }
    > 217 |   };
          |     ^
      218 |
      219 |   // ───────── Merge mode (S289 chunk-4) ─────────
      220 |
      at printWarning (node_modules/react-dom/cjs/react-dom.development.js:86:30)
      at error (node_modules/react-dom/cjs/react-dom.development.js:60:7)
      at warnIfUpdatesNotWrappedWithActDEV (node_modules/react-dom/cjs/react-dom.development.js:27628:9)
      at scheduleUpdateOnFiber (node_modules/react-dom/cjs/react-dom.development.js:25547:5)
      at dispatchSetState (node_modules/react-dom/cjs/react-dom.development.js:16708:7)
      at handleSubmit (shared/components/reviewers/CandidateEditModal.js:217:13)
  console.error
    [bill-onboard-reviewer] notify() failed: alert backend down
      561 |   } catch (err) {
      562 |     const msg = err?.message || String(err);
    > 563 |     console.error('[bill-onboard-reviewer] notify() failed:', msg);
          |             ^
      564 |     if (Array.isArray(warningsBucket)) {
      565 |       warningsBucket.push(`alert_failed: ${msg}`);
      566 |     }
      at error (lib/bill/onboard-reviewer-service.js:563:13)
      at onboardReviewer (lib/bill/onboard-reviewer-service.js:268:7)
      at Object.<anonymous> (tests/unit/bill-onboard-reviewer.test.js:358:20)
  console.error
    [admin/review-questions] changeset failed: Error: precondition failed
        at Object.<anonymous> (/Users/gallivan/Code/WMKF_Apps/tests/integration/admin-review-questions-route.test.js:151:70)
        at Promise.finally.completed (/Users/gallivan/Code/WMKF_Apps/node_modules/jest-circus/build/jestAdapterInit.js:1561:28)
        at new Promise (<anonymous>)
        at callAsyncCircusFn (/Users/gallivan/Code/WMKF_Apps/node_modules/jest-circus/build/jestAdapterInit.js:1501:10)
        at _callCircusTest (/Users/gallivan/Code/WMKF_Apps/node_modules/jest-circus/build/jestAdapterInit.js:1011:40)
        at processTicksAndRejections (node:internal/process/task_queues:104:5)
        at _runTest (/Users/gallivan/Code/WMKF_Apps/node_modules/jest-circus/build/jestAdapterInit.js:951:3)
        at /Users/gallivan/Code/WMKF_Apps/node_modules/jest-circus/build/jestAdapterInit.js:853:7
        at _runTestsForDescribeBlock (/Users/gallivan/Code/WMKF_Apps/node_modules/jest-circus/build/jestAdapterInit.js:866:11)
        at _runTestsForDescribeBlock (/Users/gallivan/Code/WMKF_Apps/node_modules/jest-circus/build/jestAdapterInit.js:861:11)
        at run (/Users/gallivan/Code/WMKF_Apps/node_modules/jest-circus/build/jestAdapterInit.js:765:3)
        at runAndTransformResultsToJestFormat (/Users/gallivan/Code/WMKF_Apps/node_modules/jest-circus/build/jestAdapterInit.js:1993:21)
        at jestAdapter (/Users/gallivan/Code/WMKF_Apps/node_modules/jest-circus/build/runner.js:111:19)
        at runTestInternal (/Users/gallivan/Code/WMKF_Apps/node_modules/jest-runner/build/testWorker.js:276:16)
        at runTest (/Users/gallivan/Code/WMKF_Apps/node_modules/jest-runner/build/testWorker.js:344:7)
        at Object.worker (/Users/gallivan/Code/WMKF_Apps/node_modules/jest-runner/build/testWorker.js:498:12) {
      status: 412
    }
      169 |     await runChangeset(plan.operations);
      170 |   } catch (err) {
    > 171 |     console.error('[admin/review-questions] changeset failed:', err);
          |             ^
      172 |     // A 412 means a concurrent save touched a row between our version read and
      173 |     // the changeset (the per-op If-Match guard fired). The whole changeset rolled
      174 |     // back; tell the client to reload, same as a version mismatch (Codex P1-1).
      at error (pages/api/admin/review-questions.js:171:13)
      at pages/api/admin/review-questions.js:50:14
      at handler (pages/api/admin/review-questions.js:48:12)
      at Object.<anonymous> (tests/integration/admin-review-questions-route.test.js:154:5)
  console.error
    [admin/review-questions] pending audit write failed: Error: db down
        at Object.<anonymous> (/Users/gallivan/Code/WMKF_Apps/tests/integration/admin-review-questions-route.test.js:172:31)
        at Promise.finally.completed (/Users/gallivan/Code/WMKF_Apps/node_modules/jest-circus/build/jestAdapterInit.js:1561:28)
        at new Promise (<anonymous>)
        at callAsyncCircusFn (/Users/gallivan/Code/WMKF_Apps/node_modules/jest-circus/build/jestAdapterInit.js:1501:10)
        at _callCircusTest (/Users/gallivan/Code/WMKF_Apps/node_modules/jest-circus/build/jestAdapterInit.js:1011:40)
        at processTicksAndRejections (node:internal/process/task_queues:104:5)
        at _runTest (/Users/gallivan/Code/WMKF_Apps/node_modules/jest-circus/build/jestAdapterInit.js:951:3)
        at /Users/gallivan/Code/WMKF_Apps/node_modules/jest-circus/build/jestAdapterInit.js:853:7
        at _runTestsForDescribeBlock (/Users/gallivan/Code/WMKF_Apps/node_modules/jest-circus/build/jestAdapterInit.js:866:11)
        at _runTestsForDescribeBlock (/Users/gallivan/Code/WMKF_Apps/node_modules/jest-circus/build/jestAdapterInit.js:861:11)
        at run (/Users/gallivan/Code/WMKF_Apps/node_modules/jest-circus/build/jestAdapterInit.js:765:3)
        at runAndTransformResultsToJestFormat (/Users/gallivan/Code/WMKF_Apps/node_modules/jest-circus/build/jestAdapterInit.js:1993:21)
        at jestAdapter (/Users/gallivan/Code/WMKF_Apps/node_modules/jest-circus/build/runner.js:111:19)
        at runTestInternal (/Users/gallivan/Code/WMKF_Apps/node_modules/jest-runner/build/testWorker.js:276:16)
        at runTest (/Users/gallivan/Code/WMKF_Apps/node_modules/jest-runner/build/testWorker.js:344:7)
        at Object.worker (/Users/gallivan/Code/WMKF_Apps/node_modules/jest-runner/build/testWorker.js:498:12)
      158 |     await writePendingAudit({ requestId, profileId, baseVersion, after: submittedRows });
      159 |   } catch (err) {
    > 160 |     console.error('[admin/review-questions] pending audit write failed:', err);
          |             ^
      161 |     return res.status(500).json({
      162 |       status: 'audit_unavailable',
      163 |       error: 'Audit table unavailable; refused to modify the question set.',
      at error (pages/api/admin/review-questions.js:160:13)
      at pages/api/admin/review-questions.js:50:14
      at handler (pages/api/admin/review-questions.js:48:12)
      at Object.<anonymous> (tests/integration/admin-review-questions-route.test.js:175:5)
  console.error
    Review Manager GET: live question set fetch failed, falling back to snapshot-order-only: Error: ReviewQuestionFetcher: invalid question key undefined
        at normalizeRow (/Users/gallivan/Code/WMKF_Apps/lib/external/review-question-fetcher.js:55:11)
        at Array.map (<anonymous>)
        at map (/Users/gallivan/Code/WMKF_Apps/lib/external/review-question-fetcher.js:152:39)
        at processTicksAndRejections (node:internal/process/task_queues:104:5)
        at /Users/gallivan/Code/WMKF_Apps/lib/external/review-question-fetcher.js:179:25
        at fetchLiveQuestions (/Users/gallivan/Code/WMKF_Apps/lib/services/review-manager/reviewers-service.js:415:23)
        at getReviewers (/Users/gallivan/Code/WMKF_Apps/lib/services/review-manager/reviewers-service.js:329:20)
        at handleGet (/Users/gallivan/Code/WMKF_Apps/pages/api/review-manager/reviewers.js:63:20)
        at Object.<anonymous> (/Users/gallivan/Code/WMKF_Apps/tests/integration/review-manager-reviewers-answers.test.js:79:3)
      416 |     return questions.map((q) => ({ key: q.key, order: q.order, text: q.label, type: q.type }));
      417 |   } catch (error) {
    > 418 |     console.error('Review Manager GET: live question set fetch failed, falling back to snapshot-order-only:', error);
          |             ^
      419 |     return null;
      420 |   }
      421 | }
      at error (lib/services/review-manager/reviewers-service.js:418:13)
      at getReviewers (lib/services/review-manager/reviewers-service.js:329:20)
      at handleGet (pages/api/review-manager/reviewers.js:63:20)
      at Object.<anonymous> (tests/integration/review-manager-reviewers-answers.test.js:79:3)
  console.error
    Review Manager GET: live question set fetch failed, falling back to snapshot-order-only: Error: ReviewQuestionFetcher: invalid question key undefined
        at normalizeRow (/Users/gallivan/Code/WMKF_Apps/lib/external/review-question-fetcher.js:55:11)
        at Array.map (<anonymous>)
        at map (/Users/gallivan/Code/WMKF_Apps/lib/external/review-question-fetcher.js:152:39)
        at processTicksAndRejections (node:internal/process/task_queues:104:5)
        at /Users/gallivan/Code/WMKF_Apps/lib/external/review-question-fetcher.js:179:25
        at fetchLiveQuestions (/Users/gallivan/Code/WMKF_Apps/lib/services/review-manager/reviewers-service.js:415:23)
        at getReviewers (/Users/gallivan/Code/WMKF_Apps/lib/services/review-manager/reviewers-service.js:329:20)
        at handleGet (/Users/gallivan/Code/WMKF_Apps/pages/api/review-manager/reviewers.js:63:20)
        at Object.<anonymous> (/Users/gallivan/Code/WMKF_Apps/tests/integration/review-manager-reviewers-answers.test.js:98:3)
      416 |     return questions.map((q) => ({ key: q.key, order: q.order, text: q.label, type: q.type }));
      417 |   } catch (error) {
    > 418 |     console.error('Review Manager GET: live question set fetch failed, falling back to snapshot-order-only:', error);
          |             ^
      419 |     return null;
      420 |   }
      421 | }
      at error (lib/services/review-manager/reviewers-service.js:418:13)
      at getReviewers (lib/services/review-manager/reviewers-service.js:329:20)
      at handleGet (pages/api/review-manager/reviewers.js:63:20)
      at Object.<anonymous> (tests/integration/review-manager-reviewers-answers.test.js:98:3)
  console.error
    Review Manager GET: live question set fetch failed, falling back to snapshot-order-only: Error: ReviewQuestionFetcher: invalid question key undefined
        at normalizeRow (/Users/gallivan/Code/WMKF_Apps/lib/external/review-question-fetcher.js:55:11)
        at Array.map (<anonymous>)
        at map (/Users/gallivan/Code/WMKF_Apps/lib/external/review-question-fetcher.js:152:39)
        at processTicksAndRejections (node:internal/process/task_queues:104:5)
        at /Users/gallivan/Code/WMKF_Apps/lib/external/review-question-fetcher.js:179:25
        at fetchLiveQuestions (/Users/gallivan/Code/WMKF_Apps/lib/services/review-manager/reviewers-service.js:415:23)
        at getReviewers (/Users/gallivan/Code/WMKF_Apps/lib/services/review-manager/reviewers-service.js:329:20)
        at handleGet (/Users/gallivan/Code/WMKF_Apps/pages/api/review-manager/reviewers.js:63:20)
        at Object.<anonymous> (/Users/gallivan/Code/WMKF_Apps/tests/integration/review-manager-reviewers-answers.test.js:118:3)
      416 |     return questions.map((q) => ({ key: q.key, order: q.order, text: q.label, type: q.type }));
      417 |   } catch (error) {
    > 418 |     console.error('Review Manager GET: live question set fetch failed, falling back to snapshot-order-only:', error);
          |             ^
      419 |     return null;
      420 |   }
      421 | }
      at error (lib/services/review-manager/reviewers-service.js:418:13)
      at getReviewers (lib/services/review-manager/reviewers-service.js:329:20)
      at handleGet (pages/api/review-manager/reviewers.js:63:20)
      at Object.<anonymous> (tests/integration/review-manager-reviewers-answers.test.js:118:3)
  console.error
    Review Manager GET: live question set fetch failed, falling back to snapshot-order-only: Error: ReviewQuestionFetcher: invalid question key undefined
        at normalizeRow (/Users/gallivan/Code/WMKF_Apps/lib/external/review-question-fetcher.js:55:11)
        at Array.map (<anonymous>)
        at map (/Users/gallivan/Code/WMKF_Apps/lib/external/review-question-fetcher.js:152:39)
        at processTicksAndRejections (node:internal/process/task_queues:104:5)
        at /Users/gallivan/Code/WMKF_Apps/lib/external/review-question-fetcher.js:179:25
        at fetchLiveQuestions (/Users/gallivan/Code/WMKF_Apps/lib/services/review-manager/reviewers-service.js:415:23)
        at getReviewers (/Users/gallivan/Code/WMKF_Apps/lib/services/review-manager/reviewers-service.js:329:20)
        at handleGet (/Users/gallivan/Code/WMKF_Apps/pages/api/review-manager/reviewers.js:63:20)
        at Object.<anonymous> (/Users/gallivan/Code/WMKF_Apps/tests/integration/review-manager-reviewers-answers.test.js:132:3)
      416 |     return questions.map((q) => ({ key: q.key, order: q.order, text: q.label, type: q.type }));
      417 |   } catch (error) {
    > 418 |     console.error('Review Manager GET: live question set fetch failed, falling back to snapshot-order-only:', error);
          |             ^
      419 |     return null;
      420 |   }
      421 | }
      at error (lib/services/review-manager/reviewers-service.js:418:13)
      at getReviewers (lib/services/review-manager/reviewers-service.js:329:20)
      at handleGet (pages/api/review-manager/reviewers.js:63:20)
      at Object.<anonymous> (tests/integration/review-manager-reviewers-answers.test.js:132:3)
  console.error
    Review Manager GET error: Error: fetchAnswersBySuggestion: queryAllRecords truncated at the 5000-row cap for 1 suggestion(s) — answer snapshot would be incomplete.
        at fetchAnswersBySuggestion (/Users/gallivan/Code/WMKF_Apps/lib/dataverse/adapters/review-answer.js:90:13)
        at processTicksAndRejections (node:internal/process/task_queues:104:5)
        at getReviewers (/Users/gallivan/Code/WMKF_Apps/lib/services/review-manager/reviewers-service.js:303:31)
        at handleGet (/Users/gallivan/Code/WMKF_Apps/pages/api/review-manager/reviewers.js:63:20)
        at Object.<anonymous> (/Users/gallivan/Code/WMKF_Apps/tests/integration/review-manager-reviewers-answers.test.js:140:3)
      73 |       return res.status(error.httpStatus).json(error.body ?? { error: error.message });
      74 |     }
    > 75 |     console.error('Review Manager GET error:', error);
         |             ^
      76 |     return res.status(500).json({
      77 |       error: 'Failed to fetch reviewers',
      78 |       details: process.env.NODE_ENV === 'development' ? error.message : undefined,
      at error (pages/api/review-manager/reviewers.js:75:13)
      at Object.<anonymous> (tests/integration/review-manager-reviewers-answers.test.js:140:3)
  console.error
    Review Manager GET: live question set fetch failed, falling back to snapshot-order-only: Error: ReviewQuestionFetcher: invalid question key undefined
        at normalizeRow (/Users/gallivan/Code/WMKF_Apps/lib/external/review-question-fetcher.js:55:11)
        at Array.map (<anonymous>)
        at map (/Users/gallivan/Code/WMKF_Apps/lib/external/review-question-fetcher.js:152:39)
        at processTicksAndRejections (node:internal/process/task_queues:104:5)
        at /Users/gallivan/Code/WMKF_Apps/lib/external/review-question-fetcher.js:179:25
        at fetchLiveQuestions (/Users/gallivan/Code/WMKF_Apps/lib/services/review-manager/reviewers-service.js:415:23)
        at getReviewers (/Users/gallivan/Code/WMKF_Apps/lib/services/review-manager/reviewers-service.js:329:20)
        at handleGet (/Users/gallivan/Code/WMKF_Apps/pages/api/review-manager/reviewers.js:63:20)
        at Object.<anonymous> (/Users/gallivan/Code/WMKF_Apps/tests/integration/review-manager-reviewers-answers.test.js:155:3)
      416 |     return questions.map((q) => ({ key: q.key, order: q.order, text: q.label, type: q.type }));
      417 |   } catch (error) {
    > 418 |     console.error('Review Manager GET: live question set fetch failed, falling back to snapshot-order-only:', error);
          |             ^
      419 |     return null;
      420 |   }
      421 | }
      at error (lib/services/review-manager/reviewers-service.js:418:13)
      at getReviewers (lib/services/review-manager/reviewers-service.js:329:20)
      at handleGet (pages/api/review-manager/reviewers.js:63:20)
      at Object.<anonymous> (tests/integration/review-manager-reviewers-answers.test.js:155:3)
  console.error
    [intake rate-limit] checkIntakeRateLimit error: Cannot destructure property 'rows' of '(intermediate value)' as it is undefined.
      83 | async function noteLimiterDbFailure(context, err) {
      84 |   consecutiveDbFailures += 1;
    > 85 |   console.error(`[intake rate-limit] ${context} error:`, err.message);
         |           ^
      86 |   if (consecutiveDbFailures < DB_FAILURE_ALERT_THRESHOLD) return;
      87 |
      88 |   const failureCount = consecutiveDbFailures;
      at error (lib/intake/rate-limit.js:85:11)
      at noteLimiterDbFailure (lib/intake/rate-limit.js:252:11)
      at handler (pages/api/intake/submit.js:111:14)
      at Object.<anonymous> (tests/unit/intake-submit-pending-guard.test.js:128:5)
  console.error
    [intake rate-limit] checkIntakeRateLimit error: Cannot destructure property 'rows' of '(intermediate value)' as it is undefined.
      83 | async function noteLimiterDbFailure(context, err) {
      84 |   consecutiveDbFailures += 1;
    > 85 |   console.error(`[intake rate-limit] ${context} error:`, err.message);
         |           ^
      86 |   if (consecutiveDbFailures < DB_FAILURE_ALERT_THRESHOLD) return;
      87 |
      88 |   const failureCount = consecutiveDbFailures;
      at error (lib/intake/rate-limit.js:85:11)
      at noteLimiterDbFailure (lib/intake/rate-limit.js:252:11)
      at handler (pages/api/intake/submit.js:111:14)
      at Object.<anonymous> (tests/unit/intake-submit-pending-guard.test.js:144:5)
  console.error
    [intake rate-limit] checkIntakeRateLimit error: Cannot destructure property 'rows' of '(intermediate value)' as it is undefined.
      83 | async function noteLimiterDbFailure(context, err) {
      84 |   consecutiveDbFailures += 1;
    > 85 |   console.error(`[intake rate-limit] ${context} error:`, err.message);
         |           ^
      86 |   if (consecutiveDbFailures < DB_FAILURE_ALERT_THRESHOLD) return;
      87 |
      88 |   const failureCount = consecutiveDbFailures;
      at error (lib/intake/rate-limit.js:85:11)
      at noteLimiterDbFailure (lib/intake/rate-limit.js:252:11)
      at handler (pages/api/intake/submit.js:111:14)
      at Object.<anonymous> (tests/unit/intake-submit-pending-guard.test.js:157:11)
  console.error
    [reviewer acceptance drain] honorarium onboarding failed (non-fatal): BILL down
      177 |
      178 | async function notifyHonorariumFailure({ error, suggestion, request, notify }) {
    > 179 |   console.error('[reviewer acceptance drain] honorarium onboarding failed (non-fatal):', error?.message || error);
          |           ^
      180 |   try {
      181 |     await notify({
      182 |       type: 'honorarium_onboard_failed',
      at error (lib/services/reviewer-acceptance-drain.js:179:11)
      at notifyHonorariumFailure (lib/services/reviewer-acceptance-drain.js:362:13)
      at Object.<anonymous> (tests/unit/reviewer-acceptance-drain.test.js:219:5)
  console.error
    [intake rate-limit] checkIntakeRateLimit error: Cannot destructure property 'rows' of '(intermediate value)' as it is undefined.
      83 | async function noteLimiterDbFailure(context, err) {
      84 |   consecutiveDbFailures += 1;
    > 85 |   console.error(`[intake rate-limit] ${context} error:`, err.message);
         |           ^
      86 |   if (consecutiveDbFailures < DB_FAILURE_ALERT_THRESHOLD) return;
      87 |
      88 |   const failureCount = consecutiveDbFailures;
      at error (lib/intake/rate-limit.js:85:11)
      at noteLimiterDbFailure (lib/intake/rate-limit.js:252:11)
      at handler (pages/api/intake/submit.js:111:14)
      at Object.<anonymous> (tests/unit/intake-submit-pending-guard.test.js:168:11)
  console.warn
    [identity-spine] ORCID_CLIENT_ID/SECRET absent — employment corroboration disabled; spine will degrade toward needs-review (fails safe). See docs/CREDENTIALS_RUNBOOK.md.
      73 |       return
      74 |     }
    > 75 |     originalWarn.call(console, ...args)
         |                  ^
      76 |   }
      77 | })
      78 |
      at console.call (jest.setup.js:75:18)
      at ReviewerIdentityEvidence.warn [as evaluateSuggestion] (lib/services/reviewer-identity-evidence.js:480:15)
      at Object.evaluateSuggestion (tests/unit/reviewer-identity-evidence.test.js:91:48)
  console.error
    Review Manager GET: live question set fetch failed, falling back to snapshot-order-only: Error: ReviewQuestionFetcher: invalid question key undefined
        at normalizeRow (/Users/gallivan/Code/WMKF_Apps/lib/external/review-question-fetcher.js:55:11)
        at Array.map (<anonymous>)
        at map (/Users/gallivan/Code/WMKF_Apps/lib/external/review-question-fetcher.js:152:39)
        at processTicksAndRejections (node:internal/process/task_queues:104:5)
        at /Users/gallivan/Code/WMKF_Apps/lib/external/review-question-fetcher.js:179:25
        at fetchLiveQuestions (/Users/gallivan/Code/WMKF_Apps/lib/services/review-manager/reviewers-service.js:415:23)
        at getReviewers (/Users/gallivan/Code/WMKF_Apps/lib/services/review-manager/reviewers-service.js:329:20)
        at handleGet (/Users/gallivan/Code/WMKF_Apps/pages/api/review-manager/reviewers.js:63:20)
        at Object.<anonymous> (/Users/gallivan/Code/WMKF_Apps/tests/unit/review-manager-reviewers-outstanding-dto.test.js:81:3)
      416 |     return questions.map((q) => ({ key: q.key, order: q.order, text: q.label, type: q.type }));
      417 |   } catch (error) {
    > 418 |     console.error('Review Manager GET: live question set fetch failed, falling back to snapshot-order-only:', error);
          |             ^
      419 |     return null;
      420 |   }
      421 | }
      at error (lib/services/review-manager/reviewers-service.js:418:13)
      at getReviewers (lib/services/review-manager/reviewers-service.js:329:20)
      at handleGet (pages/api/review-manager/reviewers.js:63:20)
      at Object.<anonymous> (tests/unit/review-manager-reviewers-outstanding-dto.test.js:81:3)
  console.error
    Review Manager GET: live question set fetch failed, falling back to snapshot-order-only: Error: ReviewQuestionFetcher: invalid question key undefined
        at normalizeRow (/Users/gallivan/Code/WMKF_Apps/lib/external/review-question-fetcher.js:55:11)
        at Array.map (<anonymous>)
        at map (/Users/gallivan/Code/WMKF_Apps/lib/external/review-question-fetcher.js:152:39)
        at processTicksAndRejections (node:internal/process/task_queues:104:5)
        at /Users/gallivan/Code/WMKF_Apps/lib/external/review-question-fetcher.js:179:25
        at fetchLiveQuestions (/Users/gallivan/Code/WMKF_Apps/lib/services/review-manager/reviewers-service.js:415:23)
        at getReviewers (/Users/gallivan/Code/WMKF_Apps/lib/services/review-manager/reviewers-service.js:329:20)
        at handleGet (/Users/gallivan/Code/WMKF_Apps/pages/api/review-manager/reviewers.js:63:20)
        at Object.<anonymous> (/Users/gallivan/Code/WMKF_Apps/tests/unit/review-manager-reviewers-outstanding-dto.test.js:105:3)
      416 |     return questions.map((q) => ({ key: q.key, order: q.order, text: q.label, type: q.type }));
      417 |   } catch (error) {
    > 418 |     console.error('Review Manager GET: live question set fetch failed, falling back to snapshot-order-only:', error);
          |             ^
      419 |     return null;
      420 |   }
      421 | }
      at error (lib/services/review-manager/reviewers-service.js:418:13)
      at getReviewers (lib/services/review-manager/reviewers-service.js:329:20)
      at handleGet (pages/api/review-manager/reviewers.js:63:20)
      at Object.<anonymous> (tests/unit/review-manager-reviewers-outstanding-dto.test.js:105:3)
  console.error
    Review Manager GET: live question set fetch failed, falling back to snapshot-order-only: Error: ReviewQuestionFetcher: invalid question key undefined
        at normalizeRow (/Users/gallivan/Code/WMKF_Apps/lib/external/review-question-fetcher.js:55:11)
        at Array.map (<anonymous>)
        at map (/Users/gallivan/Code/WMKF_Apps/lib/external/review-question-fetcher.js:152:39)
        at processTicksAndRejections (node:internal/process/task_queues:104:5)
        at /Users/gallivan/Code/WMKF_Apps/lib/external/review-question-fetcher.js:179:25
        at fetchLiveQuestions (/Users/gallivan/Code/WMKF_Apps/lib/services/review-manager/reviewers-service.js:415:23)
        at getReviewers (/Users/gallivan/Code/WMKF_Apps/lib/services/review-manager/reviewers-service.js:329:20)
        at handleGet (/Users/gallivan/Code/WMKF_Apps/pages/api/review-manager/reviewers.js:63:20)
        at Object.<anonymous> (/Users/gallivan/Code/WMKF_Apps/tests/unit/review-manager-reviewers-outstanding-dto.test.js:125:3)
      416 |     return questions.map((q) => ({ key: q.key, order: q.order, text: q.label, type: q.type }));
      417 |   } catch (error) {
    > 418 |     console.error('Review Manager GET: live question set fetch failed, falling back to snapshot-order-only:', error);
          |             ^
      419 |     return null;
      420 |   }
      421 | }
      at error (lib/services/review-manager/reviewers-service.js:418:13)
      at getReviewers (lib/services/review-manager/reviewers-service.js:329:20)
      at handleGet (pages/api/review-manager/reviewers.js:63:20)
      at Object.<anonymous> (tests/unit/review-manager-reviewers-outstanding-dto.test.js:125:3)
  console.error
    Review Manager GET: live question set fetch failed, falling back to snapshot-order-only: Error: ReviewQuestionFetcher: invalid question key undefined
        at normalizeRow (/Users/gallivan/Code/WMKF_Apps/lib/external/review-question-fetcher.js:55:11)
        at Array.map (<anonymous>)
        at map (/Users/gallivan/Code/WMKF_Apps/lib/external/review-question-fetcher.js:152:39)
        at processTicksAndRejections (node:internal/process/task_queues:104:5)
        at /Users/gallivan/Code/WMKF_Apps/lib/external/review-question-fetcher.js:179:25
        at fetchLiveQuestions (/Users/gallivan/Code/WMKF_Apps/lib/services/review-manager/reviewers-service.js:415:23)
        at getReviewers (/Users/gallivan/Code/WMKF_Apps/lib/services/review-manager/reviewers-service.js:329:20)
        at handleGet (/Users/gallivan/Code/WMKF_Apps/pages/api/review-manager/reviewers.js:63:20)
        at Object.<anonymous> (/Users/gallivan/Code/WMKF_Apps/tests/unit/review-manager-reviewers-outstanding-dto.test.js:148:3)
      416 |     return questions.map((q) => ({ key: q.key, order: q.order, text: q.label, type: q.type }));
      417 |   } catch (error) {
    > 418 |     console.error('Review Manager GET: live question set fetch failed, falling back to snapshot-order-only:', error);
          |             ^
      419 |     return null;
      420 |   }
      421 | }
      at error (lib/services/review-manager/reviewers-service.js:418:13)
      at getReviewers (lib/services/review-manager/reviewers-service.js:329:20)
      at handleGet (pages/api/review-manager/reviewers.js:63:20)
      at Object.<anonymous> (tests/unit/review-manager-reviewers-outstanding-dto.test.js:148:3)
  console.error
    Review Manager GET: live question set fetch failed, falling back to snapshot-order-only: Error: ReviewQuestionFetcher: active question set is empty
        at validateSet (/Users/gallivan/Code/WMKF_Apps/lib/external/review-question-fetcher.js:124:11)
        at validateSet (/Users/gallivan/Code/WMKF_Apps/lib/external/review-question-fetcher.js:153:5)
        at processTicksAndRejections (node:internal/process/task_queues:104:5)
        at /Users/gallivan/Code/WMKF_Apps/lib/external/review-question-fetcher.js:179:25
        at fetchLiveQuestions (/Users/gallivan/Code/WMKF_Apps/lib/services/review-manager/reviewers-service.js:415:23)
        at getReviewers (/Users/gallivan/Code/WMKF_Apps/lib/services/review-manager/reviewers-service.js:329:20)
        at handleGet (/Users/gallivan/Code/WMKF_Apps/pages/api/review-manager/reviewers.js:63:20)
        at Object.<anonymous> (/Users/gallivan/Code/WMKF_Apps/tests/unit/review-manager-reviewers-synthesis-dto.test.js:72:3)
      416 |     return questions.map((q) => ({ key: q.key, order: q.order, text: q.label, type: q.type }));
      417 |   } catch (error) {
    > 418 |     console.error('Review Manager GET: live question set fetch failed, falling back to snapshot-order-only:', error);
          |             ^
      419 |     return null;
      420 |   }
      421 | }
      at error (lib/services/review-manager/reviewers-service.js:418:13)
      at getReviewers (lib/services/review-manager/reviewers-service.js:329:20)
      at handleGet (pages/api/review-manager/reviewers.js:63:20)
      at Object.<anonymous> (tests/unit/review-manager-reviewers-synthesis-dto.test.js:72:3)
  console.error
    Review Manager GET: live question set fetch failed, falling back to snapshot-order-only: Error: ReviewQuestionFetcher: active question set is empty
        at validateSet (/Users/gallivan/Code/WMKF_Apps/lib/external/review-question-fetcher.js:124:11)
        at validateSet (/Users/gallivan/Code/WMKF_Apps/lib/external/review-question-fetcher.js:153:5)
        at processTicksAndRejections (node:internal/process/task_queues:104:5)
        at /Users/gallivan/Code/WMKF_Apps/lib/external/review-question-fetcher.js:179:25
        at fetchLiveQuestions (/Users/gallivan/Code/WMKF_Apps/lib/services/review-manager/reviewers-service.js:415:23)
        at getReviewers (/Users/gallivan/Code/WMKF_Apps/lib/services/review-manager/reviewers-service.js:329:20)
        at handleGet (/Users/gallivan/Code/WMKF_Apps/pages/api/review-manager/reviewers.js:63:20)
        at Object.<anonymous> (/Users/gallivan/Code/WMKF_Apps/tests/unit/review-manager-reviewers-synthesis-dto.test.js:102:3)
      416 |     return questions.map((q) => ({ key: q.key, order: q.order, text: q.label, type: q.type }));
      417 |   } catch (error) {
    > 418 |     console.error('Review Manager GET: live question set fetch failed, falling back to snapshot-order-only:', error);
          |             ^
      419 |     return null;
      420 |   }
      421 | }
      at error (lib/services/review-manager/reviewers-service.js:418:13)
      at getReviewers (lib/services/review-manager/reviewers-service.js:329:20)
      at handleGet (pages/api/review-manager/reviewers.js:63:20)
      at Object.<anonymous> (tests/unit/review-manager-reviewers-synthesis-dto.test.js:102:3)
  console.error
    Review Manager GET: live question set fetch failed, falling back to snapshot-order-only: Error: ReviewQuestionFetcher: active question set is empty
        at validateSet (/Users/gallivan/Code/WMKF_Apps/lib/external/review-question-fetcher.js:124:11)
        at validateSet (/Users/gallivan/Code/WMKF_Apps/lib/external/review-question-fetcher.js:153:5)
        at processTicksAndRejections (node:internal/process/task_queues:104:5)
        at /Users/gallivan/Code/WMKF_Apps/lib/external/review-question-fetcher.js:179:25
        at fetchLiveQuestions (/Users/gallivan/Code/WMKF_Apps/lib/services/review-manager/reviewers-service.js:415:23)
        at getReviewers (/Users/gallivan/Code/WMKF_Apps/lib/services/review-manager/reviewers-service.js:329:20)
        at handleGet (/Users/gallivan/Code/WMKF_Apps/pages/api/review-manager/reviewers.js:63:20)
        at /Users/gallivan/Code/WMKF_Apps/tests/unit/review-manager-reviewers-synthesis-dto.test.js:130:3
      416 |     return questions.map((q) => ({ key: q.key, order: q.order, text: q.label, type: q.type }));
      417 |   } catch (error) {
    > 418 |     console.error('Review Manager GET: live question set fetch failed, falling back to snapshot-order-only:', error);
          |             ^
      419 |     return null;
      420 |   }
      421 | }
      at error (lib/services/review-manager/reviewers-service.js:418:13)
      at getReviewers (lib/services/review-manager/reviewers-service.js:329:20)
      at handleGet (pages/api/review-manager/reviewers.js:63:20)
      at tests/unit/review-manager-reviewers-synthesis-dto.test.js:130:3
  console.error
    Review Manager GET: live question set fetch failed, falling back to snapshot-order-only: Error: ReviewQuestionFetcher: active question set is empty
        at validateSet (/Users/gallivan/Code/WMKF_Apps/lib/external/review-question-fetcher.js:124:11)
        at validateSet (/Users/gallivan/Code/WMKF_Apps/lib/external/review-question-fetcher.js:153:5)
        at processTicksAndRejections (node:internal/process/task_queues:104:5)
        at /Users/gallivan/Code/WMKF_Apps/lib/external/review-question-fetcher.js:179:25
        at fetchLiveQuestions (/Users/gallivan/Code/WMKF_Apps/lib/services/review-manager/reviewers-service.js:415:23)
        at getReviewers (/Users/gallivan/Code/WMKF_Apps/lib/services/review-manager/reviewers-service.js:329:20)
        at handleGet (/Users/gallivan/Code/WMKF_Apps/pages/api/review-manager/reviewers.js:63:20)
        at /Users/gallivan/Code/WMKF_Apps/tests/unit/review-manager-reviewers-synthesis-dto.test.js:130:3
      416 |     return questions.map((q) => ({ key: q.key, order: q.order, text: q.label, type: q.type }));
      417 |   } catch (error) {
    > 418 |     console.error('Review Manager GET: live question set fetch failed, falling back to snapshot-order-only:', error);
          |             ^
      419 |     return null;
      420 |   }
      421 | }
      at error (lib/services/review-manager/reviewers-service.js:418:13)
      at getReviewers (lib/services/review-manager/reviewers-service.js:329:20)
      at handleGet (pages/api/review-manager/reviewers.js:63:20)
      at tests/unit/review-manager-reviewers-synthesis-dto.test.js:130:3
  console.error
    Review Manager GET: live question set fetch failed, falling back to snapshot-order-only: Error: ReviewQuestionFetcher: active question set is empty
        at validateSet (/Users/gallivan/Code/WMKF_Apps/lib/external/review-question-fetcher.js:124:11)
        at validateSet (/Users/gallivan/Code/WMKF_Apps/lib/external/review-question-fetcher.js:153:5)
        at processTicksAndRejections (node:internal/process/task_queues:104:5)
        at /Users/gallivan/Code/WMKF_Apps/lib/external/review-question-fetcher.js:179:25
        at fetchLiveQuestions (/Users/gallivan/Code/WMKF_Apps/lib/services/review-manager/reviewers-service.js:415:23)
        at getReviewers (/Users/gallivan/Code/WMKF_Apps/lib/services/review-manager/reviewers-service.js:329:20)
        at handleGet (/Users/gallivan/Code/WMKF_Apps/pages/api/review-manager/reviewers.js:63:20)
        at /Users/gallivan/Code/WMKF_Apps/tests/unit/review-manager-reviewers-synthesis-dto.test.js:130:3
      416 |     return questions.map((q) => ({ key: q.key, order: q.order, text: q.label, type: q.type }));
      417 |   } catch (error) {
    > 418 |     console.error('Review Manager GET: live question set fetch failed, falling back to snapshot-order-only:', error);
          |             ^
      419 |     return null;
      420 |   }
      421 | }
      at error (lib/services/review-manager/reviewers-service.js:418:13)
      at getReviewers (lib/services/review-manager/reviewers-service.js:329:20)
      at handleGet (pages/api/review-manager/reviewers.js:63:20)
      at tests/unit/review-manager-reviewers-synthesis-dto.test.js:130:3
  console.error
    Review Manager GET: live question set fetch failed, falling back to snapshot-order-only: Error: ReviewQuestionFetcher: active question set is empty
        at validateSet (/Users/gallivan/Code/WMKF_Apps/lib/external/review-question-fetcher.js:124:11)
        at validateSet (/Users/gallivan/Code/WMKF_Apps/lib/external/review-question-fetcher.js:153:5)
        at processTicksAndRejections (node:internal/process/task_queues:104:5)
        at /Users/gallivan/Code/WMKF_Apps/lib/external/review-question-fetcher.js:179:25
        at fetchLiveQuestions (/Users/gallivan/Code/WMKF_Apps/lib/services/review-manager/reviewers-service.js:415:23)
        at getReviewers (/Users/gallivan/Code/WMKF_Apps/lib/services/review-manager/reviewers-service.js:329:20)
        at handleGet (/Users/gallivan/Code/WMKF_Apps/pages/api/review-manager/reviewers.js:63:20)
        at /Users/gallivan/Code/WMKF_Apps/tests/unit/review-manager-reviewers-synthesis-dto.test.js:130:3
      416 |     return questions.map((q) => ({ key: q.key, order: q.order, text: q.label, type: q.type }));
      417 |   } catch (error) {
    > 418 |     console.error('Review Manager GET: live question set fetch failed, falling back to snapshot-order-only:', error);
          |             ^
      419 |     return null;
      420 |   }
      421 | }
      at error (lib/services/review-manager/reviewers-service.js:418:13)
      at getReviewers (lib/services/review-manager/reviewers-service.js:329:20)
      at handleGet (pages/api/review-manager/reviewers.js:63:20)
      at tests/unit/review-manager-reviewers-synthesis-dto.test.js:130:3
  console.warn
    [external-token] EXTERNAL_LINK_SECRET_PREVIOUS is set but under 32 chars — ignoring it. Tokens minted under the old secret will not verify until this is corrected.
      73 |       return
      74 |     }
    > 75 |     originalWarn.call(console, ...args)
         |                  ^
      76 |   }
      77 | })
      78 |
      at console.call (jest.setup.js:75:18)
      at warn (lib/services/external-token.js:57:13)
      at getPreviousSecret (lib/services/external-token.js:222:22)
      at Object.<anonymous> (tests/unit/external-token.test.js:252:15)
  console.warn
    [LiteratureSearch] OpenAlex works query failed: "q2" — openalex_timeout
      73 |       return
      74 |     }
    > 75 |     originalWarn.call(console, ...args)
         |                  ^
      76 |   }
      77 | })
      78 |
      at console.call (jest.setup.js:75:18)
      at LiteratureSearchService.warn [as _searchOpenAlexWorks] (lib/services/literature-search-service.js:215:17)
      at Object.<anonymous> (tests/unit/literature-search-service.test.js:53:17)
  console.warn
    [sweepIntakePending] removePending failed for 42 aaaaaaaa-aaaa-4aaa-aaaa-aaaaaaaaaaaa pg blip
      73 |       return
      74 |     }
    > 75 |     originalWarn.call(console, ...args)
         |                  ^
      76 |   }
      77 | })
      78 |
      at console.call (jest.setup.js:75:18)
      at MaintenanceService.warn [as sweepIntakePending] (lib/services/maintenance-service.js:652:17)
      at Object.<anonymous> (tests/unit/intake-pending-sweep.test.js:128:20)
  console.warn
    [sweepIntakePending] del failed for drafts/42/aaaaaaaa-aaaa-4aaa-aaaa-aaaaaaaaaaaa blob 5xx
      73 |       return
      74 |     }
    > 75 |     originalWarn.call(console, ...args)
         |                  ^
      76 |   }
      77 | })
      78 |
      at console.call (jest.setup.js:75:18)
      at MaintenanceService.warn [as sweepIntakePending] (lib/services/maintenance-service.js:671:21)
      at Object.<anonymous> (tests/unit/intake-pending-sweep.test.js:152:20)
  console.warn
    [sweepIntakePending] INTAKE_BLOB_RW_TOKEN unset; skipping Blob deletions: not set
      73 |       return
      74 |     }
    > 75 |     originalWarn.call(console, ...args)
         |                  ^
      76 |   }
      77 | })
      78 |
      at console.call (jest.setup.js:75:18)
      at MaintenanceService.warn [as sweepIntakePending] (lib/services/maintenance-service.js:641:15)
      at Object.<anonymous> (tests/unit/intake-pending-sweep.test.js:164:20)
  console.warn
    [baseConfig] getModelForApp('expertise-finder', 'model') returning unresolved tier key 'sonnet'. The handler likely forgot to import lib/services/model-override-loader and call loadModelOverrides(). Anthropic will 404 on this id.
      73 |       return
      74 |     }
    > 75 |     originalWarn.call(console, ...args)
         |                  ^
      76 |   }
      77 | })
      78 |
      at console.call (jest.setup.js:75:18)
      at warn (shared/config/baseConfig.js:269:11)
      at _warnUnresolvedTier (shared/config/baseConfig.js:298:5)
      at handler (pages/api/expertise-finder/batch-match.js:50:38)
      at Object.<anonymous> (tests/unit/expertise-finder-batch-match-route.test.js:46:3)
  console.warn
    [baseConfig] getModelForApp('expertise-finder', 'fallback') returning unresolved tier key 'haiku'. The handler likely forgot to import lib/services/model-override-loader and call loadModelOverrides(). Anthropic will 404 on this id.
      73 |       return
      74 |     }
    > 75 |     originalWarn.call(console, ...args)
         |                  ^
      76 |   }
      77 | })
      78 |
      at console.call (jest.setup.js:75:18)
      at warn (shared/config/baseConfig.js:269:11)
      at _warnUnresolvedTier (shared/config/baseConfig.js:298:5)
      at getModelForApp (shared/config/baseConfig.js:339:10)
      at handler (pages/api/expertise-finder/batch-match.js:51:47)
      at Object.<anonymous> (tests/unit/expertise-finder-batch-match-route.test.js:46:3)
  console.error
    [intake rate-limit] checkIntakeRateLimit error: Cannot destructure property 'rows' of '(intermediate value)' as it is undefined.
      83 | async function noteLimiterDbFailure(context, err) {
      84 |   consecutiveDbFailures += 1;
    > 85 |   console.error(`[intake rate-limit] ${context} error:`, err.message);
         |           ^
      86 |   if (consecutiveDbFailures < DB_FAILURE_ALERT_THRESHOLD) return;
      87 |
      88 |   const failureCount = consecutiveDbFailures;
      at error (lib/intake/rate-limit.js:85:11)
      at noteLimiterDbFailure (lib/intake/rate-limit.js:252:11)
      at handler (pages/api/intake/submit.js:111:14)
      at Object.<anonymous> (tests/unit/intake-submit-freeze-guard.test.js:117:5)
  console.error
    [intake rate-limit] checkIntakeRateLimit error: Cannot destructure property 'rows' of '(intermediate value)' as it is undefined.
      83 | async function noteLimiterDbFailure(context, err) {
      84 |   consecutiveDbFailures += 1;
    > 85 |   console.error(`[intake rate-limit] ${context} error:`, err.message);
         |           ^
      86 |   if (consecutiveDbFailures < DB_FAILURE_ALERT_THRESHOLD) return;
      87 |
      88 |   const failureCount = consecutiveDbFailures;
      at error (lib/intake/rate-limit.js:85:11)
      at noteLimiterDbFailure (lib/intake/rate-limit.js:252:11)
      at handler (pages/api/intake/submit.js:111:14)
      at Object.<anonymous> (tests/unit/intake-submit-freeze-guard.test.js:148:5)
  console.error
    [intake rate-limit] checkIntakeRateLimit error: Cannot destructure property 'rows' of '(intermediate value)' as it is undefined.
      83 | async function noteLimiterDbFailure(context, err) {
      84 |   consecutiveDbFailures += 1;
    > 85 |   console.error(`[intake rate-limit] ${context} error:`, err.message);
         |           ^
      86 |   if (consecutiveDbFailures < DB_FAILURE_ALERT_THRESHOLD) return;
      87 |
      88 |   const failureCount = consecutiveDbFailures;
      at error (lib/intake/rate-limit.js:85:11)
      at noteLimiterDbFailure (lib/intake/rate-limit.js:252:11)
      at handler (pages/api/intake/submit.js:111:14)
      at Object.<anonymous> (tests/unit/intake-submit-freeze-guard.test.js:161:5)
  console.error
    [grantee-deliverables/generate] persist failed: server error
      158 |           return res.status(409).json({ error: 'A concurrent update is in progress; please retry.' });
      159 |         }
    > 160 |         console.error('[grantee-deliverables/generate] persist failed:', e.message);
          |                 ^
      161 |         return res.status(500).json({ error: 'Failed to save the generated abstract.' });
      162 |       }
      163 |
      at error (pages/api/workbench/grantee-deliverables/generate.js:160:17)
      at Object.<anonymous> (tests/unit/grantee-deliverables-generate-route.test.js:202:3)
  console.error
    [intake rate-limit] checkIntakeRateLimit error: Cannot destructure property 'rows' of '(intermediate value)' as it is undefined.
      83 | async function noteLimiterDbFailure(context, err) {
      84 |   consecutiveDbFailures += 1;
    > 85 |   console.error(`[intake rate-limit] ${context} error:`, err.message);
         |           ^
      86 |   if (consecutiveDbFailures < DB_FAILURE_ALERT_THRESHOLD) return;
      87 |
      88 |   const failureCount = consecutiveDbFailures;
      at error (lib/intake/rate-limit.js:85:11)
      at noteLimiterDbFailure (lib/intake/rate-limit.js:252:11)
      at handler (pages/api/intake/submit.js:111:14)
      at Object.<anonymous> (tests/unit/intake-submit-freeze-guard.test.js:176:5)
  console.error
    [drain] fatal: Error: connection terminated
        at Object.<anonymous> (/Users/gallivan/Code/WMKF_Apps/tests/unit/drain-submissions-telemetry.test.js:99:18)
        at Promise.finally.completed (/Users/gallivan/Code/WMKF_Apps/node_modules/jest-circus/build/jestAdapterInit.js:1561:28)
        at new Promise (<anonymous>)
        at callAsyncCircusFn (/Users/gallivan/Code/WMKF_Apps/node_modules/jest-circus/build/jestAdapterInit.js:1501:10)
        at _callCircusTest (/Users/gallivan/Code/WMKF_Apps/node_modules/jest-circus/build/jestAdapterInit.js:1011:40)
        at processTicksAndRejections (node:internal/process/task_queues:104:5)
        at _runTest (/Users/gallivan/Code/WMKF_Apps/node_modules/jest-circus/build/jestAdapterInit.js:951:3)
        at /Users/gallivan/Code/WMKF_Apps/node_modules/jest-circus/build/jestAdapterInit.js:853:7
        at _runTestsForDescribeBlock (/Users/gallivan/Code/WMKF_Apps/node_modules/jest-circus/build/jestAdapterInit.js:866:11)
        at _runTestsForDescribeBlock (/Users/gallivan/Code/WMKF_Apps/node_modules/jest-circus/build/jestAdapterInit.js:861:11)
        at run (/Users/gallivan/Code/WMKF_Apps/node_modules/jest-circus/build/jestAdapterInit.js:765:3)
        at runAndTransformResultsToJestFormat (/Users/gallivan/Code/WMKF_Apps/node_modules/jest-circus/build/jestAdapterInit.js:1993:21)
        at jestAdapter (/Users/gallivan/Code/WMKF_Apps/node_modules/jest-circus/build/runner.js:111:19)
        at runTestInternal (/Users/gallivan/Code/WMKF_Apps/node_modules/jest-runner/build/testWorker.js:276:16)
        at runTest (/Users/gallivan/Code/WMKF_Apps/node_modules/jest-runner/build/testWorker.js:344:7)
        at Object.worker (/Users/gallivan/Code/WMKF_Apps/node_modules/jest-runner/build/testWorker.js:498:12)
      955 |     }
      956 |   } catch (err) {
    > 957 |     console.error('[drain] fatal:', err);
          |             ^
      958 |     // Record the fatal even if claimBatch threw before we opened a run row.
      959 |     // startRun/completeRun both fail soft (swallow DB errors), so this can
      960 |     // never turn a drain failure into a 200 or mask the original error.
      at error (pages/api/cron/drain-submissions.js:957:13)
      at Object.<anonymous> (tests/unit/drain-submissions-telemetry.test.js:103:5)
  console.error
    [review-manager regenerate-token] draft cleanup failed (non-fatal): pg down
      86 |     await ReviewDraftService.deleteBySuggestion(suggestionId);
      87 |   } catch (e) {
    > 88 |     console.error('[review-manager regenerate-token] draft cleanup failed (non-fatal):', e.message);
         |             ^
      89 |   }
      90 |
      91 |   return {
      at error (lib/services/review-manager/regenerate-token-service.js:88:13)
      at pages/api/review-manager/regenerate-token.js:71:22
      at Object.<anonymous> (tests/integration/review-manager-token-routes.test.js:144:5)
  console.error
    [review-manager revoke-token] draft cleanup failed (non-fatal): pg down
      63 |       await ReviewDraftService.deleteBySuggestion(suggestionId);
      64 |     } catch (e) {
    > 65 |       console.error('[review-manager revoke-token] draft cleanup failed (non-fatal):', e.message);
         |               ^
      66 |     }
      67 |
      68 |     return res.status(200).json({ ok: true });
      at error (pages/api/review-manager/revoke-token.js:65:15)
      at Object.<anonymous> (tests/integration/review-manager-token-routes.test.js:255:5)
  console.error
    [model-resolver] /v1/models error: Cannot read properties of undefined (reading 'ok')
      63 |     return _availableModels;
      64 |   } catch (err) {
    > 65 |     console.error('[model-resolver] /v1/models error:', err.message);
         |             ^
      66 |     return _availableModels || [];
      67 |   }
      68 | }
      at error (lib/services/model-resolver.js:65:13)
      at loadModelOverrides (lib/services/model-override-loader.js:40:5)
      at handler (pages/api/reviewer-finder/generate-emails.js:201:3)
      at Object.<anonymous> (tests/integration/cross-user-isolation.test.js:234:5)
  console.error
    [dataverse-settings] getSetting error: DYNAMICS_SANDBOX_URL / DYNAMICS_URL not set
      45 |     return row ? row.wmkf_settingvalue : null;
      46 |   } catch (error) {
    > 47 |     console.error('[dataverse-settings] getSetting error:', error.message);
         |             ^
      48 |     return null;
      49 |   }
      50 | }
      at Object.error [as getSetting] (lib/services/dataverse-settings-service.js:47:13)
  console.warn
    Failed to parse structured response: SyntaxError: Unexpected token 'j', "{"invalid": json}" is not valid JSON
        at JSON.parse (<anonymous>)
        at parse (/Users/gallivan/Code/WMKF_Apps/shared/config/prompts/common.js:204:21)
        at Object.<anonymous> (/Users/gallivan/Code/WMKF_Apps/tests/unit/prompts/common.test.js:237:45)
        at Promise.finally.completed (/Users/gallivan/Code/WMKF_Apps/node_modules/jest-circus/build/jestAdapterInit.js:1561:28)
        at new Promise (<anonymous>)
        at callAsyncCircusFn (/Users/gallivan/Code/WMKF_Apps/node_modules/jest-circus/build/jestAdapterInit.js:1501:10)
        at _callCircusTest (/Users/gallivan/Code/WMKF_Apps/node_modules/jest-circus/build/jestAdapterInit.js:1011:40)
        at processTicksAndRejections (node:internal/process/task_queues:104:5)
        at _runTest (/Users/gallivan/Code/WMKF_Apps/node_modules/jest-circus/build/jestAdapterInit.js:951:3)
        at /Users/gallivan/Code/WMKF_Apps/node_modules/jest-circus/build/jestAdapterInit.js:853:7
        at _runTestsForDescribeBlock (/Users/gallivan/Code/WMKF_Apps/node_modules/jest-circus/build/jestAdapterInit.js:866:11)
        at _runTestsForDescribeBlock (/Users/gallivan/Code/WMKF_Apps/node_modules/jest-circus/build/jestAdapterInit.js:861:11)
        at _runTestsForDescribeBlock (/Users/gallivan/Code/WMKF_Apps/node_modules/jest-circus/build/jestAdapterInit.js:861:11)
        at run (/Users/gallivan/Code/WMKF_Apps/node_modules/jest-circus/build/jestAdapterInit.js:765:3)
        at runAndTransformResultsToJestFormat (/Users/gallivan/Code/WMKF_Apps/node_modules/jest-circus/build/jestAdapterInit.js:1993:21)
        at jestAdapter (/Users/gallivan/Code/WMKF_Apps/node_modules/jest-circus/build/runner.js:111:19)
        at runTestInternal (/Users/gallivan/Code/WMKF_Apps/node_modules/jest-runner/build/testWorker.js:276:16)
        at runTest (/Users/gallivan/Code/WMKF_Apps/node_modules/jest-runner/build/testWorker.js:344:7)
        at Object.worker (/Users/gallivan/Code/WMKF_Apps/node_modules/jest-runner/build/testWorker.js:498:12)
      73 |       return
      74 |     }
    > 75 |     originalWarn.call(console, ...args)
         |                  ^
      76 |   }
      77 | })
      78 |
      at console.call (jest.setup.js:75:18)
      at warn (shared/config/prompts/common.js:206:17)
      at Object.<anonymous> (tests/unit/prompts/common.test.js:237:45)
  console.error
    [external rate-limit] checkRateLimit error: connection refused
      62 | async function noteLimiterDbFailure(context, err) {
      63 |   consecutiveDbFailures += 1;
    > 64 |   console.error(`[external rate-limit] ${context} error:`, err.message);
         |           ^
      65 |   if (consecutiveDbFailures < DB_FAILURE_ALERT_THRESHOLD) return;
      66 |
      67 |   const failureCount = consecutiveDbFailures;
      at error (lib/external/rate-limit.js:64:11)
      at noteLimiterDbFailure (lib/external/rate-limit.js:177:11)
      at Object.<anonymous> (tests/unit/external-rate-limit.test.js:108:17)
  console.error
    {"level":"warn","event":"external_rate_limit.invalid_token_spike","ip":"1.2.3.4","invalidCount":20,"windowStart":"2026-07-05T09:31:00.000Z"}
      218 |   // dedups across windows until an admin clears the alert.
      219 |   try {
    > 220 |     console.error(JSON.stringify({
          |             ^
      221 |       level: 'warn',
      222 |       event: 'external_rate_limit.invalid_token_spike',
      223 |       ip,
      at error (lib/external/rate-limit.js:220:13)
      at Object.<anonymous> (tests/unit/external-rate-limit.test.js:129:5)
  console.error
    {"level":"warn","event":"external_rate_limit.invalid_token_spike","ip":"1.2.3.4","invalidCount":20,"windowStart":"2026-07-05T09:31:00.000Z"}
      218 |   // dedups across windows until an admin clears the alert.
      219 |   try {
    > 220 |     console.error(JSON.stringify({
          |             ^
      221 |       level: 'warn',
      222 |       event: 'external_rate_limit.invalid_token_spike',
      223 |       ip,
      at error (lib/external/rate-limit.js:220:13)
      at Object.<anonymous> (tests/unit/external-rate-limit.test.js:145:5)
  console.error
    [external rate-limit] alert raise failed: alert store down
      238 |     });
      239 |   } catch (err) {
    > 240 |     console.error('[external rate-limit] alert raise failed:', err.message);
          |             ^
      241 |   }
      242 | }
      243 |
      at error (lib/external/rate-limit.js:240:13)
      at Object.<anonymous> (tests/unit/external-rate-limit.test.js:145:5)
  console.error
    [external rate-limit] recordTokenOutcome error: connection refused
      62 | async function noteLimiterDbFailure(context, err) {
      63 |   consecutiveDbFailures += 1;
    > 64 |   console.error(`[external rate-limit] ${context} error:`, err.message);
         |           ^
      65 |   if (consecutiveDbFailures < DB_FAILURE_ALERT_THRESHOLD) return;
      66 |
      67 |   const failureCount = consecutiveDbFailures;
      at error (lib/external/rate-limit.js:64:11)
      at noteLimiterDbFailure (lib/external/rate-limit.js:210:11)
      at Object.<anonymous> (tests/unit/external-rate-limit.test.js:152:5)
  console.error
    [external rate-limit] checkRateLimit error: db down
      62 | async function noteLimiterDbFailure(context, err) {
      63 |   consecutiveDbFailures += 1;
    > 64 |   console.error(`[external rate-limit] ${context} error:`, err.message);
         |           ^
      65 |   if (consecutiveDbFailures < DB_FAILURE_ALERT_THRESHOLD) return;
      66 |
      67 |   const failureCount = consecutiveDbFailures;
      at error (lib/external/rate-limit.js:64:11)
      at noteLimiterDbFailure (lib/external/rate-limit.js:177:11)
      at Object.<anonymous> (tests/unit/external-rate-limit.test.js:162:7)
  console.error
    [external rate-limit] checkRateLimit error: db down
      62 | async function noteLimiterDbFailure(context, err) {
      63 |   consecutiveDbFailures += 1;
    > 64 |   console.error(`[external rate-limit] ${context} error:`, err.message);
         |           ^
      65 |   if (consecutiveDbFailures < DB_FAILURE_ALERT_THRESHOLD) return;
      66 |
      67 |   const failureCount = consecutiveDbFailures;
      at error (lib/external/rate-limit.js:64:11)
      at noteLimiterDbFailure (lib/external/rate-limit.js:177:11)
      at Object.<anonymous> (tests/unit/external-rate-limit.test.js:162:7)
  console.error
    [external rate-limit] checkRateLimit error: db down
      62 | async function noteLimiterDbFailure(context, err) {
      63 |   consecutiveDbFailures += 1;
    > 64 |   console.error(`[external rate-limit] ${context} error:`, err.message);
         |           ^
      65 |   if (consecutiveDbFailures < DB_FAILURE_ALERT_THRESHOLD) return;
      66 |
      67 |   const failureCount = consecutiveDbFailures;
      at error (lib/external/rate-limit.js:64:11)
      at noteLimiterDbFailure (lib/external/rate-limit.js:177:11)
      at Object.<anonymous> (tests/unit/external-rate-limit.test.js:162:7)
  console.error
    [external rate-limit] checkRateLimit error: db down
      62 | async function noteLimiterDbFailure(context, err) {
      63 |   consecutiveDbFailures += 1;
    > 64 |   console.error(`[external rate-limit] ${context} error:`, err.message);
         |           ^
      65 |   if (consecutiveDbFailures < DB_FAILURE_ALERT_THRESHOLD) return;
      66 |
      67 |   const failureCount = consecutiveDbFailures;
      at error (lib/external/rate-limit.js:64:11)
      at noteLimiterDbFailure (lib/external/rate-limit.js:177:11)
      at Object.<anonymous> (tests/unit/external-rate-limit.test.js:162:7)
  console.error
    [external rate-limit] checkRateLimit error: db down
      62 | async function noteLimiterDbFailure(context, err) {
      63 |   consecutiveDbFailures += 1;
    > 64 |   console.error(`[external rate-limit] ${context} error:`, err.message);
         |           ^
      65 |   if (consecutiveDbFailures < DB_FAILURE_ALERT_THRESHOLD) return;
      66 |
      67 |   const failureCount = consecutiveDbFailures;
      at error (lib/external/rate-limit.js:64:11)
      at noteLimiterDbFailure (lib/external/rate-limit.js:177:11)
      at Object.<anonymous> (tests/unit/external-rate-limit.test.js:170:7)
  console.error
    [external rate-limit] checkRateLimit error: db down
      62 | async function noteLimiterDbFailure(context, err) {
      63 |   consecutiveDbFailures += 1;
    > 64 |   console.error(`[external rate-limit] ${context} error:`, err.message);
         |           ^
      65 |   if (consecutiveDbFailures < DB_FAILURE_ALERT_THRESHOLD) return;
      66 |
      67 |   const failureCount = consecutiveDbFailures;
      at error (lib/external/rate-limit.js:64:11)
      at noteLimiterDbFailure (lib/external/rate-limit.js:177:11)
      at Object.<anonymous> (tests/unit/external-rate-limit.test.js:170:7)
  console.error
    [external rate-limit] checkRateLimit error: db down
      62 | async function noteLimiterDbFailure(context, err) {
      63 |   consecutiveDbFailures += 1;
    > 64 |   console.error(`[external rate-limit] ${context} error:`, err.message);
         |           ^
      65 |   if (consecutiveDbFailures < DB_FAILURE_ALERT_THRESHOLD) return;
      66 |
      67 |   const failureCount = consecutiveDbFailures;
      at error (lib/external/rate-limit.js:64:11)
      at noteLimiterDbFailure (lib/external/rate-limit.js:177:11)
      at Object.<anonymous> (tests/unit/external-rate-limit.test.js:170:7)
  console.error
    [external rate-limit] checkRateLimit error: db down
      62 | async function noteLimiterDbFailure(context, err) {
      63 |   consecutiveDbFailures += 1;
    > 64 |   console.error(`[external rate-limit] ${context} error:`, err.message);
         |           ^
      65 |   if (consecutiveDbFailures < DB_FAILURE_ALERT_THRESHOLD) return;
      66 |
      67 |   const failureCount = consecutiveDbFailures;
      at error (lib/external/rate-limit.js:64:11)
      at noteLimiterDbFailure (lib/external/rate-limit.js:177:11)
      at Object.<anonymous> (tests/unit/external-rate-limit.test.js:170:7)
  console.error
    [external rate-limit] checkRateLimit error: db down
      62 | async function noteLimiterDbFailure(context, err) {
      63 |   consecutiveDbFailures += 1;
    > 64 |   console.error(`[external rate-limit] ${context} error:`, err.message);
         |           ^
      65 |   if (consecutiveDbFailures < DB_FAILURE_ALERT_THRESHOLD) return;
      66 |
      67 |   const failureCount = consecutiveDbFailures;
      at error (lib/external/rate-limit.js:64:11)
      at noteLimiterDbFailure (lib/external/rate-limit.js:177:11)
      at Object.<anonymous> (tests/unit/external-rate-limit.test.js:170:7)
  console.error
    {"level":"error","event":"external_rate_limit.db_degraded","consecutiveFailures":5,"lastError":"db down"}
      68 |   consecutiveDbFailures = 0;
      69 |   try {
    > 70 |     console.error(JSON.stringify({
         |             ^
      71 |       level: 'error',
      72 |       event: 'external_rate_limit.db_degraded',
      73 |       consecutiveFailures: failureCount,
      at error (lib/external/rate-limit.js:70:13)
      at noteLimiterDbFailure (lib/external/rate-limit.js:177:11)
      at Object.<anonymous> (tests/unit/external-rate-limit.test.js:170:7)
  console.error
    [external rate-limit] checkRateLimit error: db down
      62 | async function noteLimiterDbFailure(context, err) {
      63 |   consecutiveDbFailures += 1;
    > 64 |   console.error(`[external rate-limit] ${context} error:`, err.message);
         |           ^
      65 |   if (consecutiveDbFailures < DB_FAILURE_ALERT_THRESHOLD) return;
      66 |
      67 |   const failureCount = consecutiveDbFailures;
      at error (lib/external/rate-limit.js:64:11)
      at noteLimiterDbFailure (lib/external/rate-limit.js:177:11)
      at Object.<anonymous> (tests/unit/external-rate-limit.test.js:177:13)
  console.error
    [external rate-limit] checkRateLimit error: db down
      62 | async function noteLimiterDbFailure(context, err) {
      63 |   consecutiveDbFailures += 1;
    > 64 |   console.error(`[external rate-limit] ${context} error:`, err.message);
         |           ^
      65 |   if (consecutiveDbFailures < DB_FAILURE_ALERT_THRESHOLD) return;
      66 |
      67 |   const failureCount = consecutiveDbFailures;
      at error (lib/external/rate-limit.js:64:11)
      at noteLimiterDbFailure (lib/external/rate-limit.js:177:11)
      at Object.<anonymous> (tests/unit/external-rate-limit.test.js:184:7)
  console.error
    [external rate-limit] checkRateLimit error: db down
      62 | async function noteLimiterDbFailure(context, err) {
      63 |   consecutiveDbFailures += 1;
    > 64 |   console.error(`[external rate-limit] ${context} error:`, err.message);
         |           ^
      65 |   if (consecutiveDbFailures < DB_FAILURE_ALERT_THRESHOLD) return;
      66 |
      67 |   const failureCount = consecutiveDbFailures;
      at error (lib/external/rate-limit.js:64:11)
      at noteLimiterDbFailure (lib/external/rate-limit.js:177:11)
      at Object.<anonymous> (tests/unit/external-rate-limit.test.js:184:7)
  console.error
    [external rate-limit] checkRateLimit error: db down
      62 | async function noteLimiterDbFailure(context, err) {
      63 |   consecutiveDbFailures += 1;
    > 64 |   console.error(`[external rate-limit] ${context} error:`, err.message);
         |           ^
      65 |   if (consecutiveDbFailures < DB_FAILURE_ALERT_THRESHOLD) return;
      66 |
      67 |   const failureCount = consecutiveDbFailures;
      at error (lib/external/rate-limit.js:64:11)
      at noteLimiterDbFailure (lib/external/rate-limit.js:177:11)
      at Object.<anonymous> (tests/unit/external-rate-limit.test.js:184:7)
  console.error
    [external rate-limit] checkRateLimit error: db down
      62 | async function noteLimiterDbFailure(context, err) {
      63 |   consecutiveDbFailures += 1;
    > 64 |   console.error(`[external rate-limit] ${context} error:`, err.message);
         |           ^
      65 |   if (consecutiveDbFailures < DB_FAILURE_ALERT_THRESHOLD) return;
      66 |
      67 |   const failureCount = consecutiveDbFailures;
      at error (lib/external/rate-limit.js:64:11)
      at noteLimiterDbFailure (lib/external/rate-limit.js:177:11)
      at Object.<anonymous> (tests/unit/external-rate-limit.test.js:184:7)
  console.error
    [external rate-limit] checkRateLimit error: db down
      62 | async function noteLimiterDbFailure(context, err) {
      63 |   consecutiveDbFailures += 1;
    > 64 |   console.error(`[external rate-limit] ${context} error:`, err.message);
         |           ^
      65 |   if (consecutiveDbFailures < DB_FAILURE_ALERT_THRESHOLD) return;
      66 |
      67 |   const failureCount = consecutiveDbFailures;
      at error (lib/external/rate-limit.js:64:11)
      at noteLimiterDbFailure (lib/external/rate-limit.js:177:11)
      at Object.<anonymous> (tests/unit/external-rate-limit.test.js:190:7)
  console.error
    [external rate-limit] checkRateLimit error: db down
      62 | async function noteLimiterDbFailure(context, err) {
      63 |   consecutiveDbFailures += 1;
    > 64 |   console.error(`[external rate-limit] ${context} error:`, err.message);
         |           ^
      65 |   if (consecutiveDbFailures < DB_FAILURE_ALERT_THRESHOLD) return;
      66 |
      67 |   const failureCount = consecutiveDbFailures;
      at error (lib/external/rate-limit.js:64:11)
      at noteLimiterDbFailure (lib/external/rate-limit.js:177:11)
      at Object.<anonymous> (tests/unit/external-rate-limit.test.js:190:7)
  console.error
    [external rate-limit] checkRateLimit error: db down
      62 | async function noteLimiterDbFailure(context, err) {
      63 |   consecutiveDbFailures += 1;
    > 64 |   console.error(`[external rate-limit] ${context} error:`, err.message);
         |           ^
      65 |   if (consecutiveDbFailures < DB_FAILURE_ALERT_THRESHOLD) return;
      66 |
      67 |   const failureCount = consecutiveDbFailures;
      at error (lib/external/rate-limit.js:64:11)
      at noteLimiterDbFailure (lib/external/rate-limit.js:177:11)
      at Object.<anonymous> (tests/unit/external-rate-limit.test.js:190:7)
  console.error
    [external rate-limit] checkRateLimit error: db down
      62 | async function noteLimiterDbFailure(context, err) {
      63 |   consecutiveDbFailures += 1;
    > 64 |   console.error(`[external rate-limit] ${context} error:`, err.message);
         |           ^
      65 |   if (consecutiveDbFailures < DB_FAILURE_ALERT_THRESHOLD) return;
      66 |
      67 |   const failureCount = consecutiveDbFailures;
      at error (lib/external/rate-limit.js:64:11)
      at noteLimiterDbFailure (lib/external/rate-limit.js:177:11)
      at Object.<anonymous> (tests/unit/external-rate-limit.test.js:190:7)
  console.error
    [external rate-limit] checkRateLimit error: db down
      62 | async function noteLimiterDbFailure(context, err) {
      63 |   consecutiveDbFailures += 1;
    > 64 |   console.error(`[external rate-limit] ${context} error:`, err.message);
         |           ^
      65 |   if (consecutiveDbFailures < DB_FAILURE_ALERT_THRESHOLD) return;
      66 |
      67 |   const failureCount = consecutiveDbFailures;
      at error (lib/external/rate-limit.js:64:11)
      at noteLimiterDbFailure (lib/external/rate-limit.js:177:11)
      at Object.<anonymous> (tests/unit/external-rate-limit.test.js:197:5)
  console.error
    [external rate-limit] checkRateLimit error: db down
      62 | async function noteLimiterDbFailure(context, err) {
      63 |   consecutiveDbFailures += 1;
    > 64 |   console.error(`[external rate-limit] ${context} error:`, err.message);
         |           ^
      65 |   if (consecutiveDbFailures < DB_FAILURE_ALERT_THRESHOLD) return;
      66 |
      67 |   const failureCount = consecutiveDbFailures;
      at error (lib/external/rate-limit.js:64:11)
      at noteLimiterDbFailure (lib/external/rate-limit.js:177:11)
      at Object.<anonymous> (tests/unit/external-rate-limit.test.js:198:5)
  console.error
    [external rate-limit] checkRateLimit error: db down
      62 | async function noteLimiterDbFailure(context, err) {
      63 |   consecutiveDbFailures += 1;
    > 64 |   console.error(`[external rate-limit] ${context} error:`, err.message);
         |           ^
      65 |   if (consecutiveDbFailures < DB_FAILURE_ALERT_THRESHOLD) return;
      66 |
      67 |   const failureCount = consecutiveDbFailures;
      at error (lib/external/rate-limit.js:64:11)
      at noteLimiterDbFailure (lib/external/rate-limit.js:177:11)
      at Object.<anonymous> (tests/unit/external-rate-limit.test.js:199:5)
  console.error
    [external rate-limit] recordTokenOutcome error: db down
      62 | async function noteLimiterDbFailure(context, err) {
      63 |   consecutiveDbFailures += 1;
    > 64 |   console.error(`[external rate-limit] ${context} error:`, err.message);
         |           ^
      65 |   if (consecutiveDbFailures < DB_FAILURE_ALERT_THRESHOLD) return;
      66 |
      67 |   const failureCount = consecutiveDbFailures;
      at error (lib/external/rate-limit.js:64:11)
      at noteLimiterDbFailure (lib/external/rate-limit.js:210:11)
      at Object.<anonymous> (tests/unit/external-rate-limit.test.js:200:5)
  console.error
    [external rate-limit] recordTokenOutcome error: db down
      62 | async function noteLimiterDbFailure(context, err) {
      63 |   consecutiveDbFailures += 1;
    > 64 |   console.error(`[external rate-limit] ${context} error:`, err.message);
         |           ^
      65 |   if (consecutiveDbFailures < DB_FAILURE_ALERT_THRESHOLD) return;
      66 |
      67 |   const failureCount = consecutiveDbFailures;
      at error (lib/external/rate-limit.js:64:11)
      at noteLimiterDbFailure (lib/external/rate-limit.js:210:11)
      at Object.<anonymous> (tests/unit/external-rate-limit.test.js:202:5)
  console.error
    {"level":"error","event":"external_rate_limit.db_degraded","consecutiveFailures":5,"lastError":"db down"}
      68 |   consecutiveDbFailures = 0;
      69 |   try {
    > 70 |     console.error(JSON.stringify({
         |             ^
      71 |       level: 'error',
      72 |       event: 'external_rate_limit.db_degraded',
      73 |       consecutiveFailures: failureCount,
      at error (lib/external/rate-limit.js:70:13)
      at noteLimiterDbFailure (lib/external/rate-limit.js:210:11)
      at Object.<anonymous> (tests/unit/external-rate-limit.test.js:202:5)
  console.error
    [admin/email-defaults] strict read failed for email.grantee_invite.subject: Dynamics 503
      22 |     };
      23 |   } catch (error) {
    > 24 |     console.error(`[admin/email-defaults] strict read failed for ${entry.key}:`, error.message);
         |             ^
      25 |     return {
      26 |       ...entry,
      27 |       value: '',
      at error (pages/api/admin/email-defaults.js:24:13)
      at handler (pages/api/admin/email-defaults.js:45:21)
      at Object.<anonymous> (tests/unit/email-defaults-routes.test.js:81:5)
  console.error
    [email-defaults/grantee-invite] strict read failed for email.grantee_invite.subject: Dynamics 503
      20 |     };
      21 |   } catch (error) {
    > 22 |     console.error(`[email-defaults/grantee-invite] strict read failed for ${key}:`, error.message);
         |             ^
      23 |     return { value: '', unavailable: true };
      24 |   }
      25 | }
      at error (pages/api/email-defaults/grantee-invite.js:22:13)
      at handler (pages/api/email-defaults/grantee-invite.js:36:19)
      at Object.<anonymous> (tests/unit/email-defaults-routes.test.js:146:5)
  console.log
    [grantee-deliverable-reminders] summary {"totalCount":0,"scanned":0,"reminded":0,"skippedNoPd":0,"skippedNoRecipient":0,"skippedMisconfigured":0,"claimFailed":0,"sendFailed":0,"capped":false,"deferred":0,"failures":[]}
      at log (pages/api/cron/grantee-deliverable-reminders.js:145:5)
  console.log
    [grantee-deliverable-reminders] summary {"totalCount":1,"scanned":1,"reminded":1,"skippedNoPd":0,"skippedNoRecipient":0,"skippedMisconfigured":0,"claimFailed":0,"sendFailed":0,"capped":false,"deferred":0,"failures":[]}
      at log (pages/api/cron/grantee-deliverable-reminders.js:145:5)
  console.log
    [grantee-deliverable-reminders] summary {"totalCount":1,"scanned":1,"reminded":1,"skippedNoPd":0,"skippedNoRecipient":0,"skippedMisconfigured":0,"claimFailed":0,"sendFailed":0,"capped":false,"deferred":0,"failures":[]}
      at log (pages/api/cron/grantee-deliverable-reminders.js:145:5)
  console.error
    [grantee-deliverable-reminders] summary {"totalCount":1,"scanned":1,"reminded":0,"skippedNoPd":0,"skippedNoRecipient":0,"skippedMisconfigured":1,"claimFailed":0,"sendFailed":0,"capped":false,"deferred":0,"failures":[{"requestNum":null,"reason":"email default email.grantee_reminder.subject blank"}]}
      125 |         reason: `email default ${failure.key} ${failure.reason}`,
      126 |       })));
    > 127 |       console.error('[grantee-deliverable-reminders] summary', JSON.stringify(summary));
          |               ^
      128 |       return res.status(200).json(summary);
      129 |     }
      130 |
      at error (pages/api/cron/grantee-deliverable-reminders.js:127:15)
      at Object.<anonymous> (tests/unit/grantee-deliverable-reminders-cron.test.js:190:3)
  console.error
    [grantee-deliverable-reminders] summary {"totalCount":1,"scanned":1,"reminded":0,"skippedNoPd":0,"skippedNoRecipient":0,"skippedMisconfigured":1,"claimFailed":0,"sendFailed":0,"capped":false,"deferred":0,"failures":[{"requestNum":null,"reason":"email default email.grantee_reminder.body unavailable"}]}
      125 |         reason: `email default ${failure.key} ${failure.reason}`,
      126 |       })));
    > 127 |       console.error('[grantee-deliverable-reminders] summary', JSON.stringify(summary));
          |               ^
      128 |       return res.status(200).json(summary);
      129 |     }
      130 |
      at error (pages/api/cron/grantee-deliverable-reminders.js:127:15)
      at Object.<anonymous> (tests/unit/grantee-deliverable-reminders-cron.test.js:211:3)
  console.error
    [grantee-deliverable-reminders] summary {"totalCount":1,"scanned":1,"reminded":0,"skippedNoPd":0,"skippedNoRecipient":0,"skippedMisconfigured":0,"claimFailed":0,"sendFailed":1,"capped":false,"deferred":0,"failures":[{"requestNum":"1001","reason":"send failed: 403 impersonation rejected"}]}
      143 |       ? console.error
      144 |       : console.log;
    > 145 |     log('[grantee-deliverable-reminders] summary', JSON.stringify(summary));
          |     ^
      146 |     return res.status(200).json(summary);
      147 |   });
      148 | }
      at log (pages/api/cron/grantee-deliverable-reminders.js:145:5)
      at Object.<anonymous> (tests/unit/grantee-deliverable-reminders-cron.test.js:230:3)
  console.error
    [grantee-deliverable-reminders] summary {"totalCount":1,"scanned":1,"reminded":0,"skippedNoPd":1,"skippedNoRecipient":0,"skippedMisconfigured":0,"claimFailed":0,"sendFailed":0,"capped":false,"deferred":0,"failures":[{"requestNum":"1001","reason":"missing PD systemuser/email/name"}]}
      143 |       ? console.error
      144 |       : console.log;
    > 145 |     log('[grantee-deliverable-reminders] summary', JSON.stringify(summary));
          |     ^
      146 |     return res.status(200).json(summary);
      147 |   });
      148 | }
      at log (pages/api/cron/grantee-deliverable-reminders.js:145:5)
      at Object.<anonymous> (tests/unit/grantee-deliverable-reminders-cron.test.js:245:3)
  console.log
    [grantee-deliverable-reminders] summary {"totalCount":1,"scanned":1,"reminded":1,"skippedNoPd":0,"skippedNoRecipient":0,"skippedMisconfigured":0,"claimFailed":0,"sendFailed":0,"capped":false,"deferred":0,"failures":[]}
      at log (pages/api/cron/grantee-deliverable-reminders.js:145:5)
  console.error
    [grantee-deliverable-reminders] summary {"totalCount":1,"scanned":1,"reminded":0,"skippedNoPd":0,"skippedNoRecipient":1,"skippedMisconfigured":0,"claimFailed":0,"sendFailed":0,"capped":false,"deferred":0,"failures":[{"requestNum":"1001","reason":"missing PI name/email or liaison email"}]}
      143 |       ? console.error
      144 |       : console.log;
    > 145 |     log('[grantee-deliverable-reminders] summary', JSON.stringify(summary));
          |     ^
      146 |     return res.status(200).json(summary);
      147 |   });
      148 | }
      at log (pages/api/cron/grantee-deliverable-reminders.js:145:5)
      at Object.<anonymous> (tests/unit/grantee-deliverable-reminders-cron.test.js:276:3)
  console.error
    [grantee-deliverable-reminders] summary {"totalCount":3,"scanned":1,"reminded":1,"skippedNoPd":0,"skippedNoRecipient":0,"skippedMisconfigured":0,"claimFailed":0,"sendFailed":0,"capped":true,"deferred":2,"failures":[]}
      143 |       ? console.error
      144 |       : console.log;
    > 145 |     log('[grantee-deliverable-reminders] summary', JSON.stringify(summary));
          |     ^
      146 |     return res.status(200).json(summary);
      147 |   });
      148 | }
      at log (pages/api/cron/grantee-deliverable-reminders.js:145:5)
      at Object.<anonymous> (tests/unit/grantee-deliverable-reminders-cron.test.js:284:3)
  console.error
    [grantee-deliverable-reminders] summary {"totalCount":2,"scanned":2,"reminded":1,"skippedNoPd":0,"skippedNoRecipient":0,"skippedMisconfigured":0,"claimFailed":0,"sendFailed":1,"capped":false,"deferred":0,"failures":[{"requestNum":"1001","reason":"send failed: send down"}]}
      143 |       ? console.error
      144 |       : console.log;
    > 145 |     log('[grantee-deliverable-reminders] summary', JSON.stringify(summary));
          |     ^
      146 |     return res.status(200).json(summary);
      147 |   });
      148 | }
      at log (pages/api/cron/grantee-deliverable-reminders.js:145:5)
      at Object.<anonymous> (tests/unit/grantee-deliverable-reminders-cron.test.js:295:3)
  console.log
    Funding Gap Analyzer API called: 2026-07-05T09:31:09.874Z
      at log (pages/api/analyze-funding-gap.js:33:11)
  console.log
    Progress: Processing proposal 1/1: proposal.pdf
      at log (pages/api/analyze-funding-gap.js:78:15)
  console.log
    Progress: Extracting text from proposal.pdf...
      at log (pages/api/analyze-funding-gap.js:78:15)
  console.log
    Progress: Extracting PI information and keywords from proposal.pdf...
      at log (pages/api/analyze-funding-gap.js:78:15)
  console.log
    Progress: Found PI: Jane Researcher at Example University (CA)
      at log (pages/api/analyze-funding-gap.js:78:15)
  console.log
    Progress: Identified 5 research keywords
      at log (pages/api/analyze-funding-gap.js:78:15)
  console.log
    Progress: Querying NSF for Jane Researcher's awards in CA...
      at log (pages/api/analyze-funding-gap.js:78:15)
  console.log
    Progress: Trying last name only: Researcher...
      at log (pages/api/analyze-funding-gap.js:78:15)
  console.log
    Progress: No NSF awards found for Jane Researcher in CA
      at log (pages/api/analyze-funding-gap.js:78:15)
  console.log
    Progress: Analyzing NSF funding landscape for research keywords...
      at log (pages/api/analyze-funding-gap.js:78:15)
  console.log
    Progress: NSF landscape analysis complete
      at log (pages/api/analyze-funding-gap.js:78:15)
  console.log
    Progress: Querying NIH RePORTER for Jane Researcher's projects...
      at log (pages/api/analyze-funding-gap.js:78:15)
  console.log
    Progress: No NIH projects found for Jane Researcher
      at log (pages/api/analyze-funding-gap.js:78:15)
  console.log
    Progress: Analyzing NIH funding landscape for research keywords...
      at log (pages/api/analyze-funding-gap.js:78:15)
  console.log
    Progress: NIH landscape analysis complete
      at log (pages/api/analyze-funding-gap.js:78:15)
  console.log
    Progress: USAspending.gov query skipped (disabled in settings)
      at log (pages/api/analyze-funding-gap.js:78:15)
  console.log
    Progress: Generating federal funding gap analysis for proposal.pdf...
      at log (pages/api/analyze-funding-gap.js:78:15)
  console.log
    Progress: Analysis complete for proposal.pdf
      at log (pages/api/analyze-funding-gap.js:78:15)
  console.log
    Progress: Complete! Analysis ready.
      at log (pages/api/analyze-funding-gap.js:78:15)
  console.error
    [grantee-upload] dataverse patch failed: boom
      125 |     if (uploadedItem) await cleanupSharePointItems(driveId, [uploadedItem], 'grantee-upload');
      126 |     if (e.status === 412) return { ok: false, reason: 'conflict', status: 409 };
    > 127 |     console.error('[grantee-upload] dataverse patch failed:', e.message);
          |             ^
      128 |     return { ok: false, reason: 'dataverse_failed', status: 502 };
      129 |   }
      130 |
      at error (lib/services/grantee-upload.js:127:13)
      at Object.<anonymous> (tests/unit/grantee-upload-service.test.js:109:13)
  console.error
    [grantee-upload] sharepoint upload failed: graph 500
      102 |       );
      103 |     } catch (e) {
    > 104 |       console.error('[grantee-upload] sharepoint upload failed:', e.message);
          |               ^
      105 |       if (uploadedItem) await cleanupSharePointItems(driveId, [uploadedItem], 'grantee-upload');
      106 |       return { ok: false, reason: 'sharepoint_failed', status: 502 };
      107 |     }
      at error (lib/services/grantee-upload.js:104:15)
      at Object.<anonymous> (tests/unit/grantee-upload-service.test.js:116:13)
  console.error
    [materials-preflight] lookup/listing failed: Graph 503: secret-internal-detail
      52 |       }
      53 |       // Sanitized — never forward raw Graph/Dataverse error detail to the client.
    > 54 |       console.error('[materials-preflight] lookup/listing failed:', error?.message);
         |               ^
      55 |       return res.status(200).json({ ok: false, reason: 'materials_unavailable' });
      56 |     }
      57 |   });
      at error (pages/api/review-manager/materials-preflight.js:54:15)
      at Object.<anonymous> (tests/unit/materials-preflight.test.js:121:3)
  console.error
    [materials-preflight] lookup/listing failed: Dataverse 500: internal
      52 |       }
      53 |       // Sanitized — never forward raw Graph/Dataverse error detail to the client.
    > 54 |       console.error('[materials-preflight] lookup/listing failed:', error?.message);
         |               ^
      55 |       return res.status(200).json({ ok: false, reason: 'materials_unavailable' });
      56 |     }
      57 |   });
      at error (pages/api/review-manager/materials-preflight.js:54:15)
      at Object.<anonymous> (tests/unit/materials-preflight.test.js:131:3)
  console.warn
    [reviewer-quota] PD notify failed after marker set (non-fatal): SMTP down
      73 |       return
      74 |     }
    > 75 |     originalWarn.call(console, ...args)
         |                  ^
      76 |   }
      77 | })
      78 |
      at console.call (jest.setup.js:75:18)
      at warn (lib/services/reviewer-quota.js:104:13)
      at Object.<anonymous> (tests/unit/reviewer-quota.test.js:109:13)
  console.error
    [render-emails] mint failed for 33333333-3333-4333-8333-333333333333: hash write failed
      146 |         externalLinkBySuggestion[suggestionId] = url;
      147 |       } catch (e) {
    > 148 |         console.error(`[render-emails] mint failed for ${suggestionId}: ${e.message}`);
          |                 ^
      149 |         // Leave externalLink empty for this recipient; placeholder
      150 |         // substitution will yield "" rather than crash the render.
      151 |       }
      at error (lib/services/review-manager/render-emails-service.js:148:17)
      at Object.<anonymous> (tests/unit/render-emails-service.test.js:110:15)
  console.warn
    [my-candidates] duplicate-key on update: {
      field: 'wmkf_emailaddress',
      value: 'jun.ye@colorado.edu',
      message: 'That email is already in use.',
      conflictingRecordId: '44444444-4444-4444-4444-444444444444',
      partialSuccess: true,
      savedFields: [ 'affiliation', 'website' ]
    }
      73 |       return
      74 |     }
    > 75 |     originalWarn.call(console, ...args)
         |                  ^
      76 |   }
      77 | })
      78 |
      at console.call (jest.setup.js:75:18)
      at warn (pages/api/reviewer-finder/my-candidates.js:659:15)
      at Object.<anonymous> (tests/unit/my-candidates-partial-save-on-email-conflict.test.js:99:5)
  console.error
    [grantee-deliverables/send-invite] send failed: graph 500
      138 |         });
      139 |       } catch (e) {
    > 140 |         console.error('[grantee-deliverables/send-invite] send failed:', e.message);
          |                 ^
      141 |         return res.status(502).json({ error: 'Failed to send the invitation email.' });
      142 |       }
      143 |
      at error (pages/api/workbench/grantee-deliverables/send-invite.js:140:17)
      at Object.<anonymous> (tests/unit/grantee-send-invite-route.test.js:169:3)
  console.error
    [grantee-deliverables/send-invite] status update failed (email already sent): etag race
      159 |           finalStatus = GRANTEE_DELIVERABLE_STATUS.INVITED;
      160 |         } catch (e) {
    > 161 |           console.error('[grantee-deliverables/send-invite] status update failed (email already sent):', e.message);
          |                   ^
      162 |           statusPersisted = false;
      163 |         }
      164 |       }
      at error (pages/api/workbench/grantee-deliverables/send-invite.js:161:19)
      at Object.<anonymous> (tests/unit/grantee-send-invite-route.test.js:177:3)
  console.error
    [grantee-deliverables/send-invite] non-numeric status on 11111111-1111-1111-1111-111111111111
      105 |       // are all false, which would otherwise let a bad value reach mint/send. Fail loud.
      106 |       if (status !== null && Number.isNaN(status)) {
    > 107 |         console.error('[grantee-deliverables/send-invite] non-numeric status on', requestId);
          |                 ^
      108 |         return res.status(500).json({ error: 'This request has an invalid deliverable status; cannot send.' });
      109 |       }
      110 |       // Must generate the abstract first.
      at error (pages/api/workbench/grantee-deliverables/send-invite.js:107:17)
      at Object.<anonymous> (tests/unit/grantee-send-invite-route.test.js:194:3)
  console.error
    MaintenanceService.sweepBillOnboarding: option-set values unset, skipping: not configured
      194 |       assertOptionSetValuesConfigured();
      195 |     } catch (err) {
    > 196 |       console.error('MaintenanceService.sweepBillOnboarding: option-set values unset, skipping:', err.message);
          |               ^
      197 |       await MaintenanceService._safeBillAlert({
      198 |         type: 'bill_resume_misconfigured',
      199 |         severity: 'error',
      at MaintenanceService.error [as sweepBillOnboarding] (lib/services/maintenance-service.js:196:15)
      at Object.<anonymous> (tests/unit/maintenance-bill-onboarding.test.js:130:15)
  console.log
    [generate-grantee-titles] summary {"cycleCode":"J26","totalCount":2,"scanned":2,"generated":2,"skippedNoSource":0,"skippedConcurrent":0,"failed":0,"deferred":0,"capped":false,"failures":[]}
      at log (pages/api/cron/generate-grantee-titles.js:148:5)
  console.log
    [generate-grantee-titles] summary {"cycleCode":"J26","totalCount":0,"scanned":0,"generated":0,"skippedNoSource":0,"skippedConcurrent":0,"failed":0,"deferred":0,"capped":false,"failures":[]}
      at log (pages/api/cron/generate-grantee-titles.js:148:5)
  console.log
    [generate-grantee-titles] summary {"cycleCode":"J26","totalCount":1,"scanned":1,"generated":0,"skippedNoSource":1,"skippedConcurrent":0,"failed":0,"deferred":0,"capped":false,"failures":[{"requestNum":"1001","reason":"missing/short title or abstract"}]}
      at log (pages/api/cron/generate-grantee-titles.js:148:5)
  console.error
    [generate-grantee-titles] summary {"cycleCode":"J26","totalCount":2,"scanned":2,"generated":1,"skippedNoSource":0,"skippedConcurrent":0,"failed":1,"deferred":0,"capped":false,"failures":[{"requestNum":"1001","reason":"generation: 503 service unavailable"}]}
      146 |
      147 |     const log = summary.failed > 0 || summary.deferred > 0 || summary.capped ? console.error : console.log;
    > 148 |     log('[generate-grantee-titles] summary', JSON.stringify(summary));
          |     ^
      149 |     return res.status(200).json(summary);
      150 |   });
      151 | }
      at log (pages/api/cron/generate-grantee-titles.js:148:5)
      at Object.<anonymous> (tests/unit/generate-grantee-titles-cron.test.js:99:3)
  console.log
    [generate-grantee-titles] summary {"cycleCode":"J26","totalCount":1,"scanned":1,"generated":0,"skippedNoSource":0,"skippedConcurrent":1,"failed":0,"deferred":0,"capped":false,"failures":[]}
      at log (pages/api/cron/generate-grantee-titles.js:148:5)
  console.log
    [generate-grantee-titles] summary {"cycleCode":"J26","totalCount":1,"scanned":1,"generated":0,"skippedNoSource":0,"skippedConcurrent":1,"failed":0,"deferred":0,"capped":false,"failures":[]}
      at log (pages/api/cron/generate-grantee-titles.js:148:5)
  console.error
    [generate-grantee-titles] summary {"cycleCode":"J26","totalCount":1,"scanned":1,"generated":0,"skippedNoSource":0,"skippedConcurrent":0,"failed":1,"deferred":0,"capped":false,"failures":[{"requestNum":"1001","reason":"no _etag (refused bare write)"}]}
      146 |
      147 |     const log = summary.failed > 0 || summary.deferred > 0 || summary.capped ? console.error : console.log;
    > 148 |     log('[generate-grantee-titles] summary', JSON.stringify(summary));
          |     ^
      149 |     return res.status(200).json(summary);
      150 |   });
      151 | }
      at log (pages/api/cron/generate-grantee-titles.js:148:5)
      at Object.<anonymous> (tests/unit/generate-grantee-titles-cron.test.js:125:3)
  console.error
    [generate-grantee-titles] query failed: dataverse down
      106 |       totalCount = result.totalCount || records.length;
      107 |     } catch (err) {
    > 108 |       console.error('[generate-grantee-titles] query failed:', err.message);
          |               ^
      109 |       return res.status(503).json({ error: 'Awardee query failed.', cycleCode });
      110 |     }
      111 |
      at error (pages/api/cron/generate-grantee-titles.js:108:15)
      at Object.<anonymous> (tests/unit/generate-grantee-titles-cron.test.js:133:3)
  console.error
    [generate-grantee-titles] summary {"cycleCode":"J26","totalCount":5,"scanned":1,"generated":1,"skippedNoSource":0,"skippedConcurrent":0,"failed":0,"deferred":4,"capped":true,"failures":[]}
      146 |
      147 |     const log = summary.failed > 0 || summary.deferred > 0 || summary.capped ? console.error : console.log;
    > 148 |     log('[generate-grantee-titles] summary', JSON.stringify(summary));
          |     ^
      149 |     return res.status(200).json(summary);
      150 |   });
      151 | }
      at log (pages/api/cron/generate-grantee-titles.js:148:5)
      at Object.<anonymous> (tests/unit/generate-grantee-titles-cron.test.js:141:3)
  console.error
    [generate-grantee-titles] summary {"cycleCode":"J26","totalCount":2,"scanned":2,"generated":0,"skippedNoSource":0,"skippedConcurrent":0,"failed":0,"deferred":2,"capped":false,"failures":[]}
      146 |
      147 |     const log = summary.failed > 0 || summary.deferred > 0 || summary.capped ? console.error : console.log;
    > 148 |     log('[generate-grantee-titles] summary', JSON.stringify(summary));
          |     ^
      149 |     return res.status(200).json(summary);
      150 |   });
      151 | }
      at log (pages/api/cron/generate-grantee-titles.js:148:5)
      at Object.<anonymous> (tests/unit/generate-grantee-titles-cron.test.js:159:3)
  console.warn
    [reviewer acceptance email] PD sender lookup failed (using fallback): dataverse down
      73 |       return
      74 |     }
    > 75 |     originalWarn.call(console, ...args)
         |                  ^
      76 |   }
      77 | })
      78 |
      at console.call (jest.setup.js:75:18)
      at warn (lib/services/reviewer-acceptance-email.js:77:15)
      at sendAcceptanceConfirmationEmail (lib/services/reviewer-acceptance-email.js:85:40)
      at Object.<anonymous> (tests/unit/reviewer-acceptance-email.test.js:90:17)
  console.error
    orcid-lookup error: Error: orcid down
        at Object.<anonymous> (/Users/gallivan/Code/WMKF_Apps/tests/unit/orcid-lookup-endpoint.test.js:132:39)
        at Promise.finally.completed (/Users/gallivan/Code/WMKF_Apps/node_modules/jest-circus/build/jestAdapterInit.js:1561:28)
        at new Promise (<anonymous>)
        at callAsyncCircusFn (/Users/gallivan/Code/WMKF_Apps/node_modules/jest-circus/build/jestAdapterInit.js:1501:10)
        at _callCircusTest (/Users/gallivan/Code/WMKF_Apps/node_modules/jest-circus/build/jestAdapterInit.js:1011:40)
        at processTicksAndRejections (node:internal/process/task_queues:104:5)
        at _runTest (/Users/gallivan/Code/WMKF_Apps/node_modules/jest-circus/build/jestAdapterInit.js:951:3)
        at /Users/gallivan/Code/WMKF_Apps/node_modules/jest-circus/build/jestAdapterInit.js:853:7
        at _runTestsForDescribeBlock (/Users/gallivan/Code/WMKF_Apps/node_modules/jest-circus/build/jestAdapterInit.js:866:11)
        at _runTestsForDescribeBlock (/Users/gallivan/Code/WMKF_Apps/node_modules/jest-circus/build/jestAdapterInit.js:861:11)
        at run (/Users/gallivan/Code/WMKF_Apps/node_modules/jest-circus/build/jestAdapterInit.js:765:3)
        at runAndTransformResultsToJestFormat (/Users/gallivan/Code/WMKF_Apps/node_modules/jest-circus/build/jestAdapterInit.js:1993:21)
        at jestAdapter (/Users/gallivan/Code/WMKF_Apps/node_modules/jest-circus/build/runner.js:111:19)
        at runTestInternal (/Users/gallivan/Code/WMKF_Apps/node_modules/jest-runner/build/testWorker.js:276:16)
        at runTest (/Users/gallivan/Code/WMKF_Apps/node_modules/jest-runner/build/testWorker.js:344:7)
        at Object.worker (/Users/gallivan/Code/WMKF_Apps/node_modules/jest-runner/build/testWorker.js:498:12)
      102 |     });
      103 |   } catch (error) {
    > 104 |     console.error('orcid-lookup error:', error);
          |             ^
      105 |     return res.status(502).json({ error: 'ORCID lookup failed', found: false });
      106 |   }
      107 | }
      at error (pages/api/workbench/orcid-lookup.js:104:13)
      at Object.<anonymous> (tests/unit/orcid-lookup-endpoint.test.js:134:5)
  console.warn
    [baseConfig] getModelForApp('batch-phase-i', 'model') returning unresolved tier key 'sonnet'. The handler likely forgot to import lib/services/model-override-loader and call loadModelOverrides(). Anthropic will 404 on this id.
      73 |       return
      74 |     }
    > 75 |     originalWarn.call(console, ...args)
         |                  ^
      76 |   }
      77 | })
      78 |
      at console.call (jest.setup.js:75:18)
      at warn (shared/config/baseConfig.js:269:11)
      at _warnUnresolvedTier (shared/config/baseConfig.js:298:5)
      at pages/api/phase-i-dynamics/summarize.js:115:33
      at Object.<anonymous> (tests/unit/phase-i-dynamics-summarize-route.test.js:67:5)
  console.error
    [cycle-material] private read failed: Error: readUploadedBlobBuffer: UPLOADS_BLOB_RW_TOKEN is not set — cannot read private uploads
        at Object.<anonymous> (/Users/gallivan/Code/WMKF_Apps/tests/unit/cycle-material-endpoint.test.js:178:5)
        at Promise.finally.completed (/Users/gallivan/Code/WMKF_Apps/node_modules/jest-circus/build/jestAdapterInit.js:1561:28)
        at new Promise (<anonymous>)
        at callAsyncCircusFn (/Users/gallivan/Code/WMKF_Apps/node_modules/jest-circus/build/jestAdapterInit.js:1501:10)
        at _callCircusTest (/Users/gallivan/Code/WMKF_Apps/node_modules/jest-circus/build/jestAdapterInit.js:1011:40)
        at processTicksAndRejections (node:internal/process/task_queues:104:5)
        at _runTest (/Users/gallivan/Code/WMKF_Apps/node_modules/jest-circus/build/jestAdapterInit.js:951:3)
        at /Users/gallivan/Code/WMKF_Apps/node_modules/jest-circus/build/jestAdapterInit.js:853:7
        at _runTestsForDescribeBlock (/Users/gallivan/Code/WMKF_Apps/node_modules/jest-circus/build/jestAdapterInit.js:866:11)
        at run (/Users/gallivan/Code/WMKF_Apps/node_modules/jest-circus/build/jestAdapterInit.js:765:3)
        at runAndTransformResultsToJestFormat (/Users/gallivan/Code/WMKF_Apps/node_modules/jest-circus/build/jestAdapterInit.js:1993:21)
        at jestAdapter (/Users/gallivan/Code/WMKF_Apps/node_modules/jest-circus/build/runner.js:111:19)
        at runTestInternal (/Users/gallivan/Code/WMKF_Apps/node_modules/jest-runner/build/testWorker.js:276:16)
        at runTest (/Users/gallivan/Code/WMKF_Apps/node_modules/jest-runner/build/testWorker.js:344:7)
        at Object.worker (/Users/gallivan/Code/WMKF_Apps/node_modules/jest-runner/build/testWorker.js:498:12)
      122 |     // closed) → 503; anything else (not-found, read failure) → 404.
      123 |     const status = /UPLOADS_BLOB_RW_TOKEN/.test(e.message || '') ? 503 : 404;
    > 124 |     console.error('[cycle-material] private read failed:', e);
          |             ^
      125 |     return res.status(status).json({ error: 'Failed to read cycle material' });
      126 |   }
      127 |
      at error (pages/api/reviewer-finder/cycle-material.js:124:13)
      at Object.<anonymous> (tests/unit/cycle-material-endpoint.test.js:181:3)
  console.error
    [cycle-material] private read failed: Error: private blob not found
        at Object.<anonymous> (/Users/gallivan/Code/WMKF_Apps/tests/unit/cycle-material-endpoint.test.js:186:44)
        at Promise.finally.completed (/Users/gallivan/Code/WMKF_Apps/node_modules/jest-circus/build/jestAdapterInit.js:1561:28)
        at new Promise (<anonymous>)
        at callAsyncCircusFn (/Users/gallivan/Code/WMKF_Apps/node_modules/jest-circus/build/jestAdapterInit.js:1501:10)
        at _callCircusTest (/Users/gallivan/Code/WMKF_Apps/node_modules/jest-circus/build/jestAdapterInit.js:1011:40)
        at processTicksAndRejections (node:internal/process/task_queues:104:5)
        at _runTest (/Users/gallivan/Code/WMKF_Apps/node_modules/jest-circus/build/jestAdapterInit.js:951:3)
        at /Users/gallivan/Code/WMKF_Apps/node_modules/jest-circus/build/jestAdapterInit.js:853:7
        at _runTestsForDescribeBlock (/Users/gallivan/Code/WMKF_Apps/node_modules/jest-circus/build/jestAdapterInit.js:866:11)
        at run (/Users/gallivan/Code/WMKF_Apps/node_modules/jest-circus/build/jestAdapterInit.js:765:3)
        at runAndTransformResultsToJestFormat (/Users/gallivan/Code/WMKF_Apps/node_modules/jest-circus/build/jestAdapterInit.js:1993:21)
        at jestAdapter (/Users/gallivan/Code/WMKF_Apps/node_modules/jest-circus/build/runner.js:111:19)
        at runTestInternal (/Users/gallivan/Code/WMKF_Apps/node_modules/jest-runner/build/testWorker.js:276:16)
        at runTest (/Users/gallivan/Code/WMKF_Apps/node_modules/jest-runner/build/testWorker.js:344:7)
        at Object.worker (/Users/gallivan/Code/WMKF_Apps/node_modules/jest-runner/build/testWorker.js:498:12)
      122 |     // closed) → 503; anything else (not-found, read failure) → 404.
      123 |     const status = /UPLOADS_BLOB_RW_TOKEN/.test(e.message || '') ? 503 : 404;
    > 124 |     console.error('[cycle-material] private read failed:', e);
          |             ^
      125 |     return res.status(status).json({ error: 'Failed to read cycle material' });
      126 |   }
      127 |
      at error (pages/api/reviewer-finder/cycle-material.js:124:13)
      at Object.<anonymous> (tests/unit/cycle-material-endpoint.test.js:188:3)
  console.warn
    [reviewer-time-budget] setting 'reviewer.time_budget_seconds' is malformed: 'soon-ish' — falling back to 600s
      73 |       return
      74 |     }
    > 75 |     originalWarn.call(console, ...args)
         |                  ^
      76 |   }
      77 | })
      78 |
      at console.call (jest.setup.js:75:18)
      at warn (lib/services/reviewer-time-budget.js:64:13)
      at Object.<anonymous> (tests/unit/reviewer-time-budget.test.js:53:5)
  console.warn
    [reviewer-time-budget] setting 'reviewer.time_budget_seconds' is malformed: '0' — falling back to 600s
      73 |       return
      74 |     }
    > 75 |     originalWarn.call(console, ...args)
         |                  ^
      76 |   }
      77 | })
      78 |
      at console.call (jest.setup.js:75:18)
      at warn (lib/services/reviewer-time-budget.js:64:13)
      at Object.<anonymous> (tests/unit/reviewer-time-budget.test.js:58:5)
  console.warn
    [reviewer-time-budget] setting 'reviewer.time_budget_seconds' is malformed: '-100' — falling back to 600s
      73 |       return
      74 |     }
    > 75 |     originalWarn.call(console, ...args)
         |                  ^
      76 |   }
      77 | })
      78 |
      at console.call (jest.setup.js:75:18)
      at warn (lib/services/reviewer-time-budget.js:64:13)
      at Object.<anonymous> (tests/unit/reviewer-time-budget.test.js:60:5)
  console.warn
    [reviewer-time-budget] setting 'reviewer.time_budget_seconds' is malformed: 'x' — falling back to 600s
      73 |       return
      74 |     }
    > 75 |     originalWarn.call(console, ...args)
         |                  ^
      76 |   }
      77 | })
      78 |
      at console.call (jest.setup.js:75:18)
      at warn (lib/services/reviewer-time-budget.js:64:13)
      at Object.<anonymous> (tests/unit/reviewer-time-budget.test.js:71:17)
  console.warn
    [reviewer-time-budget] setting 'reviewer.time_budget_seconds' is malformed: '0' — falling back to 600s
      73 |       return
      74 |     }
    > 75 |     originalWarn.call(console, ...args)
         |                  ^
      76 |   }
      77 | })
      78 |
      at console.call (jest.setup.js:75:18)
      at warn (lib/services/reviewer-time-budget.js:64:13)
      at Object.<anonymous> (tests/unit/reviewer-time-budget.test.js:71:17)
  console.warn
    [reviewer-time-budget] setting 'reviewer.time_budget_seconds' is malformed: '-5' — falling back to 600s
      73 |       return
      74 |     }
    > 75 |     originalWarn.call(console, ...args)
         |                  ^
      76 |   }
      77 | })
      78 |
      at console.call (jest.setup.js:75:18)
      at warn (lib/services/reviewer-time-budget.js:64:13)
      at Object.<anonymous> (tests/unit/reviewer-time-budget.test.js:71:17)
  console.warn
    [PromptResolver] Dynamics fetch failed for "phase-i-dynamics-v2" — using bundled fallback. Error: dynamics down
      73 |       return
      74 |     }
    > 75 |     originalWarn.call(console, ...args)
         |                  ^
      76 |   }
      77 | })
      78 |
      at console.call (jest.setup.js:75:18)
      at PromptResolver.warn [as getPrompt] (lib/services/prompt-resolver.js:90:15)
      at Object.<anonymous> (tests/unit/prompt-resolver-service.test.js:60:20)
  console.log
    NotificationService email sent: "test" from alerts@example.org to 1 recipient(s) [category=ops, source=config]
      at NotificationService.log [as sendAdminEmail] (lib/services/notification-service.js:185:13)
  console.log
    NotificationService email sent: "test" from alerts@example.org to 1 recipient(s) [no-category + explicit=1]
      at NotificationService.log [as sendAdminEmail] (lib/services/notification-service.js:185:13)
  console.log
    NotificationService email sent: "test" from alerts@example.org to 3 recipient(s) [category=virus-detection, source=config + explicit=2]
      at NotificationService.log [as sendAdminEmail] (lib/services/notification-service.js:185:13)
  console.log
    NotificationService email sent: "test" from alerts@example.org to 1 recipient(s) [category=virus-detection, source=config]
      at NotificationService.log [as sendAdminEmail] (lib/services/notification-service.js:185:13)
  console.log
    NotificationService.sendAdminEmail skipped (no recipients for category=default, source=roster): "test"
      at NotificationService.log [as sendAdminEmail] (lib/services/notification-service.js:168:15)
  console.log
    NotificationService.sendAdminEmail skipped (no recipients for no-category): "test"
      at NotificationService.log [as sendAdminEmail] (lib/services/notification-service.js:168:15)
  console.log
    NotificationService.sendAdminEmail skipped (no sender configured): "test"
      at NotificationService.log [as sendAdminEmail] (lib/services/notification-service.js:135:15)
  console.error
    [alert-recipients] readConfig failed: Unexpected token 'o', "not-json{" is not valid JSON
      85 |     // resolution to fall through to the superuser-roster fallback rather than
      86 |     // bubble a 500 to the caller.
    > 87 |     console.error('[alert-recipients] readConfig failed:', err.message);
         |             ^
      88 |     return {};
      89 |   }
      90 | }
      at error (lib/services/alert-recipients.js:87:13)
      at Object.resolveRecipients (lib/services/alert-recipients.js:129:41)
      at Object.<anonymous> (tests/unit/alert-recipients.test.js:145:15)
  console.warn
    [reviewer-prompt-resolver] ignoring invalid per-user override for "reviewer-finder.analyze": Missing required placeholder {{proposal_text}} — the proposal/candidate data is injected there.; Missing required output label "PRIMARY_RESEARCH_AREA:" — removing it breaks result parsing.; Missing required output label "SECONDARY_AREAS:" — removing it breaks result parsing.; Missing required output label "KEY_METHODOLOGIES:" — removing it breaks result parsing.; Missing required output label "KEYWORDS:" — removing it breaks result parsing.; Missing required output label "REVIEWER:" — removing it breaks result parsing.; Missing required output label "NAME:" — removing it breaks result parsing.; Missing required output label "INSTITUTION:" — removing it breaks result parsing.; Missing required output label "EXPERTISE:" — removing it breaks result parsing.; Missing required output label "SENIORITY:" — removing it breaks result parsing.; Missing required output label "REASONING:" — removing it breaks result parsing.; Missing required output label "SOURCE:" — removing it breaks result parsing.
      73 |       return
      74 |     }
    > 75 |     originalWarn.call(console, ...args)
         |                  ^
      76 |   }
      77 | })
      78 |
      at console.call (jest.setup.js:75:18)
      at warn (lib/services/reviewer-prompt-resolver.js:124:13)
      at Object.<anonymous> (tests/unit/reviewer-prompt-resolver.test.js:90:15)
  console.error
    [reviewer-prompt-resolver] Dataverse current body for "reviewer-finder.analyze" (v9) failed validation; using code fallback: Missing required placeholder {{proposal_text}} — the proposal/candidate data is injected there.; Missing required output label "PRIMARY_RESEARCH_AREA:" — removing it breaks result parsing.; Missing required output label "SECONDARY_AREAS:" — removing it breaks result parsing.; Missing required output label "KEY_METHODOLOGIES:" — removing it breaks result parsing.; Missing required output label "KEYWORDS:" — removing it breaks result parsing.; Missing required output label "REVIEWER:" — removing it breaks result parsing.; Missing required output label "NAME:" — removing it breaks result parsing.; Missing required output label "INSTITUTION:" — removing it breaks result parsing.; Missing required output label "EXPERTISE:" — removing it breaks result parsing.; Missing required output label "SENIORITY:" — removing it breaks result parsing.; Missing required output label "REASONING:" — removing it breaks result parsing.; Missing required output label "SOURCE:" — removing it breaks result parsing.
      143 |       };
      144 |     }
    > 145 |     console.error(`[reviewer-prompt-resolver] Dataverse current body for "${promptName}" (v${currentVersion}) failed validation; using code fallback: ${v.issues.join('; ')}`);
          |             ^
      146 |     return {
      147 |       body: CODE_FALLBACK_BODIES[promptName],
      148 |       source: 'code-fallback',
      at error (lib/services/reviewer-prompt-resolver.js:145:13)
      at Object.<anonymous> (tests/unit/reviewer-prompt-resolver.test.js:98:15)
  console.error
    [review-manager regenerate-token] draft cleanup failed (non-fatal): kv down
      86 |     await ReviewDraftService.deleteBySuggestion(suggestionId);
      87 |   } catch (e) {
    > 88 |     console.error('[review-manager regenerate-token] draft cleanup failed (non-fatal):', e.message);
         |             ^
      89 |   }
      90 |
      91 |   return {
      at error (lib/services/review-manager/regenerate-token-service.js:88:13)
      at Object.<anonymous> (tests/unit/regenerate-token-service.test.js:54:15)
  console.error
    [review-upload] cloudmersive scan failed for review.pdf: {
      serviceName: 'cloudmersive',
      status: 401,
      isTransient: false,
      noResponse: undefined,
      causeKind: undefined,
      message: 'cloudmersive failed (401): "bad key"'
    }
      376 |       // Log server-side so an operator can triage. Don't leak err.message
      377 |       // to the client; the endpoint caller returns a generic message.
    > 378 |       console.error(
          |               ^
      379 |         `[review-upload] cloudmersive scan failed for ${file.filename}:`,
      380 |         {
      381 |           serviceName: err?.serviceName,
      at error (lib/services/review-upload.js:378:15)
      at writeReviewFiles (lib/services/review-upload.js:132:25)
      at Object.<anonymous> (tests/unit/review-upload.test.js:669:15)
  console.error
    [grantee-deliverables/cycle-export] query failed: Error: dataverse down
        at Object.<anonymous> (/Users/gallivan/Code/WMKF_Apps/tests/unit/grantee-cycle-export-route.test.js:96:53)
        at Promise.finally.completed (/Users/gallivan/Code/WMKF_Apps/node_modules/jest-circus/build/jestAdapterInit.js:1561:28)
        at new Promise (<anonymous>)
        at callAsyncCircusFn (/Users/gallivan/Code/WMKF_Apps/node_modules/jest-circus/build/jestAdapterInit.js:1501:10)
        at _callCircusTest (/Users/gallivan/Code/WMKF_Apps/node_modules/jest-circus/build/jestAdapterInit.js:1011:40)
        at processTicksAndRejections (node:internal/process/task_queues:104:5)
        at _runTest (/Users/gallivan/Code/WMKF_Apps/node_modules/jest-circus/build/jestAdapterInit.js:951:3)
        at /Users/gallivan/Code/WMKF_Apps/node_modules/jest-circus/build/jestAdapterInit.js:853:7
        at _runTestsForDescribeBlock (/Users/gallivan/Code/WMKF_Apps/node_modules/jest-circus/build/jestAdapterInit.js:866:11)
        at run (/Users/gallivan/Code/WMKF_Apps/node_modules/jest-circus/build/jestAdapterInit.js:765:3)
        at runAndTransformResultsToJestFormat (/Users/gallivan/Code/WMKF_Apps/node_modules/jest-circus/build/jestAdapterInit.js:1993:21)
        at jestAdapter (/Users/gallivan/Code/WMKF_Apps/node_modules/jest-circus/build/runner.js:111:19)
        at runTestInternal (/Users/gallivan/Code/WMKF_Apps/node_modules/jest-runner/build/testWorker.js:276:16)
        at runTest (/Users/gallivan/Code/WMKF_Apps/node_modules/jest-runner/build/testWorker.js:344:7)
        at Object.worker (/Users/gallivan/Code/WMKF_Apps/node_modules/jest-runner/build/testWorker.js:498:12)
      88 |       capped = Boolean(queryCapped);
      89 |     } catch (error) {
    > 90 |       console.error('[grantee-deliverables/cycle-export] query failed:', error);
         |               ^
      91 |       return res.status(503).json({ error: 'Awardee query failed.', cycleCode });
      92 |     }
      93 |
      at error (pages/api/workbench/grantee-deliverables/cycle-export.js:90:15)
      at Object.<anonymous> (tests/unit/grantee-cycle-export-route.test.js:98:3)
  console.warn
    [DynExp taxonomy] Dropping akoya_programs label with control characters
      73 |       return
      74 |     }
    > 75 |     originalWarn.call(console, ...args)
         |                  ^
      76 |   }
      77 | })
      78 |
      at console.call (jest.setup.js:75:18)
      at warn (lib/services/dynamics-explorer-taxonomy.js:82:13)
      at sanitizeLabel (lib/services/dynamics-explorer-taxonomy.js:106:21)
      at addRow (lib/services/dynamics-explorer-taxonomy.js:125:7)
      at appendRowsForSource (lib/services/dynamics-explorer-taxonomy.js:157:5)
      at Object.<anonymous> (tests/unit/dynamics-explorer-taxonomy.test.js:106:19)
  console.warn
    [DynExp taxonomy] Dropping wmkf_grantprograms.Research: malformed value
      73 |       return
      74 |     }
    > 75 |     originalWarn.call(console, ...args)
         |                  ^
      76 |   }
      77 | })
      78 |
      at console.call (jest.setup.js:75:18)
      at warn (lib/services/dynamics-explorer-taxonomy.js:115:13)
      at addRow (lib/services/dynamics-explorer-taxonomy.js:129:7)
      at appendRowsForSource (lib/services/dynamics-explorer-taxonomy.js:157:5)
      at Object.<anonymous> (tests/unit/dynamics-explorer-taxonomy.test.js:127:19)
  console.warn
    [DynExp taxonomy] Dropping wmkf_grantprograms.Southern California: malformed value
      73 |       return
      74 |     }
    > 75 |     originalWarn.call(console, ...args)
         |                  ^
      76 |   }
      77 | })
      78 |
      at console.call (jest.setup.js:75:18)
      at warn (lib/services/dynamics-explorer-taxonomy.js:115:13)
      at addRow (lib/services/dynamics-explorer-taxonomy.js:129:7)
      at appendRowsForSource (lib/services/dynamics-explorer-taxonomy.js:157:5)
      at Object.<anonymous> (tests/unit/dynamics-explorer-taxonomy.test.js:127:19)
  console.warn
    [DynExp taxonomy] Dropping wmkf_types.Program: malformed value
      73 |       return
      74 |     }
    > 75 |     originalWarn.call(console, ...args)
         |                  ^
      76 |   }
      77 | })
      78 |
      at console.call (jest.setup.js:75:18)
      at warn (lib/services/dynamics-explorer-taxonomy.js:115:13)
      at addRow (lib/services/dynamics-explorer-taxonomy.js:133:7)
      at appendRowsForSource (lib/services/dynamics-explorer-taxonomy.js:157:5)
      at Object.<anonymous> (tests/unit/dynamics-explorer-taxonomy.test.js:127:19)
  console.warn
    [program-director-resolver] PD email lookup failed for request aaaaaaaa-aaaa-aaaa-aaaa-aaaaaaaaaaaa: boom
      73 |       return
      74 |     }
    > 75 |     originalWarn.call(console, ...args)
         |                  ^
      76 |   }
      77 | })
      78 |
      at console.call (jest.setup.js:75:18)
      at warn (lib/services/program-director-resolver.js:106:13)
      at Object.<anonymous> (tests/unit/program-director-resolver.test.js:55:17)
  console.error
    [grantee-deliverables/website-html] error: Error: boom
        at Object.<anonymous> (/Users/gallivan/Code/WMKF_Apps/tests/unit/grantee-website-html-route.test.js:83:45)
        at Promise.finally.completed (/Users/gallivan/Code/WMKF_Apps/node_modules/jest-circus/build/jestAdapterInit.js:1561:28)
        at new Promise (<anonymous>)
        at callAsyncCircusFn (/Users/gallivan/Code/WMKF_Apps/node_modules/jest-circus/build/jestAdapterInit.js:1501:10)
        at _callCircusTest (/Users/gallivan/Code/WMKF_Apps/node_modules/jest-circus/build/jestAdapterInit.js:1011:40)
        at processTicksAndRejections (node:internal/process/task_queues:104:5)
        at _runTest (/Users/gallivan/Code/WMKF_Apps/node_modules/jest-circus/build/jestAdapterInit.js:951:3)
        at /Users/gallivan/Code/WMKF_Apps/node_modules/jest-circus/build/jestAdapterInit.js:853:7
        at _runTestsForDescribeBlock (/Users/gallivan/Code/WMKF_Apps/node_modules/jest-circus/build/jestAdapterInit.js:866:11)
        at run (/Users/gallivan/Code/WMKF_Apps/node_modules/jest-circus/build/jestAdapterInit.js:765:3)
        at runAndTransformResultsToJestFormat (/Users/gallivan/Code/WMKF_Apps/node_modules/jest-circus/build/jestAdapterInit.js:1993:21)
        at jestAdapter (/Users/gallivan/Code/WMKF_Apps/node_modules/jest-circus/build/runner.js:111:19)
        at runTestInternal (/Users/gallivan/Code/WMKF_Apps/node_modules/jest-runner/build/testWorker.js:276:16)
        at runTest (/Users/gallivan/Code/WMKF_Apps/node_modules/jest-runner/build/testWorker.js:344:7)
        at Object.worker (/Users/gallivan/Code/WMKF_Apps/node_modules/jest-runner/build/testWorker.js:498:12)
      50 |       return res.status(200).json({ requestId: model.requestId, requestNumber: model.requestNumber, html });
      51 |     } catch (error) {
    > 52 |       console.error('[grantee-deliverables/website-html] error:', error);
         |               ^
      53 |       return res.status(500).json({ error: 'Failed to assemble website HTML.' });
      54 |     }
      55 |   });
      at error (pages/api/workbench/grantee-deliverables/website-html.js:52:15)
  console.log
    Process Expenses API called: 2026-07-05T09:31:11.019Z
      at log (pages/api/process-expenses.js:124:11)
  console.log
    Processing 1 files
      at log (pages/api/process-expenses.js:160:13)
  console.log
    Process Expenses API called: 2026-07-05T09:31:11.023Z
      at log (pages/api/process-expenses.js:124:11)
  console.log
    Processing 1 files
      at log (pages/api/process-expenses.js:160:13)
Test Suites: 369 passed, 369 total
Tests:       4274 passed, 4274 total
Snapshots:   0 total
Time:        9.358 s, estimated 10 s
Ran all test suites.
